U O V pwdata SIZE=32
U O V paddr SIZE=20
U O S pwrite
U O S penable
U O S psel
U O V _zzM3_bcBehEval SIZE=32
U O S _zyresponse_L64_tfiV5_M3_pbcG5
U O S _zyresponse_L97_tfiV2_M3_pbcG2
U O V _zydata_L96_tfiV1_M3_pbcG1 SIZE=32
U O V bus_timer SIZE=8
V O S _zyM3L61_pbcEn11
U O V _zyM3L61_pbcFsm2_s SIZE=3
U O S _zyM3L90_pbcCapEn8
U O S _zyM3L79_pbcCapEn7
U O S _zyM3L73_pbcCapEn6
U O S _zyM3L61_pbcCapEn5
V O V _zydata_L63_tfiV4_M3_pbcG4 SIZE=32
V O V _zyaddr_L62_tfiV3_M3_pbcG3 SIZE=64
V O S _zyL61_iscX2c0_o2
U O S _zyL61_iscX2c0_n
V O S _zyL61_iscX2c0_f
V O S _zyM3L94_pbcEn10
U O V _zyM3L94_pbcFsm0_s SIZE=3
U O S _zyM3L121_pbcCapEn3
U O S _zyM3L110_pbcCapEn2
U O S _zyM3L104_pbcCapEn1
U O S _zyM3L94_pbcCapEn0
V O V _zyaddr_L95_tfiV0_M3_pbcG0 SIZE=64
V O S _zyL94_iscX1c0_o2
V O V _zyL94_iscX1c0_o1 SIZE=32
U O S _zyL94_iscX1c0_n
V O S _zyL94_iscX1c0_f
P O ixc_mevClk_2_0_0_1_0_2 _zzM3L94_pbcMevClk4 ./xc_work/xc_vawork/IXCOM_TEMP_LIBRARY/ixc_mevclk_2_0_0_1_0_2
P O ixc_mevClk_2_0_0_1_0_2 _zzM3L61_pbcMevClk9 ./xc_work/xc_vawork/IXCOM_TEMP_LIBRARY/ixc_mevclk_2_0_0_1_0_2
P O ixc_sample_logic _zzpready_M3L25_bcSp0 ./xc_work/xc_vawork/IXCOM_TEMP_LIBRARY/ixc_sample_logic
P O ixc_sample_logic_32 _zzprdata_M3L24_bcSp1 ./xc_work/xc_vawork/IXCOM_TEMP_LIBRARY/ixc_sample_logic_32
P O ixc_sample_logic _zzpslverr_M3L26_bcSp2 ./xc_work/xc_vawork/IXCOM_TEMP_LIBRARY/ixc_sample_logic
P O ixc_nba2BpD _zzM3L46_bcP0_DOnP ./xc_work/xc_vawork/IXCOM_TEMP_LIBRARY/ixc_nba2bpd
P O ixc_nba2BpD _zzM3L94_bcP1_DOnP ./xc_work/xc_vawork/IXCOM_TEMP_LIBRARY/ixc_nba2bpd
P O ixc_nba2BpD _zzM3L61_bcP2_DOnP ./xc_work/xc_vawork/IXCOM_TEMP_LIBRARY/ixc_nba2bpd
P O ixc_sampleLT_8 _zzbus_timer_M3L29_bcSpLt7 ./xc_work/xc_vawork/IXCOM_TEMP_LIBRARY/ixc_samplelt_8
P O ixc_sampleLT_32 _zz_zydata_L96_tfiV1_M3_pbcG1_M3_bcSpLt8 ./xc_work/xc_vawork/IXCOM_TEMP_LIBRARY/ixc_samplelt_32
P O ixc_sampleLT _zz_zyresponse_L97_tfiV2_M3_pbcG2_M3_bcSpLt9 ./xc_work/xc_vawork/IXCOM_TEMP_LIBRARY/ixc_samplelt
P O ixc_sampleLT _zz_zyresponse_L64_tfiV5_M3_pbcG5_M3_bcSpLt10 ./xc_work/xc_vawork/IXCOM_TEMP_LIBRARY/ixc_samplelt
P O ixc_capLoopXp _zzM3L10_bcBehEvalP0 ./xc_work/xc_vawork/IXCOM_TEMP_LIBRARY/ixc_caploopxp
P O ixc_mdrOn _zzM3L46_mdxP0_OnP ./xc_work/xc_vawork/IXCOM_TEMP_LIBRARY/ixc_mdron
P O ixc_mdrOn _zzM3L94_mdxP1_OnP ./xc_work/xc_vawork/IXCOM_TEMP_LIBRARY/ixc_mdron
P O ixc_mdrOn _zzM3L61_mdxP2_OnP ./xc_work/xc_vawork/IXCOM_TEMP_LIBRARY/ixc_mdron
P O ixc_sampleLT _zzpsel_M3L19_mdxSpLt5 ./xc_work/xc_vawork/IXCOM_TEMP_LIBRARY/ixc_samplelt
P O ixc_sampleLT _zzpenable_M3L20_mdxSpLt6 ./xc_work/xc_vawork/IXCOM_TEMP_LIBRARY/ixc_samplelt
P O ixc_sampleLT _zzpwrite_M3L23_mdxSpLt7 ./xc_work/xc_vawork/IXCOM_TEMP_LIBRARY/ixc_samplelt
P O ixc_sampleLT_20 _zzpaddr_M3L21_mdxSpLt8 ./xc_work/xc_vawork/IXCOM_TEMP_LIBRARY/ixc_samplelt_20
P O ixc_sampleLT_32 _zzpwdata_M3L22_mdxSpLt9 ./xc_work/xc_vawork/IXCOM_TEMP_LIBRARY/ixc_samplelt_32
