DUMMY0 0_zy_simnet_psel_0_w$
DUMMY1 0_zy_simnet_penable_1_w$
DUMMY2 1_zy_simnet_paddr_2_w$ 0 19
DUMMY3 1_zy_simnet_pwdata_3_w$ 0 31
DUMMY4 0_zy_simnet_pwrite_4_w$
DUMMY5 0{}
DUMMY6 0{}
DUMMY7 0{}
DUMMY8 0{}
DUMMY9 0{}
DUMMY10 0{}
_zyaddr_L95_tfiV0_M3_pbcG0_DUMMY0 0_zyaddr_L95_tfiV0_M3_pbcG0
_zyM3L94_pbcEn10_DUMMY1 0_zyM3L94_pbcEn10
_zyaddr_L62_tfiV3_M3_pbcG3_DUMMY2 0_zyaddr_L62_tfiV3_M3_pbcG3
_zydata_L63_tfiV4_M3_pbcG4_DUMMY3 0_zydata_L63_tfiV4_M3_pbcG4
_zyM3L61_pbcEn11_DUMMY4 0_zyM3L61_pbcEn11
_zzM3L29_bus_timer_nbaTmp3_DUMMY5 0_zzM3L29_bus_timer_nbaTmp3
_zzM3L46_bcP0_bus_timer_DwenOn0_DUMMY6 0_zzM3L46_bcP0_bus_timer_DwenOn0
_zzM3L94_bcP1_bus_timer_DwenOn0_DUMMY7 0_zzM3L94_bcP1_bus_timer_DwenOn0
_zzM3L61_bcP2_bus_timer_DwenOn0_DUMMY8 0_zzM3L61_bcP2_bus_timer_DwenOn0
_zzM3L96__zydata_L96_tfiV1_M3_pbcG1_nbaTmp4_DUMMY9 0_zzM3L96__zydata_L96_tfiV1_M3_pbcG1_nbaTmp4
_zzM3L94_bcP1__zydata_L96_tfiV1_M3_pbcG1_DwenOn1_DUMMY10 0_zzM3L94_bcP1__zydata_L96_tfiV1_M3_pbcG1_DwenOn1
_zzM3L97__zyresponse_L97_tfiV2_M3_pbcG2_nbaTmp5_DUMMY11 0_zzM3L97__zyresponse_L97_tfiV2_M3_pbcG2_nbaTmp5
_zzM3L94_bcP1__zyresponse_L97_tfiV2_M3_pbcG2_DwenOn2_DUMMY12 0_zzM3L94_bcP1__zyresponse_L97_tfiV2_M3_pbcG2_DwenOn2
_zzM3L64__zyresponse_L64_tfiV5_M3_pbcG5_nbaTmp6_DUMMY13 0_zzM3L64__zyresponse_L64_tfiV5_M3_pbcG5_nbaTmp6
_zzM3L61_bcP2__zyresponse_L64_tfiV5_M3_pbcG5_DwenOn1_DUMMY14 0_zzM3L61_bcP2__zyresponse_L64_tfiV5_M3_pbcG5_DwenOn1
_zzM3L19_psel_mdxTmp0_DUMMY15 0_zzM3L19_psel_mdxTmp0
_zzM3L46_mdxP0_psel_DwenOn0_DUMMY16 0_zzM3L46_mdxP0_psel_DwenOn0
_zzM3L94_mdxP1_psel_DwenOn0_DUMMY17 0_zzM3L94_mdxP1_psel_DwenOn0
_zzM3L61_mdxP2_psel_DwenOn0_DUMMY18 0_zzM3L61_mdxP2_psel_DwenOn0
_zzM3L20_penable_mdxTmp1_DUMMY19 0_zzM3L20_penable_mdxTmp1
_zzM3L46_mdxP0_penable_DwenOn1_DUMMY20 0_zzM3L46_mdxP0_penable_DwenOn1
_zzM3L94_mdxP1_penable_DwenOn1_DUMMY21 0_zzM3L94_mdxP1_penable_DwenOn1
_zzM3L61_mdxP2_penable_DwenOn1_DUMMY22 0_zzM3L61_mdxP2_penable_DwenOn1
_zzM3L23_pwrite_mdxTmp2_DUMMY23 0_zzM3L23_pwrite_mdxTmp2
_zzM3L46_mdxP0_pwrite_DwenOn2_DUMMY24 0_zzM3L46_mdxP0_pwrite_DwenOn2
_zzM3L94_mdxP1_pwrite_DwenOn2_DUMMY25 0_zzM3L94_mdxP1_pwrite_DwenOn2
_zzM3L61_mdxP2_pwrite_DwenOn2_DUMMY26 0_zzM3L61_mdxP2_pwrite_DwenOn2
_zzM3L21_paddr_mdxTmp3_DUMMY27 0_zzM3L21_paddr_mdxTmp3
_zzM3L46_mdxP0_paddr_DwenOn3_DUMMY28 0_zzM3L46_mdxP0_paddr_DwenOn3
_zzM3L94_mdxP1_paddr_DwenOn3_DUMMY29 0_zzM3L94_mdxP1_paddr_DwenOn3
_zzM3L61_mdxP2_paddr_DwenOn3_DUMMY30 0_zzM3L61_mdxP2_paddr_DwenOn3
_zzM3L22_pwdata_mdxTmp4_DUMMY31 0_zzM3L22_pwdata_mdxTmp4
_zzM3L46_mdxP0_pwdata_DwenOn4_DUMMY32 0_zzM3L46_mdxP0_pwdata_DwenOn4
_zzM3L61_mdxP2_pwdata_DwenOn4_DUMMY33 0_zzM3L61_mdxP2_pwdata_DwenOn4
