DUMMY0 0_zy_simnet_psel_0_w$
DUMMY1 0_zy_simnet_penable_1_w$
DUMMY2 1_zy_simnet_paddr_2_w$ 0 19
DUMMY3 1_zy_simnet_pwdata_3_w$ 0 31
DUMMY4 0_zy_simnet_pwrite_4_w$
DUMMY5 0{}
DUMMY6 0{}
DUMMY7 0{}
DUMMY8 0{}
DUMMY9 0{}
DUMMY10 0{}
DUMMY11 0{}
DUMMY12 0{}
DUMMY13 0{}
_zyaddr_L49_tfiV0_M2_pbcG0_DUMMY0 0_zyaddr_L49_tfiV0_M2_pbcG0
_zydata_L50_tfiV1_M2_pbcG1_DUMMY1 0_zydata_L50_tfiV1_M2_pbcG1
_zyM2L48_pbcEn10_DUMMY2 0_zyM2L48_pbcEn10
_zyaddr_L82_tfiV3_M2_pbcG3_DUMMY3 0_zyaddr_L82_tfiV3_M2_pbcG3
_zyM2L81_pbcEn11_DUMMY4 0_zyM2L81_pbcEn11
_zzM2L19_psel_mdxTmp0_DUMMY5 0_zzM2L19_psel_mdxTmp0
_zzM2L33_mdxP0_psel_DwenOn0_DUMMY6 0_zzM2L33_mdxP0_psel_DwenOn0
_zzM2L48_mdxP1_psel_DwenOn0_DUMMY7 0_zzM2L48_mdxP1_psel_DwenOn0
_zzM2L81_mdxP2_psel_DwenOn0_DUMMY8 0_zzM2L81_mdxP2_psel_DwenOn0
_zzM2L20_penable_mdxTmp1_DUMMY9 0_zzM2L20_penable_mdxTmp1
_zzM2L33_mdxP0_penable_DwenOn1_DUMMY10 0_zzM2L33_mdxP0_penable_DwenOn1
_zzM2L48_mdxP1_penable_DwenOn1_DUMMY11 0_zzM2L48_mdxP1_penable_DwenOn1
_zzM2L81_mdxP2_penable_DwenOn1_DUMMY12 0_zzM2L81_mdxP2_penable_DwenOn1
_zzM2L23_pwrite_mdxTmp2_DUMMY13 0_zzM2L23_pwrite_mdxTmp2
_zzM2L33_mdxP0_pwrite_DwenOn2_DUMMY14 0_zzM2L33_mdxP0_pwrite_DwenOn2
_zzM2L48_mdxP1_pwrite_DwenOn2_DUMMY15 0_zzM2L48_mdxP1_pwrite_DwenOn2
_zzM2L81_mdxP2_pwrite_DwenOn2_DUMMY16 0_zzM2L81_mdxP2_pwrite_DwenOn2
_zzM2L21_paddr_mdxTmp3_DUMMY17 0_zzM2L21_paddr_mdxTmp3
_zzM2L33_mdxP0_paddr_DwenOn3_DUMMY18 0_zzM2L33_mdxP0_paddr_DwenOn3
_zzM2L48_mdxP1_paddr_DwenOn3_DUMMY19 0_zzM2L48_mdxP1_paddr_DwenOn3
_zzM2L81_mdxP2_paddr_DwenOn3_DUMMY20 0_zzM2L81_mdxP2_paddr_DwenOn3
_zzM2L22_pwdata_mdxTmp4_DUMMY21 0_zzM2L22_pwdata_mdxTmp4
_zzM2L33_mdxP0_pwdata_DwenOn4_DUMMY22 0_zzM2L33_mdxP0_pwdata_DwenOn4
_zzM2L48_mdxP1_pwdata_DwenOn4_DUMMY23 0_zzM2L48_mdxP1_pwdata_DwenOn4
_zzM2L29_bus_timer_mdxTmp5_DUMMY24 0_zzM2L29_bus_timer_mdxTmp5
_zzM2L33_mdxP0_bus_timer_DwenOn5_DUMMY25 0_zzM2L33_mdxP0_bus_timer_DwenOn5
_zzM2L48_mdxP1_bus_timer_DwenOn5_DUMMY26 0_zzM2L48_mdxP1_bus_timer_DwenOn5
_zzM2L81_mdxP2_bus_timer_DwenOn4_DUMMY27 0_zzM2L81_mdxP2_bus_timer_DwenOn4
