V O V skip SIZE=7
V O V int_tlv_counter SIZE=6
V O S key_blob_region
V O V fifo_in SIZE=71
V O V _zyL570_tfiRv86 SIZE=64
V O V _zyL569_tfiRv85 SIZE=64
V O V _zyL556_tfiRv84 SIZE=64
V O V _zyL555_tfiRv83 SIZE=64
V O V _zyL542_tfiRv82 SIZE=64
V O V _zyL541_tfiRv81 SIZE=64
V O V _zyL527_tfiRv80 SIZE=64
V O V _zyL526_tfiRv79 SIZE=64
V O S _zyL492_tfiRv78
V O S _zyL489_tfiRv77
V O S _zyL489_tfiRv76
V O S _zyL486_tfiRv75
V O S _zyL485_tfiRv74
V O V _zyL410_tfiRv73 SIZE=64
V O V _zyL395_tfiRv72 SIZE=64
V O V _zyL390_tfiRv71 SIZE=64
V O V _zyL382_tfiRv70 SIZE=64
V O V _zyL373_tfiRv69 SIZE=64
V O V _zyL368_tfiRv68 SIZE=64
V O V _zyL359_tfiRv67 SIZE=64
V O V _zyL354_tfiRv66 SIZE=64
V O V _zyL346_tfiRv65 SIZE=64
V O V _zyL337_tfiRv64 SIZE=64
V O V _zyL327_tfiRv63 SIZE=64
V O V _zyL321_tfiRv62 SIZE=64
V O V _zyL313_tfiRv61 SIZE=64
V O V _zyL306_tfiRv60 SIZE=64
V O V _zyL301_tfiRv59 SIZE=64
V O V _zyL293_tfiRv58 SIZE=64
V O V _zyL288_tfiRv57 SIZE=64
V O S _zyL255_tfiRv56
V O S _zyL254_tfiRv55
V O S _zyL253_tfiRv54
V O S _zyL252_tfiRv53
V O V _zyL234_tfiRv52 SIZE=64
V O V buffer SIZE=32
V O V iv1 SIZE=64
V O V iv0 SIZE=64
V O V guid3 SIZE=64
V O V guid2 SIZE=64
V O V guid1 SIZE=64
V O V guid0 SIZE=64
V O V aux_key_header SIZE=32
V O V debug_cmd SIZE=32
V O V aux_raw_auth_op SIZE=4
V O V aux_auth_op SIZE=4
V O V aux_cipher_op SIZE=4
V O V aux_iv_op SIZE=2
V O V aux_key_type SIZE=6
V O V tlv_type SIZE=8
V O V kme_internal_dak_kim_word SIZE=64
V O V kme_internal_dek_kim_word SIZE=64
V O V kme_internal_word0 SIZE=64
V O V tlv_counter SIZE=5
U O V _zy_sva_hmac_null_178_cpass
U O V _zy_sva_hmac_null_178_ccheck
U O V _zy_sva_hmac_xts_177_cpass
U O V _zy_sva_hmac_xts_177_ccheck
U O V _zy_sva_hmac_gcm_176_cpass
U O V _zy_sva_hmac_gcm_176_ccheck
U O V _zy_sva_sha_null_175_cpass
U O V _zy_sva_sha_null_175_ccheck
U O V _zy_sva_null_null_174_cpass
U O V _zy_sva_null_null_174_ccheck
U O V _zy_sva_sha_xts_173_cpass
U O V _zy_sva_sha_xts_173_ccheck
U O V _zy_sva_null_xts_172_cpass
U O V _zy_sva_null_xts_172_ccheck
U O V _zy_sva_sha_gcm_171_cpass
U O V _zy_sva_sha_gcm_171_ccheck
U O V _zy_sva_null_gcm_170_cpass
U O V _zy_sva_null_gcm_170_ccheck
U O V _zy_sva_hmac_null_169_cpass
U O V _zy_sva_hmac_null_169_ccheck
U O V _zy_sva_hmac_xts_168_cpass
U O V _zy_sva_hmac_xts_168_ccheck
U O V _zy_sva_hmac_gcm_167_cpass
U O V _zy_sva_hmac_gcm_167_ccheck
U O V _zy_sva_sha_null_166_cpass
U O V _zy_sva_sha_null_166_ccheck
U O V _zy_sva_null_null_165_cpass
U O V _zy_sva_null_null_165_ccheck
U O V _zy_sva_sha_xts_164_cpass
U O V _zy_sva_sha_xts_164_ccheck
U O V _zy_sva_null_xts_163_cpass
U O V _zy_sva_null_xts_163_ccheck
U O V _zy_sva_sha_gcm_162_cpass
U O V _zy_sva_sha_gcm_162_ccheck
U O V _zy_sva_null_gcm_161_cpass
U O V _zy_sva_null_gcm_161_ccheck
U O V _zy_sva_hmac_null_160_cpass
U O V _zy_sva_hmac_null_160_ccheck
U O V _zy_sva_hmac_xts_159_cpass
U O V _zy_sva_hmac_xts_159_ccheck
U O V _zy_sva_hmac_gcm_158_cpass
U O V _zy_sva_hmac_gcm_158_ccheck
U O V _zy_sva_sha_null_157_cpass
U O V _zy_sva_sha_null_157_ccheck
U O V _zy_sva_null_null_156_cpass
U O V _zy_sva_null_null_156_ccheck
U O V _zy_sva_sha_xts_155_cpass
U O V _zy_sva_sha_xts_155_ccheck
U O V _zy_sva_null_xts_154_cpass
U O V _zy_sva_null_xts_154_ccheck
U O V _zy_sva_sha_gcm_153_cpass
U O V _zy_sva_sha_gcm_153_ccheck
U O V _zy_sva_null_gcm_152_cpass
U O V _zy_sva_null_gcm_152_ccheck
U O V _zy_sva_hmac_null_151_cpass
U O V _zy_sva_hmac_null_151_ccheck
U O V _zy_sva_hmac_xts_150_cpass
U O V _zy_sva_hmac_xts_150_ccheck
U O V _zy_sva_hmac_gcm_149_cpass
U O V _zy_sva_hmac_gcm_149_ccheck
U O V _zy_sva_sha_null_148_cpass
U O V _zy_sva_sha_null_148_ccheck
U O V _zy_sva_null_null_147_cpass
U O V _zy_sva_null_null_147_ccheck
U O V _zy_sva_sha_xts_146_cpass
U O V _zy_sva_sha_xts_146_ccheck
U O V _zy_sva_null_xts_145_cpass
U O V _zy_sva_null_xts_145_ccheck
U O V _zy_sva_sha_gcm_144_cpass
U O V _zy_sva_sha_gcm_144_ccheck
U O V _zy_sva_null_gcm_143_cpass
U O V _zy_sva_null_gcm_143_ccheck
U O V _zy_sva_hmac_null_142_cpass
U O V _zy_sva_hmac_null_142_ccheck
U O V _zy_sva_hmac_xts_141_cpass
U O V _zy_sva_hmac_xts_141_ccheck
U O V _zy_sva_hmac_gcm_140_cpass
U O V _zy_sva_hmac_gcm_140_ccheck
U O V _zy_sva_sha_null_139_cpass
U O V _zy_sva_sha_null_139_ccheck
U O V _zy_sva_null_null_138_cpass
U O V _zy_sva_null_null_138_ccheck
U O V _zy_sva_sha_xts_137_cpass
U O V _zy_sva_sha_xts_137_ccheck
U O V _zy_sva_null_xts_136_cpass
U O V _zy_sva_null_xts_136_ccheck
U O V _zy_sva_sha_gcm_135_cpass
U O V _zy_sva_sha_gcm_135_ccheck
U O V _zy_sva_null_gcm_134_cpass
U O V _zy_sva_null_gcm_134_ccheck
U O V _zy_sva_hmac_null_133_cpass
U O V _zy_sva_hmac_null_133_ccheck
U O V _zy_sva_hmac_xts_132_cpass
U O V _zy_sva_hmac_xts_132_ccheck
U O V _zy_sva_hmac_gcm_131_cpass
U O V _zy_sva_hmac_gcm_131_ccheck
U O V _zy_sva_sha_null_130_cpass
U O V _zy_sva_sha_null_130_ccheck
U O V _zy_sva_null_null_129_cpass
U O V _zy_sva_null_null_129_ccheck
U O V _zy_sva_sha_xts_128_cpass
U O V _zy_sva_sha_xts_128_ccheck
U O V _zy_sva_null_xts_127_cpass
U O V _zy_sva_null_xts_127_ccheck
U O V _zy_sva_sha_gcm_126_cpass
U O V _zy_sva_sha_gcm_126_ccheck
U O V _zy_sva_null_gcm_125_cpass
U O V _zy_sva_null_gcm_125_ccheck
U O V _zy_sva_brcm_kdf_ops_124_cpass
U O V _zy_sva_brcm_kdf_ops_124_ccheck
U O V _zy_sva_brcm_kdf_ops_123_cpass
U O V _zy_sva_brcm_kdf_ops_123_ccheck
U O V _zy_sva_brcm_kdf_ops_122_cpass
U O V _zy_sva_brcm_kdf_ops_122_ccheck
U O V _zy_sva_brcm_kdf_ops_121_cpass
U O V _zy_sva_brcm_kdf_ops_121_ccheck
U O V _zy_sva_brcm_kdf_ops_120_cpass
U O V _zy_sva_brcm_kdf_ops_120_ccheck
U O V _zy_sva_brcm_kdf_ops_119_cpass
U O V _zy_sva_brcm_kdf_ops_119_ccheck
U O V _zy_sva_brcm_kdf_ops_118_cpass
U O V _zy_sva_brcm_kdf_ops_118_ccheck
U O V _zy_sva_brcm_kdf_ops_117_cpass
U O V _zy_sva_brcm_kdf_ops_117_ccheck
U O V _zy_sva_brcm_kdf_ops_116_cpass
U O V _zy_sva_brcm_kdf_ops_116_ccheck
U O V _zy_sva_brcm_kdf_ops_115_cpass
U O V _zy_sva_brcm_kdf_ops_115_ccheck
U O V _zy_sva_brcm_kdf_ops_114_cpass
U O V _zy_sva_brcm_kdf_ops_114_ccheck
U O V _zy_sva_brcm_kdf_ops_113_cpass
U O V _zy_sva_brcm_kdf_ops_113_ccheck
U O V _zy_sva_brcm_kdf_ops_112_cpass
U O V _zy_sva_brcm_kdf_ops_112_ccheck
U O V _zy_sva_brcm_kdf_ops_111_cpass
U O V _zy_sva_brcm_kdf_ops_111_ccheck
U O V _zy_sva_brcm_kdf_ops_110_cpass
U O V _zy_sva_brcm_kdf_ops_110_ccheck
U O V _zy_sva_brcm_kdf_ops_109_cpass
U O V _zy_sva_brcm_kdf_ops_109_ccheck
U O V _zy_sva_brcm_key_type_108_cpass
U O V _zy_sva_brcm_key_type_108_ccheck
U O V _zy_sva_brcm_aux_cmd_guid_iv_107_cpass
U O V _zy_sva_brcm_aux_cmd_guid_iv_107_ccheck
U O V _zy_sva_brcm_aux_cmd_guid_106_cpass
U O V _zy_sva_brcm_aux_cmd_guid_106_ccheck
U O V _zy_sva_brcm_aux_cmd_iv_105_cpass
U O V _zy_sva_brcm_aux_cmd_iv_105_ccheck
U O V _zy_sva_brcm_aux_cmd_104_cpass
U O V _zy_sva_brcm_aux_cmd_104_ccheck
U O V _zy_sva_brcm_key_type_103_cpass
U O V _zy_sva_brcm_key_type_103_ccheck
U O V _zy_sva_brcm_aux_cmd_guid_iv_102_cpass
U O V _zy_sva_brcm_aux_cmd_guid_iv_102_ccheck
U O V _zy_sva_brcm_aux_cmd_guid_101_cpass
U O V _zy_sva_brcm_aux_cmd_guid_101_ccheck
U O V _zy_sva_brcm_aux_cmd_iv_100_cpass
U O V _zy_sva_brcm_aux_cmd_iv_100_ccheck
U O V _zy_sva_brcm_aux_cmd_99_cpass
U O V _zy_sva_brcm_aux_cmd_99_ccheck
U O V _zy_sva_brcm_key_type_98_cpass
U O V _zy_sva_brcm_key_type_98_ccheck
U O V _zy_sva_brcm_aux_cmd_guid_iv_97_cpass
U O V _zy_sva_brcm_aux_cmd_guid_iv_97_ccheck
U O V _zy_sva_brcm_aux_cmd_guid_96_cpass
U O V _zy_sva_brcm_aux_cmd_guid_96_ccheck
U O V _zy_sva_brcm_aux_cmd_iv_95_cpass
U O V _zy_sva_brcm_aux_cmd_iv_95_ccheck
U O V _zy_sva_brcm_aux_cmd_94_cpass
U O V _zy_sva_brcm_aux_cmd_94_ccheck
U O V _zy_sva_brcm_key_type_93_cpass
U O V _zy_sva_brcm_key_type_93_ccheck
U O V _zy_sva_brcm_aux_cmd_guid_iv_92_cpass
U O V _zy_sva_brcm_aux_cmd_guid_iv_92_ccheck
U O V _zy_sva_brcm_aux_cmd_guid_91_cpass
U O V _zy_sva_brcm_aux_cmd_guid_91_ccheck
U O V _zy_sva_brcm_aux_cmd_iv_90_cpass
U O V _zy_sva_brcm_aux_cmd_iv_90_ccheck
U O V _zy_sva_brcm_aux_cmd_89_cpass
U O V _zy_sva_brcm_aux_cmd_89_ccheck
U O V _zy_sva_brcm_key_type_88_cpass
U O V _zy_sva_brcm_key_type_88_ccheck
U O V _zy_sva_brcm_aux_cmd_guid_iv_87_cpass
U O V _zy_sva_brcm_aux_cmd_guid_iv_87_ccheck
U O V _zy_sva_brcm_aux_cmd_guid_86_cpass
U O V _zy_sva_brcm_aux_cmd_guid_86_ccheck
U O V _zy_sva_brcm_aux_cmd_iv_85_cpass
U O V _zy_sva_brcm_aux_cmd_iv_85_ccheck
U O V _zy_sva_brcm_aux_cmd_84_cpass
U O V _zy_sva_brcm_aux_cmd_84_ccheck
U O V _zy_sva_brcm_key_type_83_cpass
U O V _zy_sva_brcm_key_type_83_ccheck
U O V _zy_sva_brcm_aux_cmd_guid_iv_82_cpass
U O V _zy_sva_brcm_aux_cmd_guid_iv_82_ccheck
U O V _zy_sva_brcm_aux_cmd_guid_81_cpass
U O V _zy_sva_brcm_aux_cmd_guid_81_ccheck
U O V _zy_sva_brcm_aux_cmd_iv_80_cpass
U O V _zy_sva_brcm_aux_cmd_iv_80_ccheck
U O V _zy_sva_brcm_aux_cmd_79_cpass
U O V _zy_sva_brcm_aux_cmd_79_ccheck
U O V _zy_sva_brcm_key_type_78_cpass
U O V _zy_sva_brcm_key_type_78_ccheck
U O V _zy_sva_brcm_aux_cmd_guid_iv_77_cpass
U O V _zy_sva_brcm_aux_cmd_guid_iv_77_ccheck
U O V _zy_sva_brcm_aux_cmd_guid_76_cpass
U O V _zy_sva_brcm_aux_cmd_guid_76_ccheck
U O V _zy_sva_brcm_aux_cmd_iv_75_cpass
U O V _zy_sva_brcm_aux_cmd_iv_75_ccheck
U O V _zy_sva_brcm_aux_cmd_74_cpass
U O V _zy_sva_brcm_aux_cmd_74_ccheck
U O V _zy_sva_brcm_key_type_73_cpass
U O V _zy_sva_brcm_key_type_73_ccheck
U O V _zy_sva_brcm_aux_cmd_guid_iv_72_cpass
U O V _zy_sva_brcm_aux_cmd_guid_iv_72_ccheck
U O V _zy_sva_brcm_aux_cmd_guid_71_cpass
U O V _zy_sva_brcm_aux_cmd_guid_71_ccheck
U O V _zy_sva_brcm_aux_cmd_iv_70_cpass
U O V _zy_sva_brcm_aux_cmd_iv_70_ccheck
U O V _zy_sva_brcm_aux_cmd_69_cpass
U O V _zy_sva_brcm_aux_cmd_69_ccheck
U O V _zy_sva_brcm_key_type_68_cpass
U O V _zy_sva_brcm_key_type_68_ccheck
U O V _zy_sva_brcm_aux_cmd_guid_iv_67_cpass
U O V _zy_sva_brcm_aux_cmd_guid_iv_67_ccheck
U O V _zy_sva_brcm_aux_cmd_guid_66_cpass
U O V _zy_sva_brcm_aux_cmd_guid_66_ccheck
U O V _zy_sva_brcm_aux_cmd_iv_65_cpass
U O V _zy_sva_brcm_aux_cmd_iv_65_ccheck
U O V _zy_sva_brcm_aux_cmd_64_cpass
U O V _zy_sva_brcm_aux_cmd_64_ccheck
U O V _zy_sva_brcm_key_type_63_cpass
U O V _zy_sva_brcm_key_type_63_ccheck
U O V _zy_sva_brcm_aux_cmd_guid_iv_62_cpass
U O V _zy_sva_brcm_aux_cmd_guid_iv_62_ccheck
U O V _zy_sva_brcm_aux_cmd_guid_61_cpass
U O V _zy_sva_brcm_aux_cmd_guid_61_ccheck
U O V _zy_sva_brcm_aux_cmd_iv_60_cpass
U O V _zy_sva_brcm_aux_cmd_iv_60_ccheck
U O V _zy_sva_brcm_aux_cmd_59_cpass
U O V _zy_sva_brcm_aux_cmd_59_ccheck
U O V _zy_sva_brcm_key_type_58_cpass
U O V _zy_sva_brcm_key_type_58_ccheck
U O V _zy_sva_brcm_aux_cmd_guid_iv_57_cpass
U O V _zy_sva_brcm_aux_cmd_guid_iv_57_ccheck
U O V _zy_sva_brcm_aux_cmd_guid_56_cpass
U O V _zy_sva_brcm_aux_cmd_guid_56_ccheck
U O V _zy_sva_brcm_aux_cmd_iv_55_cpass
U O V _zy_sva_brcm_aux_cmd_iv_55_ccheck
U O V _zy_sva_brcm_aux_cmd_54_cpass
U O V _zy_sva_brcm_aux_cmd_54_ccheck
U O V _zy_sva_brcm_key_type_53_cpass
U O V _zy_sva_brcm_key_type_53_ccheck
U O V _zy_sva_brcm_aux_cmd_guid_iv_52_cpass
U O V _zy_sva_brcm_aux_cmd_guid_iv_52_ccheck
U O V _zy_sva_brcm_aux_cmd_guid_51_cpass
U O V _zy_sva_brcm_aux_cmd_guid_51_ccheck
U O V _zy_sva_brcm_aux_cmd_iv_50_cpass
U O V _zy_sva_brcm_aux_cmd_iv_50_ccheck
U O V _zy_sva_brcm_aux_cmd_49_cpass
U O V _zy_sva_brcm_aux_cmd_49_ccheck
U O V _zy_sva_brcm_key_type_48_cpass
U O V _zy_sva_brcm_key_type_48_ccheck
U O V _zy_sva_brcm_aux_cmd_guid_iv_47_cpass
U O V _zy_sva_brcm_aux_cmd_guid_iv_47_ccheck
U O V _zy_sva_brcm_aux_cmd_guid_46_cpass
U O V _zy_sva_brcm_aux_cmd_guid_46_ccheck
U O V _zy_sva_brcm_aux_cmd_iv_45_cpass
U O V _zy_sva_brcm_aux_cmd_iv_45_ccheck
U O V _zy_sva_brcm_aux_cmd_44_cpass
U O V _zy_sva_brcm_aux_cmd_44_ccheck
U O V _zy_sva_brcm_key_type_43_cpass
U O V _zy_sva_brcm_key_type_43_ccheck
U O V _zy_sva_brcm_aux_cmd_guid_iv_42_cpass
U O V _zy_sva_brcm_aux_cmd_guid_iv_42_ccheck
U O V _zy_sva_brcm_aux_cmd_guid_41_cpass
U O V _zy_sva_brcm_aux_cmd_guid_41_ccheck
U O V _zy_sva_brcm_aux_cmd_iv_40_cpass
U O V _zy_sva_brcm_aux_cmd_iv_40_ccheck
U O V _zy_sva_brcm_aux_cmd_39_cpass
U O V _zy_sva_brcm_aux_cmd_39_ccheck
U O V _zy_sva_iv_miss_aux_cmd_guid_38_cpass
U O V _zy_sva_iv_miss_aux_cmd_guid_38_ccheck
U O V _zy_sva_iv_miss_aux_cmd_1_37_cpass
U O V _zy_sva_iv_miss_aux_cmd_1_37_ccheck
U O V _zy_sva_iv_miss_aux_cmd_0_36_cpass
U O V _zy_sva_iv_miss_aux_cmd_0_36_ccheck
U O V _zy_sva_guid_miss_aux_cmd_iv_3_35_cpass
U O V _zy_sva_guid_miss_aux_cmd_iv_3_35_ccheck
U O V _zy_sva_guid_miss_aux_cmd_iv_2_34_cpass
U O V _zy_sva_guid_miss_aux_cmd_iv_2_34_ccheck
U O V _zy_sva_guid_miss_aux_cmd_iv_1_33_cpass
U O V _zy_sva_guid_miss_aux_cmd_iv_1_33_ccheck
U O V _zy_sva_guid_miss_aux_cmd_iv_0_32_cpass
U O V _zy_sva_guid_miss_aux_cmd_iv_0_32_ccheck
U O V _zy_sva_guid_miss_aux_cmd_3_31_cpass
U O V _zy_sva_guid_miss_aux_cmd_3_31_ccheck
U O V _zy_sva_guid_miss_aux_cmd_2_30_cpass
U O V _zy_sva_guid_miss_aux_cmd_2_30_ccheck
U O V _zy_sva_guid_miss_aux_cmd_1_29_cpass
U O V _zy_sva_guid_miss_aux_cmd_1_29_ccheck
U O V _zy_sva_guid_miss_aux_cmd_0_28_cpass
U O V _zy_sva_guid_miss_aux_cmd_0_28_ccheck
U O V _zy_sva_key_type9_line19d_27_cpass
U O V _zy_sva_key_type9_line19d_27_ccheck
U O V _zy_sva_key_type9_line19c_26_cpass
U O V _zy_sva_key_type9_line19c_26_ccheck
U O V _zy_sva_key_type9_line19b_25_cpass
U O V _zy_sva_key_type9_line19b_25_ccheck
U O V _zy_sva_key_type9_line19a_24_cpass
U O V _zy_sva_key_type9_line19a_24_ccheck
U O V _zy_sva_key_type9_line18b_23_cpass
U O V _zy_sva_key_type9_line18b_23_ccheck
U O V _zy_sva_key_type9_line18a_22_cpass
U O V _zy_sva_key_type9_line18a_22_ccheck
U O V _zy_sva_key_type9_line17b_21_cpass
U O V _zy_sva_key_type9_line17b_21_ccheck
U O V _zy_sva_key_type9_line17a_20_cpass
U O V _zy_sva_key_type9_line17a_20_ccheck
U O V _zy_sva_key_type9_line16b_19_cpass
U O V _zy_sva_key_type9_line16b_19_ccheck
U O V _zy_sva_key_type9_line16a_18_cpass
U O V _zy_sva_key_type9_line16a_18_ccheck
U O V _zy_sva_key_type9_line15_17_cpass
U O V _zy_sva_key_type9_line15_17_ccheck
U O V _zy_sva_key_type9_line14_16_cpass
U O V _zy_sva_key_type9_line14_16_ccheck
U O V _zy_sva_key_type1_line12b_15_cpass
U O V _zy_sva_key_type1_line12b_15_ccheck
U O V _zy_sva_key_type1_line12a_14_cpass
U O V _zy_sva_key_type1_line12a_14_ccheck
U O V _zy_sva_key_type1_line11d_13_cpass
U O V _zy_sva_key_type1_line11d_13_ccheck
U O V _zy_sva_key_type1_line11c_12_cpass
U O V _zy_sva_key_type1_line11c_12_ccheck
U O V _zy_sva_key_type1_line11b_11_cpass
U O V _zy_sva_key_type1_line11b_11_ccheck
U O V _zy_sva_key_type1_line11a_10_cpass
U O V _zy_sva_key_type1_line11a_10_ccheck
U O V _zy_sva_key_type1_line10_9_cpass
U O V _zy_sva_key_type1_line10_9_ccheck
U O V _zy_sva_key_type1_line9_8_cpass
U O V _zy_sva_key_type1_line9_8_ccheck
U O V _zy_sva_key_type1_line8b_7_cpass
U O V _zy_sva_key_type1_line8b_7_ccheck
U O V _zy_sva_key_type1_line8a_6_cpass
U O V _zy_sva_key_type1_line8a_6_ccheck
U O V _zy_sva_key_type1_line7b_5_cpass
U O V _zy_sva_key_type1_line7b_5_ccheck
U O V _zy_sva_key_type1_line7a_4_cpass
U O V _zy_sva_key_type1_line7a_4_ccheck
U O V _zy_sva_key_type0_line5b_3_cpass
U O V _zy_sva_key_type0_line5b_3_ccheck
U O V _zy_sva_key_type0_line5a_2_cpass
U O V _zy_sva_key_type0_line5a_2_ccheck
U O V _zy_sva_key_type0_line4_1_cpass
U O V _zy_sva_key_type0_line4_1_ccheck
P O ixc_sample_logic_1_3 _zz_zy_sva_b0 ./xc_work/xc_vawork/IXCOM_TEMP_LIBRARY/ixc_sample_logic_1_3
P O ixc_sample_logic_1_3 _zz_zy_sva_b1 ./xc_work/xc_vawork/IXCOM_TEMP_LIBRARY/ixc_sample_logic_1_3
P O ixc_sample_logic_1_3 _zz_zy_sva_b2 ./xc_work/xc_vawork/IXCOM_TEMP_LIBRARY/ixc_sample_logic_1_3
P O ixc_sample_logic_1_3 _zz_zy_sva_b3 ./xc_work/xc_vawork/IXCOM_TEMP_LIBRARY/ixc_sample_logic_1_3
P O ixc_sample_logic_1_3 _zz_zy_sva_b4 ./xc_work/xc_vawork/IXCOM_TEMP_LIBRARY/ixc_sample_logic_1_3
P O ixc_sample_logic_1_3 _zz_zy_sva_b5 ./xc_work/xc_vawork/IXCOM_TEMP_LIBRARY/ixc_sample_logic_1_3
P O ixc_sample_logic_1_3 _zz_zy_sva_b6 ./xc_work/xc_vawork/IXCOM_TEMP_LIBRARY/ixc_sample_logic_1_3
P O ixc_sample_logic_1_3 _zz_zy_sva_b7 ./xc_work/xc_vawork/IXCOM_TEMP_LIBRARY/ixc_sample_logic_1_3
P O ixc_sample_logic_1_3 _zz_zy_sva_b8 ./xc_work/xc_vawork/IXCOM_TEMP_LIBRARY/ixc_sample_logic_1_3
P O ixc_sample_logic_1_3 _zz_zy_sva_b9 ./xc_work/xc_vawork/IXCOM_TEMP_LIBRARY/ixc_sample_logic_1_3
P O ixc_sample_logic_1_3 _zz_zy_sva_b10 ./xc_work/xc_vawork/IXCOM_TEMP_LIBRARY/ixc_sample_logic_1_3
P O ixc_sample_logic_1_3 _zz_zy_sva_b11 ./xc_work/xc_vawork/IXCOM_TEMP_LIBRARY/ixc_sample_logic_1_3
P O ixc_sample_logic_1_3 _zz_zy_sva_b12 ./xc_work/xc_vawork/IXCOM_TEMP_LIBRARY/ixc_sample_logic_1_3
P O ixc_sample_logic_1_3 _zz_zy_sva_b13 ./xc_work/xc_vawork/IXCOM_TEMP_LIBRARY/ixc_sample_logic_1_3
P O ixc_sample_logic_1_3 _zz_zy_sva_b14 ./xc_work/xc_vawork/IXCOM_TEMP_LIBRARY/ixc_sample_logic_1_3
P O ixc_sample_logic_1_3 _zz_zy_sva_b15 ./xc_work/xc_vawork/IXCOM_TEMP_LIBRARY/ixc_sample_logic_1_3
P O ixc_sample_logic_1_3 _zz_zy_sva_b16 ./xc_work/xc_vawork/IXCOM_TEMP_LIBRARY/ixc_sample_logic_1_3
P O ixc_sample_logic_1_3 _zz_zy_sva_b17 ./xc_work/xc_vawork/IXCOM_TEMP_LIBRARY/ixc_sample_logic_1_3
P O ixc_sample_logic_1_3 _zz_zy_sva_b18 ./xc_work/xc_vawork/IXCOM_TEMP_LIBRARY/ixc_sample_logic_1_3
P O ixc_sample_logic_1_3 _zz_zy_sva_b19 ./xc_work/xc_vawork/IXCOM_TEMP_LIBRARY/ixc_sample_logic_1_3
P O ixc_sample_logic_1_3 _zz_zy_sva_b20 ./xc_work/xc_vawork/IXCOM_TEMP_LIBRARY/ixc_sample_logic_1_3
P O ixc_sample_logic_1_3 _zz_zy_sva_b21 ./xc_work/xc_vawork/IXCOM_TEMP_LIBRARY/ixc_sample_logic_1_3
P O ixc_sample_logic_1_3 _zz_zy_sva_b22 ./xc_work/xc_vawork/IXCOM_TEMP_LIBRARY/ixc_sample_logic_1_3
P O ixc_sample_logic_1_3 _zz_zy_sva_b23 ./xc_work/xc_vawork/IXCOM_TEMP_LIBRARY/ixc_sample_logic_1_3
P O ixc_sample_logic_1_3 _zz_zy_sva_b24 ./xc_work/xc_vawork/IXCOM_TEMP_LIBRARY/ixc_sample_logic_1_3
P O ixc_sample_logic_1_3 _zz_zy_sva_b25 ./xc_work/xc_vawork/IXCOM_TEMP_LIBRARY/ixc_sample_logic_1_3
P O ixc_sample_logic_1_3 _zz_zy_sva_b26 ./xc_work/xc_vawork/IXCOM_TEMP_LIBRARY/ixc_sample_logic_1_3
P O ixc_sample_logic_1_3 _zz_zy_sva_b27 ./xc_work/xc_vawork/IXCOM_TEMP_LIBRARY/ixc_sample_logic_1_3
P O ixc_sample_logic_1_3 _zz_zy_sva_b28 ./xc_work/xc_vawork/IXCOM_TEMP_LIBRARY/ixc_sample_logic_1_3
P O ixc_sample_logic_1_3 _zz_zy_sva_b29 ./xc_work/xc_vawork/IXCOM_TEMP_LIBRARY/ixc_sample_logic_1_3
P O ixc_sample_logic_1_3 _zz_zy_sva_b30 ./xc_work/xc_vawork/IXCOM_TEMP_LIBRARY/ixc_sample_logic_1_3
P O ixc_sample_logic_1_3 _zz_zy_sva_b31 ./xc_work/xc_vawork/IXCOM_TEMP_LIBRARY/ixc_sample_logic_1_3
P O ixc_sample_logic_1_3 _zz_zy_sva_b32 ./xc_work/xc_vawork/IXCOM_TEMP_LIBRARY/ixc_sample_logic_1_3
P O ixc_sample_logic_1_3 _zz_zy_sva_b33 ./xc_work/xc_vawork/IXCOM_TEMP_LIBRARY/ixc_sample_logic_1_3
P O ixc_sample_logic_1_3 _zz_zy_sva_b34 ./xc_work/xc_vawork/IXCOM_TEMP_LIBRARY/ixc_sample_logic_1_3
P O ixc_sample_logic_1_3 _zz_zy_sva_b35 ./xc_work/xc_vawork/IXCOM_TEMP_LIBRARY/ixc_sample_logic_1_3
P O ixc_sample_logic_1_3 _zz_zy_sva_b36 ./xc_work/xc_vawork/IXCOM_TEMP_LIBRARY/ixc_sample_logic_1_3
P O ixc_sample_logic_1_3 _zz_zy_sva_b37 ./xc_work/xc_vawork/IXCOM_TEMP_LIBRARY/ixc_sample_logic_1_3
P O ixc_sample_logic_1_3 _zz_zy_sva_b38 ./xc_work/xc_vawork/IXCOM_TEMP_LIBRARY/ixc_sample_logic_1_3
P O ixc_sample_logic_1_3 _zz_zy_sva_b39 ./xc_work/xc_vawork/IXCOM_TEMP_LIBRARY/ixc_sample_logic_1_3
P O ixc_sample_logic_1_3 _zz_zy_sva_b40 ./xc_work/xc_vawork/IXCOM_TEMP_LIBRARY/ixc_sample_logic_1_3
P O ixc_sample_logic_1_3 _zz_zy_sva_b41 ./xc_work/xc_vawork/IXCOM_TEMP_LIBRARY/ixc_sample_logic_1_3
P O ixc_sample_logic_1_3 _zz_zy_sva_b42 ./xc_work/xc_vawork/IXCOM_TEMP_LIBRARY/ixc_sample_logic_1_3
P O ixc_sample_logic_1_3 _zz_zy_sva_b43 ./xc_work/xc_vawork/IXCOM_TEMP_LIBRARY/ixc_sample_logic_1_3
P O ixc_sample_logic_1_3 _zz_zy_sva_b44 ./xc_work/xc_vawork/IXCOM_TEMP_LIBRARY/ixc_sample_logic_1_3
P O ixc_sample_logic_1_3 _zz_zy_sva_b45 ./xc_work/xc_vawork/IXCOM_TEMP_LIBRARY/ixc_sample_logic_1_3
P O ixc_sample_logic_1_3 _zz_zy_sva_b46 ./xc_work/xc_vawork/IXCOM_TEMP_LIBRARY/ixc_sample_logic_1_3
P O ixc_sample_logic_1_3 _zz_zy_sva_b47 ./xc_work/xc_vawork/IXCOM_TEMP_LIBRARY/ixc_sample_logic_1_3
P O ixc_sample_logic_1_3 _zz_zy_sva_b48 ./xc_work/xc_vawork/IXCOM_TEMP_LIBRARY/ixc_sample_logic_1_3
P O ixc_sample_logic_1_3 _zz_zy_sva_b49 ./xc_work/xc_vawork/IXCOM_TEMP_LIBRARY/ixc_sample_logic_1_3
P O ixc_sample_logic_1_3 _zz_zy_sva_b50 ./xc_work/xc_vawork/IXCOM_TEMP_LIBRARY/ixc_sample_logic_1_3
P O ixc_sample_logic_1_3 _zz_zy_sva_b51 ./xc_work/xc_vawork/IXCOM_TEMP_LIBRARY/ixc_sample_logic_1_3
P O ixc_sample_logic_1_3 _zz_zy_sva_b52 ./xc_work/xc_vawork/IXCOM_TEMP_LIBRARY/ixc_sample_logic_1_3
P O ixc_sample_logic_1_3 _zz_zy_sva_b53 ./xc_work/xc_vawork/IXCOM_TEMP_LIBRARY/ixc_sample_logic_1_3
P O ixc_sample_logic_1_3 _zz_zy_sva_b54 ./xc_work/xc_vawork/IXCOM_TEMP_LIBRARY/ixc_sample_logic_1_3
P O ixc_sample_logic_1_3 _zz_zy_sva_b55 ./xc_work/xc_vawork/IXCOM_TEMP_LIBRARY/ixc_sample_logic_1_3
P O ixc_sample_logic_1_3 _zz_zy_sva_b56 ./xc_work/xc_vawork/IXCOM_TEMP_LIBRARY/ixc_sample_logic_1_3
P O ixc_sample_logic_1_3 _zz_zy_sva_b57 ./xc_work/xc_vawork/IXCOM_TEMP_LIBRARY/ixc_sample_logic_1_3
P O ixc_sample_logic_1_3 _zz_zy_sva_b58 ./xc_work/xc_vawork/IXCOM_TEMP_LIBRARY/ixc_sample_logic_1_3
P O ixc_sample_logic_1_3 _zz_zy_sva_b59 ./xc_work/xc_vawork/IXCOM_TEMP_LIBRARY/ixc_sample_logic_1_3
P O ixc_sample_logic_1_3 _zz_zy_sva_b60 ./xc_work/xc_vawork/IXCOM_TEMP_LIBRARY/ixc_sample_logic_1_3
P O ixc_sample_logic_1_3 _zz_zy_sva_b61 ./xc_work/xc_vawork/IXCOM_TEMP_LIBRARY/ixc_sample_logic_1_3
P O ixc_sample_logic_1_3 _zz_zy_sva_b62 ./xc_work/xc_vawork/IXCOM_TEMP_LIBRARY/ixc_sample_logic_1_3
P O ixc_sample_logic_1_3 _zz_zy_sva_b63 ./xc_work/xc_vawork/IXCOM_TEMP_LIBRARY/ixc_sample_logic_1_3
P O ixc_sample_logic_1_3 _zz_zy_sva_b64 ./xc_work/xc_vawork/IXCOM_TEMP_LIBRARY/ixc_sample_logic_1_3
P O ixc_sample_logic_1_3 _zz_zy_sva_b65 ./xc_work/xc_vawork/IXCOM_TEMP_LIBRARY/ixc_sample_logic_1_3
P O ixc_sample_logic_1_3 _zz_zy_sva_b66 ./xc_work/xc_vawork/IXCOM_TEMP_LIBRARY/ixc_sample_logic_1_3
P O ixc_sample_logic_1_3 _zz_zy_sva_b67 ./xc_work/xc_vawork/IXCOM_TEMP_LIBRARY/ixc_sample_logic_1_3
P O ixc_sample_logic_1_3 _zz_zy_sva_b68 ./xc_work/xc_vawork/IXCOM_TEMP_LIBRARY/ixc_sample_logic_1_3
P O ixc_sample_logic_1_3 _zz_zy_sva_b69 ./xc_work/xc_vawork/IXCOM_TEMP_LIBRARY/ixc_sample_logic_1_3
P O ixc_sample_logic_1_3 _zz_zy_sva_b70 ./xc_work/xc_vawork/IXCOM_TEMP_LIBRARY/ixc_sample_logic_1_3
P O ixc_sample_logic_1_3 _zz_zy_sva_b71 ./xc_work/xc_vawork/IXCOM_TEMP_LIBRARY/ixc_sample_logic_1_3
P O ixc_sample_logic_1_3 _zz_zy_sva_b72 ./xc_work/xc_vawork/IXCOM_TEMP_LIBRARY/ixc_sample_logic_1_3
P O ixc_sample_logic_1_3 _zz_zy_sva_b73 ./xc_work/xc_vawork/IXCOM_TEMP_LIBRARY/ixc_sample_logic_1_3
P O ixc_sample_logic_1_3 _zz_zy_sva_b74 ./xc_work/xc_vawork/IXCOM_TEMP_LIBRARY/ixc_sample_logic_1_3
P O ixc_sample_logic_1_3 _zz_zy_sva_b75 ./xc_work/xc_vawork/IXCOM_TEMP_LIBRARY/ixc_sample_logic_1_3
P O ixc_sample_logic_1_3 _zz_zy_sva_b76 ./xc_work/xc_vawork/IXCOM_TEMP_LIBRARY/ixc_sample_logic_1_3
P O ixc_sample_logic_1_3 _zz_zy_sva_b77 ./xc_work/xc_vawork/IXCOM_TEMP_LIBRARY/ixc_sample_logic_1_3
P O ixc_sample_logic_1_3 _zz_zy_sva_b78 ./xc_work/xc_vawork/IXCOM_TEMP_LIBRARY/ixc_sample_logic_1_3
P O ixc_sample_logic_1_3 _zz_zy_sva_b79 ./xc_work/xc_vawork/IXCOM_TEMP_LIBRARY/ixc_sample_logic_1_3
P O ixc_sample_logic_1_3 _zz_zy_sva_b80 ./xc_work/xc_vawork/IXCOM_TEMP_LIBRARY/ixc_sample_logic_1_3
P O ixc_sample_logic_1_3 _zz_zy_sva_b81 ./xc_work/xc_vawork/IXCOM_TEMP_LIBRARY/ixc_sample_logic_1_3
P O ixc_sample_logic_1_3 _zz_zy_sva_b82 ./xc_work/xc_vawork/IXCOM_TEMP_LIBRARY/ixc_sample_logic_1_3
P O ixc_sample_logic_1_3 _zz_zy_sva_b83 ./xc_work/xc_vawork/IXCOM_TEMP_LIBRARY/ixc_sample_logic_1_3
P O ixc_sample_logic_1_3 _zz_zy_sva_b84 ./xc_work/xc_vawork/IXCOM_TEMP_LIBRARY/ixc_sample_logic_1_3
P O ixc_sample_logic_1_3 _zz_zy_sva_b85 ./xc_work/xc_vawork/IXCOM_TEMP_LIBRARY/ixc_sample_logic_1_3
P O ixc_sample_logic_1_3 _zz_zy_sva_b86 ./xc_work/xc_vawork/IXCOM_TEMP_LIBRARY/ixc_sample_logic_1_3
P O ixc_sample_logic_1_3 _zz_zy_sva_b87 ./xc_work/xc_vawork/IXCOM_TEMP_LIBRARY/ixc_sample_logic_1_3
P O ixc_sample_logic_1_3 _zz_zy_sva_b88 ./xc_work/xc_vawork/IXCOM_TEMP_LIBRARY/ixc_sample_logic_1_3
P O ixc_sample_logic_1_3 _zz_zy_sva_b89 ./xc_work/xc_vawork/IXCOM_TEMP_LIBRARY/ixc_sample_logic_1_3
P O ixc_sample_logic_1_3 _zz_zy_sva_b90 ./xc_work/xc_vawork/IXCOM_TEMP_LIBRARY/ixc_sample_logic_1_3
P O ixc_sample_logic_1_3 _zz_zy_sva_b91 ./xc_work/xc_vawork/IXCOM_TEMP_LIBRARY/ixc_sample_logic_1_3
P O ixc_sample_logic_1_3 _zz_zy_sva_b92 ./xc_work/xc_vawork/IXCOM_TEMP_LIBRARY/ixc_sample_logic_1_3
P O ixc_sample_logic_1_3 _zz_zy_sva_b93 ./xc_work/xc_vawork/IXCOM_TEMP_LIBRARY/ixc_sample_logic_1_3
P O ixc_sample_logic_1_3 _zz_zy_sva_b94 ./xc_work/xc_vawork/IXCOM_TEMP_LIBRARY/ixc_sample_logic_1_3
P O ixc_sample_logic_1_3 _zz_zy_sva_b95 ./xc_work/xc_vawork/IXCOM_TEMP_LIBRARY/ixc_sample_logic_1_3
P O ixc_sample_logic_1_3 _zz_zy_sva_b96 ./xc_work/xc_vawork/IXCOM_TEMP_LIBRARY/ixc_sample_logic_1_3
P O ixc_sample_logic_1_3 _zz_zy_sva_b97 ./xc_work/xc_vawork/IXCOM_TEMP_LIBRARY/ixc_sample_logic_1_3
P O ixc_sample_logic_1_3 _zz_zy_sva_b98 ./xc_work/xc_vawork/IXCOM_TEMP_LIBRARY/ixc_sample_logic_1_3
P O ixc_sample_logic_1_3 _zz_zy_sva_b99 ./xc_work/xc_vawork/IXCOM_TEMP_LIBRARY/ixc_sample_logic_1_3
P O ixc_sample_logic_1_3 _zz_zy_sva_b100 ./xc_work/xc_vawork/IXCOM_TEMP_LIBRARY/ixc_sample_logic_1_3
P O ixc_sample_logic_1_3 _zz_zy_sva_b101 ./xc_work/xc_vawork/IXCOM_TEMP_LIBRARY/ixc_sample_logic_1_3
P O ixc_sample_logic_1_3 _zz_zy_sva_b102 ./xc_work/xc_vawork/IXCOM_TEMP_LIBRARY/ixc_sample_logic_1_3
P O ixc_sample_logic_1_3 _zz_zy_sva_b103 ./xc_work/xc_vawork/IXCOM_TEMP_LIBRARY/ixc_sample_logic_1_3
P O ixc_sample_logic_1_3 _zz_zy_sva_b104 ./xc_work/xc_vawork/IXCOM_TEMP_LIBRARY/ixc_sample_logic_1_3
P O ixc_sample_logic_1_3 _zz_zy_sva_b105 ./xc_work/xc_vawork/IXCOM_TEMP_LIBRARY/ixc_sample_logic_1_3
P O ixc_sample_logic_1_3 _zz_zy_sva_b106 ./xc_work/xc_vawork/IXCOM_TEMP_LIBRARY/ixc_sample_logic_1_3
P O ixc_sample_logic_1_3 _zz_zy_sva_b107 ./xc_work/xc_vawork/IXCOM_TEMP_LIBRARY/ixc_sample_logic_1_3
P O ixc_sample_logic_1_3 _zz_zy_sva_b108 ./xc_work/xc_vawork/IXCOM_TEMP_LIBRARY/ixc_sample_logic_1_3
P O ixc_sample_logic_1_3 _zz_zy_sva_b109 ./xc_work/xc_vawork/IXCOM_TEMP_LIBRARY/ixc_sample_logic_1_3
P O ixc_sample_logic_1_3 _zz_zy_sva_b110 ./xc_work/xc_vawork/IXCOM_TEMP_LIBRARY/ixc_sample_logic_1_3
P O ixc_sample_logic_1_3 _zz_zy_sva_b111 ./xc_work/xc_vawork/IXCOM_TEMP_LIBRARY/ixc_sample_logic_1_3
P O ixc_sample_logic_1_3 _zz_zy_sva_b112 ./xc_work/xc_vawork/IXCOM_TEMP_LIBRARY/ixc_sample_logic_1_3
P O ixc_sample_logic_1_3 _zz_zy_sva_b113 ./xc_work/xc_vawork/IXCOM_TEMP_LIBRARY/ixc_sample_logic_1_3
P O ixc_sample_logic_1_3 _zz_zy_sva_b114 ./xc_work/xc_vawork/IXCOM_TEMP_LIBRARY/ixc_sample_logic_1_3
P O ixc_sample_logic_1_3 _zz_zy_sva_b115 ./xc_work/xc_vawork/IXCOM_TEMP_LIBRARY/ixc_sample_logic_1_3
P O ixc_sample_logic_1_3 _zz_zy_sva_b116 ./xc_work/xc_vawork/IXCOM_TEMP_LIBRARY/ixc_sample_logic_1_3
P O ixc_sample_logic_1_3 _zz_zy_sva_b117 ./xc_work/xc_vawork/IXCOM_TEMP_LIBRARY/ixc_sample_logic_1_3
P O ixc_sample_logic_1_3 _zz_zy_sva_b118 ./xc_work/xc_vawork/IXCOM_TEMP_LIBRARY/ixc_sample_logic_1_3
P O ixc_sample_logic_1_3 _zz_zy_sva_b119 ./xc_work/xc_vawork/IXCOM_TEMP_LIBRARY/ixc_sample_logic_1_3
P O ixc_sample_logic_1_3 _zz_zy_sva_b120 ./xc_work/xc_vawork/IXCOM_TEMP_LIBRARY/ixc_sample_logic_1_3
P O ixc_sample_logic_1_3 _zz_zy_sva_b121 ./xc_work/xc_vawork/IXCOM_TEMP_LIBRARY/ixc_sample_logic_1_3
P O ixc_sample_logic_1_3 _zz_zy_sva_b122 ./xc_work/xc_vawork/IXCOM_TEMP_LIBRARY/ixc_sample_logic_1_3
P O ixc_sample_logic_1_3 _zz_zy_sva_b123 ./xc_work/xc_vawork/IXCOM_TEMP_LIBRARY/ixc_sample_logic_1_3
P O ixc_sample_logic_1_3 _zz_zy_sva_b124 ./xc_work/xc_vawork/IXCOM_TEMP_LIBRARY/ixc_sample_logic_1_3
P O ixc_sample_logic_1_3 _zz_zy_sva_b125 ./xc_work/xc_vawork/IXCOM_TEMP_LIBRARY/ixc_sample_logic_1_3
P O ixc_sample_logic_1_3 _zz_zy_sva_b126 ./xc_work/xc_vawork/IXCOM_TEMP_LIBRARY/ixc_sample_logic_1_3
P O ixc_sample_logic_1_3 _zz_zy_sva_b127 ./xc_work/xc_vawork/IXCOM_TEMP_LIBRARY/ixc_sample_logic_1_3
P O ixc_sample_logic_1_3 _zz_zy_sva_b128 ./xc_work/xc_vawork/IXCOM_TEMP_LIBRARY/ixc_sample_logic_1_3
P O ixc_sample_logic_1_3 _zz_zy_sva_b129 ./xc_work/xc_vawork/IXCOM_TEMP_LIBRARY/ixc_sample_logic_1_3
P O ixc_sample_logic_1_3 _zz_zy_sva_b130 ./xc_work/xc_vawork/IXCOM_TEMP_LIBRARY/ixc_sample_logic_1_3
P O ixc_sample_logic_1_3 _zz_zy_sva_b131 ./xc_work/xc_vawork/IXCOM_TEMP_LIBRARY/ixc_sample_logic_1_3
P O ixc_sample_logic_1_3 _zz_zy_sva_b132 ./xc_work/xc_vawork/IXCOM_TEMP_LIBRARY/ixc_sample_logic_1_3
P O ixc_sample_logic_1_3 _zz_zy_sva_b133 ./xc_work/xc_vawork/IXCOM_TEMP_LIBRARY/ixc_sample_logic_1_3
P O ixc_sample_logic_1_3 _zz_zy_sva_b134 ./xc_work/xc_vawork/IXCOM_TEMP_LIBRARY/ixc_sample_logic_1_3
P O ixc_sample_logic_1_3 _zz_zy_sva_b135 ./xc_work/xc_vawork/IXCOM_TEMP_LIBRARY/ixc_sample_logic_1_3
P O ixc_sample_logic_1_3 _zz_zy_sva_b136 ./xc_work/xc_vawork/IXCOM_TEMP_LIBRARY/ixc_sample_logic_1_3
P O ixc_sample_logic_1_3 _zz_zy_sva_b137 ./xc_work/xc_vawork/IXCOM_TEMP_LIBRARY/ixc_sample_logic_1_3
P O ixc_sample_logic_1_3 _zz_zy_sva_b138 ./xc_work/xc_vawork/IXCOM_TEMP_LIBRARY/ixc_sample_logic_1_3
P O ixc_sample_logic_1_3 _zz_zy_sva_b139 ./xc_work/xc_vawork/IXCOM_TEMP_LIBRARY/ixc_sample_logic_1_3
P O ixc_sample_logic_1_3 _zz_zy_sva_b140 ./xc_work/xc_vawork/IXCOM_TEMP_LIBRARY/ixc_sample_logic_1_3
P O ixc_sample_logic_1_3 _zz_zy_sva_b141 ./xc_work/xc_vawork/IXCOM_TEMP_LIBRARY/ixc_sample_logic_1_3
P O ixc_sample_logic_1_3 _zz_zy_sva_b142 ./xc_work/xc_vawork/IXCOM_TEMP_LIBRARY/ixc_sample_logic_1_3
P O ixc_sample_logic_1_3 _zz_zy_sva_b143 ./xc_work/xc_vawork/IXCOM_TEMP_LIBRARY/ixc_sample_logic_1_3
P O ixc_sample_logic_1_3 _zz_zy_sva_b144 ./xc_work/xc_vawork/IXCOM_TEMP_LIBRARY/ixc_sample_logic_1_3
P O ixc_sample_logic_1_3 _zz_zy_sva_b145 ./xc_work/xc_vawork/IXCOM_TEMP_LIBRARY/ixc_sample_logic_1_3
P O ixc_sample_logic_1_3 _zz_zy_sva_b146 ./xc_work/xc_vawork/IXCOM_TEMP_LIBRARY/ixc_sample_logic_1_3
P O ixc_sample_logic_1_3 _zz_zy_sva_b147 ./xc_work/xc_vawork/IXCOM_TEMP_LIBRARY/ixc_sample_logic_1_3
P O ixc_sample_logic_1_3 _zz_zy_sva_b148 ./xc_work/xc_vawork/IXCOM_TEMP_LIBRARY/ixc_sample_logic_1_3
P O ixc_sample_logic_1_3 _zz_zy_sva_b149 ./xc_work/xc_vawork/IXCOM_TEMP_LIBRARY/ixc_sample_logic_1_3
P O ixc_sample_logic_1_3 _zz_zy_sva_b150 ./xc_work/xc_vawork/IXCOM_TEMP_LIBRARY/ixc_sample_logic_1_3
P O ixc_sample_logic_1_3 _zz_zy_sva_b151 ./xc_work/xc_vawork/IXCOM_TEMP_LIBRARY/ixc_sample_logic_1_3
P O ixc_sample_logic_1_3 _zz_zy_sva_b152 ./xc_work/xc_vawork/IXCOM_TEMP_LIBRARY/ixc_sample_logic_1_3
P O ixc_sample_logic_1_3 _zz_zy_sva_b153 ./xc_work/xc_vawork/IXCOM_TEMP_LIBRARY/ixc_sample_logic_1_3
P O ixc_sample_logic_1_3 _zz_zy_sva_b154 ./xc_work/xc_vawork/IXCOM_TEMP_LIBRARY/ixc_sample_logic_1_3
P O ixc_sample_logic_1_3 _zz_zy_sva_b155 ./xc_work/xc_vawork/IXCOM_TEMP_LIBRARY/ixc_sample_logic_1_3
P O ixc_sample_logic_1_3 _zz_zy_sva_b156 ./xc_work/xc_vawork/IXCOM_TEMP_LIBRARY/ixc_sample_logic_1_3
P O ixc_sample_logic_1_3 _zz_zy_sva_b157 ./xc_work/xc_vawork/IXCOM_TEMP_LIBRARY/ixc_sample_logic_1_3
P O ixc_sample_logic_1_3 _zz_zy_sva_b158 ./xc_work/xc_vawork/IXCOM_TEMP_LIBRARY/ixc_sample_logic_1_3
P O ixc_sample_logic_1_3 _zz_zy_sva_b159 ./xc_work/xc_vawork/IXCOM_TEMP_LIBRARY/ixc_sample_logic_1_3
P O ixc_sample_logic_1_3 _zz_zy_sva_b160 ./xc_work/xc_vawork/IXCOM_TEMP_LIBRARY/ixc_sample_logic_1_3
P O ixc_sample_logic_1_3 _zz_zy_sva_b161 ./xc_work/xc_vawork/IXCOM_TEMP_LIBRARY/ixc_sample_logic_1_3
P O ixc_sample_logic_1_3 _zz_zy_sva_b162 ./xc_work/xc_vawork/IXCOM_TEMP_LIBRARY/ixc_sample_logic_1_3
P O ixc_sample_logic_1_3 _zz_zy_sva_b163 ./xc_work/xc_vawork/IXCOM_TEMP_LIBRARY/ixc_sample_logic_1_3
P O ixc_sample_logic_1_3 _zz_zy_sva_b164 ./xc_work/xc_vawork/IXCOM_TEMP_LIBRARY/ixc_sample_logic_1_3
P O ixc_sample_logic_1_3 _zz_zy_sva_b165 ./xc_work/xc_vawork/IXCOM_TEMP_LIBRARY/ixc_sample_logic_1_3
P O ixc_sample_logic_1_3 _zz_zy_sva_b166 ./xc_work/xc_vawork/IXCOM_TEMP_LIBRARY/ixc_sample_logic_1_3
P O ixc_sample_logic_1_3 _zz_zy_sva_b167 ./xc_work/xc_vawork/IXCOM_TEMP_LIBRARY/ixc_sample_logic_1_3
P O ixc_sample_logic_1_3 _zz_zy_sva_b168 ./xc_work/xc_vawork/IXCOM_TEMP_LIBRARY/ixc_sample_logic_1_3
P O ixc_sample_logic_1_3 _zz_zy_sva_b169 ./xc_work/xc_vawork/IXCOM_TEMP_LIBRARY/ixc_sample_logic_1_3
P O ixc_sample_logic_1_3 _zz_zy_sva_b170 ./xc_work/xc_vawork/IXCOM_TEMP_LIBRARY/ixc_sample_logic_1_3
P O ixc_sample_logic_1_3 _zz_zy_sva_b171 ./xc_work/xc_vawork/IXCOM_TEMP_LIBRARY/ixc_sample_logic_1_3
P O ixc_sample_logic_1_3 _zz_zy_sva_b172 ./xc_work/xc_vawork/IXCOM_TEMP_LIBRARY/ixc_sample_logic_1_3
P O ixc_sample_logic_1_3 _zz_zy_sva_b173 ./xc_work/xc_vawork/IXCOM_TEMP_LIBRARY/ixc_sample_logic_1_3
P O ixc_sample_logic_1_3 _zz_zy_sva_b174 ./xc_work/xc_vawork/IXCOM_TEMP_LIBRARY/ixc_sample_logic_1_3
P O ixc_sample_logic_1_3 _zz_zy_sva_b175 ./xc_work/xc_vawork/IXCOM_TEMP_LIBRARY/ixc_sample_logic_1_3
P O ixc_sample_logic_1_3 _zz_zy_sva_b176 ./xc_work/xc_vawork/IXCOM_TEMP_LIBRARY/ixc_sample_logic_1_3
P O ixc_sample_logic_1_3 _zz_zy_sva_b177 ./xc_work/xc_vawork/IXCOM_TEMP_LIBRARY/ixc_sample_logic_1_3
P O cr_kme_fifo_xcm57 parser_fifo ./xc_work/xc_vawork/xc_vawork/cr_kme_fifo_xcm57
