DUMMY0 0label
DUMMY1 0label
DUMMY6 1_zy_simnet_rbus_ring_o_0_w$ 0 83
DUMMY7 1_zy_simnet_kme_cceip0_ob_out_1_w$ 0 82
DUMMY8 0_zy_simnet_kme_cceip0_ob_in_mod_2_w$
DUMMY9 1_zy_simnet_kme_cceip1_ob_out_3_w$ 0 82
DUMMY10 0_zy_simnet_kme_cceip1_ob_in_mod_4_w$
DUMMY11 1_zy_simnet_kme_cceip2_ob_out_5_w$ 0 82
DUMMY12 0_zy_simnet_kme_cceip2_ob_in_mod_6_w$
DUMMY13 1_zy_simnet_kme_cceip3_ob_out_7_w$ 0 82
DUMMY14 0_zy_simnet_kme_cceip3_ob_in_mod_8_w$
DUMMY15 1_zy_simnet_kme_cddip0_ob_out_9_w$ 0 82
DUMMY16 0_zy_simnet_kme_cddip0_ob_in_mod_10_w$
DUMMY17 1_zy_simnet_kme_cddip1_ob_out_11_w$ 0 82
DUMMY18 0_zy_simnet_kme_cddip1_ob_in_mod_12_w$
DUMMY19 1_zy_simnet_kme_cddip2_ob_out_13_w$ 0 82
DUMMY20 0_zy_simnet_kme_cddip2_ob_in_mod_14_w$
DUMMY21 1_zy_simnet_kme_cddip3_ob_out_15_w$ 0 82
DUMMY22 0_zy_simnet_kme_cddip3_ob_in_mod_16_w$
DUMMY23 1_zy_simnet_kim_dout_17_w$ 0 37
DUMMY24 1_zy_simnet_labels_18_w$ 0 2175
DUMMY25 1_zy_simnet_tready_override_19_w$ 0 8
DUMMY26 1_zy_simnet_cceip_encrypt_kop_fifo_override_20_w$ 0 6
DUMMY27 1_zy_simnet_cceip_validate_kop_fifo_override_21_w$ 0 6
DUMMY28 1_zy_simnet_cddip_decrypt_kop_fifo_override_22_w$ 0 6
DUMMY29 1_zy_simnet_sa_global_ctrl_23_w$ 0 31
DUMMY30 1_zy_simnet_locl_addr_25_w$ 0 10
DUMMY31 0_zy_simnet_locl_wr_strb_26_w$
DUMMY32 1_zy_simnet_locl_wr_data_27_w$ 0 31
DUMMY33 0_zy_simnet_locl_rd_strb_28_w$
DUMMY34 1_zy_simnet_locl_rd_data_29_w$ 0 31
DUMMY35 0_zy_simnet_locl_ack_30_w$
DUMMY36 0_zy_simnet_locl_err_ack_31_w$
DUMMY37 1_zy_simnet_cceip0_out_ia_wdata_38_w$ 0 31
DUMMY38 1_zy_simnet_cceip0_out_ia_wdata_39_w$ 0 31
DUMMY39 1_zy_simnet_cceip0_out_ia_wdata_40_w$ 0 31
DUMMY40 1_zy_simnet_cceip0_out_ia_config_41_w$ 0 12
DUMMY41 1_zy_simnet_cceip0_out_im_config_42_w$ 0 11
DUMMY42 1_zy_simnet_cceip1_out_ia_wdata_44_w$ 0 31
DUMMY43 1_zy_simnet_cceip1_out_ia_wdata_45_w$ 0 31
DUMMY44 1_zy_simnet_cceip1_out_ia_wdata_46_w$ 0 31
DUMMY45 1_zy_simnet_cceip1_out_ia_config_47_w$ 0 12
DUMMY46 1_zy_simnet_cceip1_out_im_config_48_w$ 0 11
DUMMY47 1_zy_simnet_cceip2_out_ia_wdata_50_w$ 0 31
DUMMY48 1_zy_simnet_cceip2_out_ia_wdata_51_w$ 0 31
DUMMY49 1_zy_simnet_cceip2_out_ia_wdata_52_w$ 0 31
DUMMY50 1_zy_simnet_cceip2_out_ia_config_53_w$ 0 12
DUMMY51 1_zy_simnet_cceip2_out_im_config_54_w$ 0 11
DUMMY52 1_zy_simnet_cceip3_out_ia_wdata_56_w$ 0 31
DUMMY53 1_zy_simnet_cceip3_out_ia_wdata_57_w$ 0 31
DUMMY54 1_zy_simnet_cceip3_out_ia_wdata_58_w$ 0 31
DUMMY55 1_zy_simnet_cceip3_out_ia_config_59_w$ 0 12
DUMMY56 1_zy_simnet_cceip3_out_im_config_60_w$ 0 11
DUMMY57 1_zy_simnet_cddip0_out_ia_wdata_62_w$ 0 31
DUMMY58 1_zy_simnet_cddip0_out_ia_wdata_63_w$ 0 31
DUMMY59 1_zy_simnet_cddip0_out_ia_wdata_64_w$ 0 31
DUMMY60 1_zy_simnet_cddip0_out_ia_config_65_w$ 0 12
DUMMY61 1_zy_simnet_cddip0_out_im_config_66_w$ 0 11
DUMMY62 1_zy_simnet_cddip1_out_ia_wdata_68_w$ 0 31
DUMMY63 1_zy_simnet_cddip1_out_ia_wdata_69_w$ 0 31
DUMMY64 1_zy_simnet_cddip1_out_ia_wdata_70_w$ 0 31
DUMMY65 1_zy_simnet_cddip1_out_ia_config_71_w$ 0 12
DUMMY66 1_zy_simnet_cddip1_out_im_config_72_w$ 0 11
DUMMY67 1_zy_simnet_cddip2_out_ia_wdata_74_w$ 0 31
DUMMY68 1_zy_simnet_cddip2_out_ia_wdata_75_w$ 0 31
DUMMY69 1_zy_simnet_cddip2_out_ia_wdata_76_w$ 0 31
DUMMY70 1_zy_simnet_cddip2_out_ia_config_77_w$ 0 12
DUMMY71 1_zy_simnet_cddip2_out_im_config_78_w$ 0 11
DUMMY72 1_zy_simnet_cddip3_out_ia_wdata_80_w$ 0 31
DUMMY73 1_zy_simnet_cddip3_out_ia_wdata_81_w$ 0 31
DUMMY74 1_zy_simnet_cddip3_out_ia_wdata_82_w$ 0 31
DUMMY75 1_zy_simnet_cddip3_out_ia_config_83_w$ 0 12
DUMMY76 1_zy_simnet_cddip3_out_im_config_84_w$ 0 11
DUMMY77 1_zy_simnet_o_ckv_ia_wdata_part0_86_w$ 0 31
DUMMY78 1_zy_simnet_o_ckv_ia_wdata_part1_87_w$ 0 31
DUMMY79 1_zy_simnet_o_ckv_ia_config_88_w$ 0 18
DUMMY80 1_zy_simnet_o_kim_ia_wdata_part0_89_w$ 0 20
DUMMY81 1_zy_simnet_o_kim_ia_wdata_part1_90_w$ 0 16
DUMMY82 1_zy_simnet_o_kim_ia_config_91_w$ 0 17
DUMMY83 1_zy_simnet_labels_93_w$ 0 31
DUMMY84 1_zy_simnet_labels_94_w$ 0 31
DUMMY85 1_zy_simnet_labels_95_w$ 0 31
DUMMY86 1_zy_simnet_labels_96_w$ 0 31
DUMMY87 1_zy_simnet_labels_97_w$ 0 31
DUMMY88 1_zy_simnet_labels_98_w$ 0 31
DUMMY89 1_zy_simnet_labels_99_w$ 0 31
DUMMY90 1_zy_simnet_labels_100_w$ 0 31
DUMMY91 1_zy_simnet_labels_102_w$ 0 31
DUMMY92 1_zy_simnet_labels_103_w$ 0 31
DUMMY93 1_zy_simnet_labels_104_w$ 0 31
DUMMY94 1_zy_simnet_labels_105_w$ 0 31
DUMMY95 1_zy_simnet_labels_106_w$ 0 31
DUMMY96 1_zy_simnet_labels_107_w$ 0 31
DUMMY97 1_zy_simnet_labels_108_w$ 0 31
DUMMY98 1_zy_simnet_labels_109_w$ 0 31
DUMMY99 1_zy_simnet_labels_111_w$ 0 31
DUMMY100 1_zy_simnet_labels_112_w$ 0 31
DUMMY101 1_zy_simnet_labels_113_w$ 0 31
DUMMY102 1_zy_simnet_labels_114_w$ 0 31
DUMMY103 1_zy_simnet_labels_115_w$ 0 31
DUMMY104 1_zy_simnet_labels_116_w$ 0 31
DUMMY105 1_zy_simnet_labels_117_w$ 0 31
DUMMY106 1_zy_simnet_labels_118_w$ 0 31
DUMMY107 1_zy_simnet_labels_120_w$ 0 31
DUMMY108 1_zy_simnet_labels_121_w$ 0 31
DUMMY109 1_zy_simnet_labels_122_w$ 0 31
DUMMY110 1_zy_simnet_labels_123_w$ 0 31
DUMMY111 1_zy_simnet_labels_124_w$ 0 31
DUMMY112 1_zy_simnet_labels_125_w$ 0 31
DUMMY113 1_zy_simnet_labels_126_w$ 0 31
DUMMY114 1_zy_simnet_labels_127_w$ 0 31
DUMMY115 1_zy_simnet_labels_129_w$ 0 31
DUMMY116 1_zy_simnet_labels_130_w$ 0 31
DUMMY117 1_zy_simnet_labels_131_w$ 0 31
DUMMY118 1_zy_simnet_labels_132_w$ 0 31
DUMMY119 1_zy_simnet_labels_133_w$ 0 31
DUMMY120 1_zy_simnet_labels_134_w$ 0 31
DUMMY121 1_zy_simnet_labels_135_w$ 0 31
DUMMY122 1_zy_simnet_labels_136_w$ 0 31
DUMMY123 1_zy_simnet_labels_138_w$ 0 31
DUMMY124 1_zy_simnet_labels_139_w$ 0 31
DUMMY125 1_zy_simnet_labels_140_w$ 0 31
DUMMY126 1_zy_simnet_labels_141_w$ 0 31
DUMMY127 1_zy_simnet_labels_142_w$ 0 31
DUMMY128 1_zy_simnet_labels_143_w$ 0 31
DUMMY129 1_zy_simnet_labels_144_w$ 0 31
DUMMY130 1_zy_simnet_labels_145_w$ 0 31
DUMMY131 1_zy_simnet_labels_147_w$ 0 31
DUMMY132 1_zy_simnet_labels_148_w$ 0 31
DUMMY133 1_zy_simnet_labels_149_w$ 0 31
DUMMY134 1_zy_simnet_labels_150_w$ 0 31
DUMMY135 1_zy_simnet_labels_151_w$ 0 31
DUMMY136 1_zy_simnet_labels_152_w$ 0 31
DUMMY137 1_zy_simnet_labels_153_w$ 0 31
DUMMY138 1_zy_simnet_labels_154_w$ 0 31
DUMMY139 1_zy_simnet_labels_156_w$ 0 31
DUMMY140 1_zy_simnet_labels_157_w$ 0 31
DUMMY141 1_zy_simnet_labels_158_w$ 0 31
DUMMY142 1_zy_simnet_labels_159_w$ 0 31
DUMMY143 1_zy_simnet_labels_160_w$ 0 31
DUMMY144 1_zy_simnet_labels_161_w$ 0 31
DUMMY145 1_zy_simnet_labels_162_w$ 0 31
DUMMY146 1_zy_simnet_labels_163_w$ 0 31
DUMMY147 1_zy_simnet_o_kdf_drbg_ctrl_164_w$ 0 1
DUMMY148 1_zy_simnet_o_kdf_drbg_seed_0_state_key_31_0_165_w$ 0 31
DUMMY149 1_zy_simnet_o_kdf_drbg_seed_0_state_key_63_32_166_w$ 0 31
DUMMY150 1_zy_simnet_o_kdf_drbg_seed_0_state_key_95_64_167_w$ 0 31
DUMMY151 1_zy_simnet_o_kdf_drbg_seed_0_state_key_127_96_168_w$ 0 31
DUMMY152 1_zy_simnet_o_kdf_drbg_seed_0_state_key_159_128_169_w$ 0 31
DUMMY153 1_zy_simnet_o_kdf_drbg_seed_0_state_key_191_160_170_w$ 0 31
DUMMY154 1_zy_simnet_o_kdf_drbg_seed_0_state_key_223_192_171_w$ 0 31
DUMMY155 1_zy_simnet_o_kdf_drbg_seed_0_state_key_255_224_172_w$ 0 31
DUMMY156 1_zy_simnet_o_kdf_drbg_seed_0_state_value_31_0_173_w$ 0 31
DUMMY157 1_zy_simnet_o_kdf_drbg_seed_0_state_value_63_32_174_w$ 0 31
DUMMY158 1_zy_simnet_o_kdf_drbg_seed_0_state_value_95_64_175_w$ 0 31
DUMMY159 1_zy_simnet_o_kdf_drbg_seed_0_state_value_127_96_176_w$ 0 31
DUMMY160 1_zy_simnet_o_kdf_drbg_seed_0_reseed_interval_0_177_w$ 0 31
DUMMY161 1_zy_simnet_o_kdf_drbg_seed_0_reseed_interval_1_178_w$ 0 15
DUMMY162 1_zy_simnet_o_kdf_drbg_seed_1_state_key_31_0_179_w$ 0 31
DUMMY163 1_zy_simnet_o_kdf_drbg_seed_1_state_key_63_32_180_w$ 0 31
DUMMY164 1_zy_simnet_o_kdf_drbg_seed_1_state_key_95_64_181_w$ 0 31
DUMMY165 1_zy_simnet_o_kdf_drbg_seed_1_state_key_127_96_182_w$ 0 31
DUMMY166 1_zy_simnet_o_kdf_drbg_seed_1_state_key_159_128_183_w$ 0 31
DUMMY167 1_zy_simnet_o_kdf_drbg_seed_1_state_key_191_160_184_w$ 0 31
DUMMY168 1_zy_simnet_o_kdf_drbg_seed_1_state_key_223_192_185_w$ 0 31
DUMMY169 1_zy_simnet_o_kdf_drbg_seed_1_state_key_255_224_186_w$ 0 31
DUMMY170 1_zy_simnet_o_kdf_drbg_seed_1_state_value_31_0_187_w$ 0 31
DUMMY171 1_zy_simnet_o_kdf_drbg_seed_1_state_value_63_32_188_w$ 0 31
DUMMY172 1_zy_simnet_o_kdf_drbg_seed_1_state_value_95_64_189_w$ 0 31
DUMMY173 1_zy_simnet_o_kdf_drbg_seed_1_state_value_127_96_190_w$ 0 31
DUMMY174 1_zy_simnet_o_kdf_drbg_seed_1_reseed_interval_0_191_w$ 0 31
DUMMY175 1_zy_simnet_o_kdf_drbg_seed_1_reseed_interval_1_192_w$ 0 15
DUMMY176 1_zy_simnet_o_interrupt_mask_194_w$ 0 4
DUMMY177 1_zy_simnet_o_engine_sticky_status_195_w$ 0 7
DUMMY178 1_zy_simnet_o_bimc_monitor_mask_196_w$ 0 6
DUMMY179 1_zy_simnet_o_bimc_ecc_uncorrectable_error_cnt_197_w$ 0 31
DUMMY180 1_zy_simnet_o_bimc_ecc_correctable_error_cnt_198_w$ 0 31
DUMMY181 1_zy_simnet_o_bimc_parity_error_cnt_199_w$ 0 31
DUMMY182 1_zy_simnet_o_bimc_global_config_200_w$ 0 31
DUMMY183 1_zy_simnet_o_bimc_eccpar_debug_201_w$ 0 28
DUMMY184 1_zy_simnet_o_bimc_cmd2_202_w$ 0 10
DUMMY185 1_zy_simnet_o_bimc_cmd1_203_w$ 0 31
DUMMY186 1_zy_simnet_o_bimc_cmd0_204_w$ 0 31
DUMMY187 1_zy_simnet_o_bimc_rxcmd2_205_w$ 0 9
DUMMY188 1_zy_simnet_o_bimc_rxrsp2_206_w$ 0 9
DUMMY189 1_zy_simnet_o_bimc_pollrsp2_207_w$ 0 9
DUMMY190 1_zy_simnet_o_bimc_dbgcmd2_208_w$ 0 9
DUMMY191 1_zy_simnet_tready_override_210_w$ 0 8
DUMMY192 1_zy_simnet_regs_sa_ctrl_211_w$ 0 31
DUMMY193 1_zy_simnet_sa_snapshot_ia_wdata_212_w$ 0 31
DUMMY194 1_zy_simnet_sa_snapshot_ia_wdata_213_w$ 0 31
DUMMY195 1_zy_simnet_sa_snapshot_ia_config_214_w$ 0 8
DUMMY196 1_zy_simnet_sa_count_ia_wdata_215_w$ 0 31
DUMMY197 1_zy_simnet_sa_count_ia_wdata_216_w$ 0 31
DUMMY198 1_zy_simnet_sa_count_ia_config_217_w$ 0 8
DUMMY199 1_zy_simnet_cceip_encrypt_kop_fifo_override_218_w$ 0 6
DUMMY200 1_zy_simnet_cceip_validate_kop_fifo_override_219_w$ 0 6
DUMMY201 1_zy_simnet_cddip_decrypt_kop_fifo_override_220_w$ 0 6
DUMMY202 1_zy_simnet_sa_global_ctrl_221_w$ 0 31
DUMMY203 1_zy_simnet_sa_ctrl_ia_wdata_222_w$ 0 31
DUMMY204 1_zy_simnet_sa_ctrl_ia_config_223_w$ 0 8
DUMMY205 1_zy_simnet_blkid_revid_config_224_w$ 0 31
DUMMY206 1_zy_simnet_revid_wire_225_w$ 0 7
DUMMY207 1_zy_simnet_cceip0_out_ia_capability_227_w$ 0 19
DUMMY208 1_zy_simnet_cceip0_out_ia_status_228_w$ 0 16
DUMMY209 1_zy_simnet_cceip0_out_im_status_232_w$ 0 11
DUMMY210 1_zy_simnet_cceip1_out_ia_capability_234_w$ 0 19
DUMMY211 1_zy_simnet_cceip1_out_ia_status_235_w$ 0 16
DUMMY212 1_zy_simnet_cceip1_out_im_status_239_w$ 0 11
DUMMY213 1_zy_simnet_cceip2_out_ia_capability_241_w$ 0 19
DUMMY214 1_zy_simnet_cceip2_out_ia_status_242_w$ 0 16
DUMMY215 1_zy_simnet_cceip2_out_im_status_246_w$ 0 11
DUMMY216 1_zy_simnet_cceip3_out_ia_capability_248_w$ 0 19
DUMMY217 1_zy_simnet_cceip3_out_ia_status_249_w$ 0 16
DUMMY218 1_zy_simnet_cceip3_out_im_status_253_w$ 0 11
DUMMY219 1_zy_simnet_cddip0_out_ia_capability_255_w$ 0 19
DUMMY220 1_zy_simnet_cddip0_out_ia_status_256_w$ 0 16
DUMMY221 1_zy_simnet_cddip0_out_im_status_260_w$ 0 11
DUMMY222 1_zy_simnet_cddip1_out_ia_capability_262_w$ 0 19
DUMMY223 1_zy_simnet_cddip1_out_ia_status_263_w$ 0 16
DUMMY224 1_zy_simnet_cddip1_out_im_status_267_w$ 0 11
DUMMY225 1_zy_simnet_cddip2_out_ia_capability_269_w$ 0 19
DUMMY226 1_zy_simnet_cddip2_out_ia_status_270_w$ 0 16
DUMMY227 1_zy_simnet_cddip2_out_im_status_274_w$ 0 11
DUMMY228 1_zy_simnet_cddip3_out_ia_capability_276_w$ 0 19
DUMMY229 1_zy_simnet_cddip3_out_ia_status_277_w$ 0 16
DUMMY230 1_zy_simnet_cddip3_out_im_status_281_w$ 0 11
DUMMY231 1_zy_simnet_ckv_ia_capability_283_w$ 0 19
DUMMY232 1_zy_simnet_ckv_ia_status_284_w$ 0 22
DUMMY233 1_zy_simnet_ckv_ia_rdata_part0_285_w$ 0 31
DUMMY234 1_zy_simnet_ckv_ia_rdata_part1_286_w$ 0 31
DUMMY235 1_zy_simnet_kim_ia_capability_287_w$ 0 19
DUMMY236 1_zy_simnet_kim_ia_status_288_w$ 0 21
DUMMY237 1_zy_simnet_kim_ia_rdata_part0_289_w$ 0 20
DUMMY238 1_zy_simnet_kim_ia_rdata_part1_290_w$ 0 16
DUMMY239 1_zy_simnet_kdf_drbg_ctrl_291_w$ 0 1
DUMMY240 1_zy_simnet_interrupt_status_292_w$ 0 4
DUMMY241 1_zy_simnet_engine_sticky_status_293_w$ 0 7
DUMMY242 1_zy_simnet_bimc_monitor_294_w$ 0 6
DUMMY243 1_zy_simnet_bimc_ecc_uncorrectable_error_cnt_295_w$ 0 31
DUMMY244 1_zy_simnet_bimc_ecc_correctable_error_cnt_296_w$ 0 31
DUMMY245 1_zy_simnet_bimc_parity_error_cnt_297_w$ 0 31
DUMMY246 1_zy_simnet_bimc_global_config_298_w$ 0 31
DUMMY247 1_zy_simnet_bimc_memid_299_w$ 0 11
DUMMY248 1_zy_simnet_bimc_eccpar_debug_300_w$ 0 28
DUMMY249 1_zy_simnet_bimc_cmd2_301_w$ 0 10
DUMMY250 1_zy_simnet_bimc_rxcmd2_302_w$ 0 9
DUMMY251 1_zy_simnet_bimc_rxcmd1_303_w$ 0 31
DUMMY252 1_zy_simnet_bimc_rxcmd0_304_w$ 0 31
DUMMY253 1_zy_simnet_bimc_rxrsp2_305_w$ 0 9
DUMMY254 1_zy_simnet_bimc_rxrsp1_306_w$ 0 31
DUMMY255 1_zy_simnet_bimc_rxrsp0_307_w$ 0 31
DUMMY256 1_zy_simnet_bimc_pollrsp2_308_w$ 0 9
DUMMY257 1_zy_simnet_bimc_pollrsp1_309_w$ 0 31
DUMMY258 1_zy_simnet_bimc_pollrsp0_310_w$ 0 31
DUMMY259 1_zy_simnet_bimc_dbgcmd2_311_w$ 0 9
DUMMY260 1_zy_simnet_bimc_dbgcmd1_312_w$ 0 31
DUMMY261 1_zy_simnet_bimc_dbgcmd0_313_w$ 0 31
DUMMY262 1_zy_simnet_im_available_314_w$ 0 15
DUMMY263 1_zy_simnet_tready_override_316_w$ 0 8
DUMMY264 1_zy_simnet_regs_sa_ctrl_317_w$ 0 31
DUMMY265 1_zy_simnet_sa_snapshot_ia_capability_318_w$ 0 19
DUMMY266 1_zy_simnet_sa_snapshot_ia_status_319_w$ 0 12
DUMMY267 1_zy_simnet_sa_snapshot_ia_rdata_320_w$ 0 31
DUMMY268 1_zy_simnet_sa_snapshot_ia_rdata_321_w$ 0 31
DUMMY269 1_zy_simnet_sa_count_ia_capability_322_w$ 0 19
DUMMY270 1_zy_simnet_sa_count_ia_status_323_w$ 0 12
DUMMY271 1_zy_simnet_sa_count_ia_rdata_324_w$ 0 31
DUMMY272 1_zy_simnet_sa_count_ia_rdata_325_w$ 0 31
DUMMY273 1_zy_simnet_sa_global_ctrl_326_w$ 0 31
DUMMY274 1_zy_simnet_sa_ctrl_ia_capability_327_w$ 0 19
DUMMY275 1_zy_simnet_sa_ctrl_ia_status_328_w$ 0 12
DUMMY276 1_zy_simnet_sa_ctrl_ia_rdata_329_w$ 0 31
DUMMY277 0_zy_simnet_wr_stb_330_w$
DUMMY278 1_zy_simnet_wr_data_332_w$ 0 31
DUMMY279 1_zy_simnet_reg_addr_333_w$ 0 10
DUMMY280 1_zy_simnet_rbus_ring_o_334_w$ 0 15
DUMMY281 0_zy_simnet_rbus_ring_o_335_w$
DUMMY282 1_zy_simnet_rbus_ring_o_336_w$ 0 31
DUMMY283 0_zy_simnet_rbus_ring_o_337_w$
DUMMY284 1_zy_simnet_locl_addr_338_w$ 0 10
DUMMY285 0_zy_simnet_locl_wr_strb_339_w$
DUMMY286 1_zy_simnet_locl_wr_data_340_w$ 0 31
DUMMY287 0_zy_simnet_locl_rd_strb_341_w$
DUMMY288 1_zy_simnet_locl_rd_data_342_w$ 0 31
DUMMY289 0_zy_simnet_locl_ack_343_w$
DUMMY290 0_zy_simnet_locl_err_ack_344_w$
DUMMY291 1_zy_simnet_rbus_ring_o_345_w$ 0 31
DUMMY292 0_zy_simnet_rbus_ring_o_346_w$
DUMMY293 0_zy_simnet_rbus_ring_o_347_w$
DUMMY294 0_zy_simnet_kme_cceip0_ob_in_mod_348_w$
DUMMY295 1_zy_simnet_kme_cceip0_ob_out_post_349_w$ 0 82
DUMMY296 0_zy_simnet_cceip0_im_vld_350_w$
DUMMY297 0_zy_simnet_cceip0_im_rdy_352_w$
DUMMY298 0_zy_simnet_kme_cceip1_ob_in_mod_353_w$
DUMMY299 1_zy_simnet_kme_cceip1_ob_out_post_354_w$ 0 82
DUMMY300 0_zy_simnet_cceip1_im_vld_355_w$
DUMMY301 0_zy_simnet_cceip1_im_rdy_357_w$
DUMMY302 0_zy_simnet_kme_cceip2_ob_in_mod_358_w$
DUMMY303 1_zy_simnet_kme_cceip2_ob_out_post_359_w$ 0 82
DUMMY304 0_zy_simnet_cceip2_im_vld_360_w$
DUMMY305 0_zy_simnet_cceip2_im_rdy_362_w$
DUMMY306 0_zy_simnet_kme_cceip3_ob_in_mod_363_w$
DUMMY307 1_zy_simnet_kme_cceip3_ob_out_post_364_w$ 0 82
DUMMY308 0_zy_simnet_cceip3_im_vld_365_w$
DUMMY309 0_zy_simnet_cceip3_im_rdy_367_w$
DUMMY310 0_zy_simnet_kme_cddip0_ob_in_mod_368_w$
DUMMY311 1_zy_simnet_kme_cddip0_ob_out_post_369_w$ 0 82
DUMMY312 0_zy_simnet_cddip0_im_vld_370_w$
DUMMY313 0_zy_simnet_cddip0_im_rdy_372_w$
DUMMY314 0_zy_simnet_kme_cddip1_ob_in_mod_373_w$
DUMMY315 1_zy_simnet_kme_cddip1_ob_out_post_374_w$ 0 82
DUMMY316 0_zy_simnet_cddip1_im_vld_375_w$
DUMMY317 0_zy_simnet_cddip1_im_rdy_377_w$
DUMMY318 0_zy_simnet_kme_cddip2_ob_in_mod_378_w$
DUMMY319 1_zy_simnet_kme_cddip2_ob_out_post_379_w$ 0 82
DUMMY320 0_zy_simnet_cddip2_im_vld_380_w$
DUMMY321 0_zy_simnet_cddip2_im_rdy_382_w$
DUMMY322 0_zy_simnet_kme_cddip3_ob_in_mod_383_w$
DUMMY323 1_zy_simnet_kme_cddip3_ob_out_post_384_w$ 0 82
DUMMY324 0_zy_simnet_cddip3_im_vld_385_w$
DUMMY325 0_zy_simnet_cddip3_im_rdy_387_w$
DUMMY326 1_zy_simnet_cceip0_out_ia_status_388_w$ 0 2
DUMMY327 1_zy_simnet_cceip0_out_ia_status_389_w$ 0 4
DUMMY328 1_zy_simnet_cceip0_out_ia_status_390_w$ 0 8
DUMMY329 1_zy_simnet_cceip0_out_ia_capability_391_w$ 0 15
DUMMY330 1_zy_simnet_cceip0_out_ia_capability_392_w$ 0 3
DUMMY331 1_zy_simnet_cceip0_out_ia_rdata_393_w$ 0 95
DUMMY332 0_zy_simnet_cceip1_ism_idat_394_w$
DUMMY333 0_zy_simnet_cceip1_ism_isync_395_w$
DUMMY334 0_zy_simnet_cceip0_ism_mbe_396_w$
DUMMY335 0_zy_simnet_cceip0_im_rdy_397_w$
DUMMY336 1_zy_simnet_im_available_kme_cceip0_398_w$ 0 1
DUMMY337 1_zy_simnet_cceip0_out_im_status_399_w$ 0 11
DUMMY338 1_zy_simnet_reg_addr_400_w$ 0 10
DUMMY339 1_zy_simnet_cceip0_out_ia_config_401_w$ 0 3
DUMMY340 1_zy_simnet_cceip0_out_ia_config_402_w$ 0 8
DUMMY341 0_zy_simnet_wr_stb_403_w$
DUMMY342 1_zy_simnet_cceip0_out_ia_wdata_404_w$ 0 95
DUMMY343 0_zy_simnet_cceip0_ism_bimc_isync_406_w$
DUMMY344 0_zy_simnet_cceip0_ism_bimc_idat_407_w$
DUMMY345 1_zy_simnet_cceip0_im_din_408_w$ 0 95
DUMMY346 0_zy_simnet_cceip0_im_vld_409_w$
DUMMY347 1_zy_simnet_im_consumed_kme_cceip0_410_w$ 0 1
DUMMY348 1_zy_simnet_cceip0_out_im_config_411_w$ 0 11
DUMMY349 1_zy_simnet_cceip1_out_ia_status_412_w$ 0 2
DUMMY350 1_zy_simnet_cceip1_out_ia_status_413_w$ 0 4
DUMMY351 1_zy_simnet_cceip1_out_ia_status_414_w$ 0 8
DUMMY352 1_zy_simnet_cceip1_out_ia_capability_415_w$ 0 15
DUMMY353 1_zy_simnet_cceip1_out_ia_capability_416_w$ 0 3
DUMMY354 1_zy_simnet_cceip1_out_ia_rdata_417_w$ 0 95
DUMMY355 0_zy_simnet_cceip2_ism_idat_418_w$
DUMMY356 0_zy_simnet_cceip2_ism_isync_419_w$
DUMMY357 0_zy_simnet_cceip1_ism_mbe_420_w$
DUMMY358 0_zy_simnet_cceip1_im_rdy_421_w$
DUMMY359 1_zy_simnet_im_available_kme_cceip1_422_w$ 0 1
DUMMY360 1_zy_simnet_cceip1_out_im_status_423_w$ 0 11
DUMMY361 1_zy_simnet_reg_addr_424_w$ 0 10
DUMMY362 1_zy_simnet_cceip1_out_ia_config_425_w$ 0 3
DUMMY363 1_zy_simnet_cceip1_out_ia_config_426_w$ 0 8
DUMMY364 0_zy_simnet_wr_stb_427_w$
DUMMY365 1_zy_simnet_cceip1_out_ia_wdata_428_w$ 0 95
DUMMY366 0_zy_simnet_cceip1_ism_isync_430_w$
DUMMY367 0_zy_simnet_cceip1_ism_idat_431_w$
DUMMY368 1_zy_simnet_cceip1_im_din_432_w$ 0 95
DUMMY369 0_zy_simnet_cceip1_im_vld_433_w$
DUMMY370 1_zy_simnet_im_consumed_kme_cceip1_434_w$ 0 1
DUMMY371 1_zy_simnet_cceip1_out_im_config_435_w$ 0 11
DUMMY372 1_zy_simnet_cceip2_out_ia_status_436_w$ 0 2
DUMMY373 1_zy_simnet_cceip2_out_ia_status_437_w$ 0 4
DUMMY374 1_zy_simnet_cceip2_out_ia_status_438_w$ 0 8
DUMMY375 1_zy_simnet_cceip2_out_ia_capability_439_w$ 0 15
DUMMY376 1_zy_simnet_cceip2_out_ia_capability_440_w$ 0 3
DUMMY377 1_zy_simnet_cceip2_out_ia_rdata_441_w$ 0 95
DUMMY378 0_zy_simnet_cceip3_ism_idat_442_w$
DUMMY379 0_zy_simnet_cceip3_ism_isync_443_w$
DUMMY380 0_zy_simnet_cceip2_ism_mbe_444_w$
DUMMY381 0_zy_simnet_cceip2_im_rdy_445_w$
DUMMY382 1_zy_simnet_im_available_kme_cceip2_446_w$ 0 1
DUMMY383 1_zy_simnet_cceip2_out_im_status_447_w$ 0 11
DUMMY384 1_zy_simnet_reg_addr_448_w$ 0 10
DUMMY385 1_zy_simnet_cceip2_out_ia_config_449_w$ 0 3
DUMMY386 1_zy_simnet_cceip2_out_ia_config_450_w$ 0 8
DUMMY387 0_zy_simnet_wr_stb_451_w$
DUMMY388 1_zy_simnet_cceip2_out_ia_wdata_452_w$ 0 95
DUMMY389 0_zy_simnet_cceip2_ism_isync_454_w$
DUMMY390 0_zy_simnet_cceip2_ism_idat_455_w$
DUMMY391 1_zy_simnet_cceip2_im_din_456_w$ 0 95
DUMMY392 0_zy_simnet_cceip2_im_vld_457_w$
DUMMY393 1_zy_simnet_im_consumed_kme_cceip2_458_w$ 0 1
DUMMY394 1_zy_simnet_cceip2_out_im_config_459_w$ 0 11
DUMMY395 1_zy_simnet_cceip3_out_ia_status_460_w$ 0 2
DUMMY396 1_zy_simnet_cceip3_out_ia_status_461_w$ 0 4
DUMMY397 1_zy_simnet_cceip3_out_ia_status_462_w$ 0 8
DUMMY398 1_zy_simnet_cceip3_out_ia_capability_463_w$ 0 15
DUMMY399 1_zy_simnet_cceip3_out_ia_capability_464_w$ 0 3
DUMMY400 1_zy_simnet_cceip3_out_ia_rdata_465_w$ 0 95
DUMMY401 0_zy_simnet_cddip0_ism_idat_466_w$
DUMMY402 0_zy_simnet_cddip0_ism_isync_467_w$
DUMMY403 0_zy_simnet_cceip3_ism_mbe_468_w$
DUMMY404 0_zy_simnet_cceip3_im_rdy_469_w$
DUMMY405 1_zy_simnet_im_available_kme_cceip3_470_w$ 0 1
DUMMY406 1_zy_simnet_cceip3_out_im_status_471_w$ 0 11
DUMMY407 1_zy_simnet_reg_addr_472_w$ 0 10
DUMMY408 1_zy_simnet_cceip3_out_ia_config_473_w$ 0 3
DUMMY409 1_zy_simnet_cceip3_out_ia_config_474_w$ 0 8
DUMMY410 0_zy_simnet_wr_stb_475_w$
DUMMY411 1_zy_simnet_cceip3_out_ia_wdata_476_w$ 0 95
DUMMY412 0_zy_simnet_cceip3_ism_isync_478_w$
DUMMY413 0_zy_simnet_cceip3_ism_idat_479_w$
DUMMY414 1_zy_simnet_cceip3_im_din_480_w$ 0 95
DUMMY415 0_zy_simnet_cceip3_im_vld_481_w$
DUMMY416 1_zy_simnet_im_consumed_kme_cceip3_482_w$ 0 1
DUMMY417 1_zy_simnet_cceip3_out_im_config_483_w$ 0 11
DUMMY418 1_zy_simnet_cddip0_out_ia_status_484_w$ 0 2
DUMMY419 1_zy_simnet_cddip0_out_ia_status_485_w$ 0 4
DUMMY420 1_zy_simnet_cddip0_out_ia_status_486_w$ 0 8
DUMMY421 1_zy_simnet_cddip0_out_ia_capability_487_w$ 0 15
DUMMY422 1_zy_simnet_cddip0_out_ia_capability_488_w$ 0 3
DUMMY423 1_zy_simnet_cddip0_out_ia_rdata_489_w$ 0 95
DUMMY424 0_zy_simnet_cddip1_ism_idat_490_w$
DUMMY425 0_zy_simnet_cddip1_ism_isync_491_w$
DUMMY426 0_zy_simnet_cddip0_ism_mbe_492_w$
DUMMY427 0_zy_simnet_cddip0_im_rdy_493_w$
DUMMY428 1_zy_simnet_im_available_kme_cddip0_494_w$ 0 1
DUMMY429 1_zy_simnet_cddip0_out_im_status_495_w$ 0 11
DUMMY430 1_zy_simnet_reg_addr_496_w$ 0 10
DUMMY431 1_zy_simnet_cddip0_out_ia_config_497_w$ 0 3
DUMMY432 1_zy_simnet_cddip0_out_ia_config_498_w$ 0 8
DUMMY433 0_zy_simnet_wr_stb_499_w$
DUMMY434 1_zy_simnet_cddip0_out_ia_wdata_500_w$ 0 95
DUMMY435 0_zy_simnet_cddip0_ism_isync_502_w$
DUMMY436 0_zy_simnet_cddip0_ism_idat_503_w$
DUMMY437 1_zy_simnet_cddip0_im_din_504_w$ 0 95
DUMMY438 0_zy_simnet_cddip0_im_vld_505_w$
DUMMY439 1_zy_simnet_im_consumed_kme_cddip0_506_w$ 0 1
DUMMY440 1_zy_simnet_cddip0_out_im_config_507_w$ 0 11
DUMMY441 1_zy_simnet_cddip1_out_ia_status_508_w$ 0 2
DUMMY442 1_zy_simnet_cddip1_out_ia_status_509_w$ 0 4
DUMMY443 1_zy_simnet_cddip1_out_ia_status_510_w$ 0 8
DUMMY444 1_zy_simnet_cddip1_out_ia_capability_511_w$ 0 15
DUMMY445 1_zy_simnet_cddip1_out_ia_capability_512_w$ 0 3
DUMMY446 1_zy_simnet_cddip1_out_ia_rdata_513_w$ 0 95
DUMMY447 0_zy_simnet_cddip2_ism_idat_514_w$
DUMMY448 0_zy_simnet_cddip2_ism_isync_515_w$
DUMMY449 0_zy_simnet_cddip1_ism_mbe_516_w$
DUMMY450 0_zy_simnet_cddip1_im_rdy_517_w$
DUMMY451 1_zy_simnet_im_available_kme_cddip1_518_w$ 0 1
DUMMY452 1_zy_simnet_cddip1_out_im_status_519_w$ 0 11
DUMMY453 1_zy_simnet_reg_addr_520_w$ 0 10
DUMMY454 1_zy_simnet_cddip1_out_ia_config_521_w$ 0 3
DUMMY455 1_zy_simnet_cddip1_out_ia_config_522_w$ 0 8
DUMMY456 0_zy_simnet_wr_stb_523_w$
DUMMY457 1_zy_simnet_cddip1_out_ia_wdata_524_w$ 0 95
DUMMY458 0_zy_simnet_cddip1_ism_isync_526_w$
DUMMY459 0_zy_simnet_cddip1_ism_idat_527_w$
DUMMY460 1_zy_simnet_cddip1_im_din_528_w$ 0 95
DUMMY461 0_zy_simnet_cddip1_im_vld_529_w$
DUMMY462 1_zy_simnet_im_consumed_kme_cddip1_530_w$ 0 1
DUMMY463 1_zy_simnet_cddip1_out_im_config_531_w$ 0 11
DUMMY464 1_zy_simnet_cddip2_out_ia_status_532_w$ 0 2
DUMMY465 1_zy_simnet_cddip2_out_ia_status_533_w$ 0 4
DUMMY466 1_zy_simnet_cddip2_out_ia_status_534_w$ 0 8
DUMMY467 1_zy_simnet_cddip2_out_ia_capability_535_w$ 0 15
DUMMY468 1_zy_simnet_cddip2_out_ia_capability_536_w$ 0 3
DUMMY469 1_zy_simnet_cddip2_out_ia_rdata_537_w$ 0 95
DUMMY470 0_zy_simnet_cddip3_ism_idat_538_w$
DUMMY471 0_zy_simnet_cddip3_ism_isync_539_w$
DUMMY472 0_zy_simnet_cddip2_ism_mbe_540_w$
DUMMY473 0_zy_simnet_cddip2_im_rdy_541_w$
DUMMY474 1_zy_simnet_im_available_kme_cddip2_542_w$ 0 1
DUMMY475 1_zy_simnet_cddip2_out_im_status_543_w$ 0 11
DUMMY476 1_zy_simnet_reg_addr_544_w$ 0 10
DUMMY477 1_zy_simnet_cddip2_out_ia_config_545_w$ 0 3
DUMMY478 1_zy_simnet_cddip2_out_ia_config_546_w$ 0 8
DUMMY479 0_zy_simnet_wr_stb_547_w$
DUMMY480 1_zy_simnet_cddip2_out_ia_wdata_548_w$ 0 95
DUMMY481 0_zy_simnet_cddip2_ism_isync_550_w$
DUMMY482 0_zy_simnet_cddip2_ism_idat_551_w$
DUMMY483 1_zy_simnet_cddip2_im_din_552_w$ 0 95
DUMMY484 0_zy_simnet_cddip2_im_vld_553_w$
DUMMY485 1_zy_simnet_im_consumed_kme_cddip2_554_w$ 0 1
DUMMY486 1_zy_simnet_cddip2_out_im_config_555_w$ 0 11
DUMMY487 1_zy_simnet_cddip3_out_ia_status_556_w$ 0 2
DUMMY488 1_zy_simnet_cddip3_out_ia_status_557_w$ 0 4
DUMMY489 1_zy_simnet_cddip3_out_ia_status_558_w$ 0 8
DUMMY490 1_zy_simnet_cddip3_out_ia_capability_559_w$ 0 15
DUMMY491 1_zy_simnet_cddip3_out_ia_capability_560_w$ 0 3
DUMMY492 1_zy_simnet_cddip3_out_ia_rdata_561_w$ 0 95
DUMMY493 0_zy_simnet_cddip3_ism_odat_562_w$
DUMMY494 0_zy_simnet_cddip3_ism_osync_563_w$
DUMMY495 0_zy_simnet_cddip3_ism_mbe_564_w$
DUMMY496 0_zy_simnet_cddip3_im_rdy_565_w$
DUMMY497 1_zy_simnet_im_available_kme_cddip3_566_w$ 0 1
DUMMY498 1_zy_simnet_cddip3_out_im_status_567_w$ 0 11
DUMMY499 1_zy_simnet_reg_addr_568_w$ 0 10
DUMMY500 1_zy_simnet_cddip3_out_ia_config_569_w$ 0 3
DUMMY501 1_zy_simnet_cddip3_out_ia_config_570_w$ 0 8
DUMMY502 0_zy_simnet_wr_stb_571_w$
DUMMY503 1_zy_simnet_cddip3_out_ia_wdata_572_w$ 0 95
DUMMY504 0_zy_simnet_cddip3_ism_isync_574_w$
DUMMY505 0_zy_simnet_cddip3_ism_idat_575_w$
DUMMY506 1_zy_simnet_cddip3_im_din_576_w$ 0 95
DUMMY507 0_zy_simnet_cddip3_im_vld_577_w$
DUMMY508 1_zy_simnet_im_consumed_kme_cddip3_578_w$ 0 1
DUMMY509 1_zy_simnet_cddip3_out_im_config_579_w$ 0 11
DUMMY510 1_zy_simnet_ckv_cmnd_op_580_w$ 0 3
DUMMY511 1_zy_simnet_ckv_cmnd_addr_581_w$ 0 14
DUMMY512 1_zy_simnet_ckv_wr_dat_582_w$ 0 63
DUMMY513 1_zy_simnet_ckv_ia_capability_583_w$ 0 19
DUMMY514 1_zy_simnet_ckv_ia_rdata_part0_584_w$ 0 31
DUMMY515 1_zy_simnet_ckv_ia_rdata_part1_585_w$ 0 31
DUMMY516 1_zy_simnet_ckv_ia_status_586_w$ 0 22
DUMMY517 1_zy_simnet_kim_cmnd_op_587_w$ 0 3
DUMMY518 1_zy_simnet_kim_cmnd_addr_588_w$ 0 13
DUMMY519 1_zy_simnet_kim_wr_dat_589_w$ 0 37
DUMMY520 1_zy_simnet_kim_ia_capability_590_w$ 0 19
DUMMY521 1_zy_simnet_kim_ia_rdata_part0_591_w$ 0 20
DUMMY522 1_zy_simnet_kim_ia_rdata_part1_592_w$ 0 16
DUMMY523 1_zy_simnet_kim_ia_status_593_w$ 0 21
DUMMY524 1_zy_simnet_engine_sticky_status_594_w$ 0 7
DUMMY525 0_zy_simnet_disable_ckv_kim_ism_reads_595_w$
DUMMY526 0_zy_simnet_send_kme_ib_beat_596_w$
DUMMY527 1_zy_simnet_kme_cceip0_ob_out_597_w$ 0 82
DUMMY528 1_zy_simnet_kme_cceip1_ob_out_598_w$ 0 82
DUMMY529 1_zy_simnet_kme_cceip2_ob_out_599_w$ 0 82
DUMMY530 1_zy_simnet_kme_cceip3_ob_out_600_w$ 0 82
DUMMY531 1_zy_simnet_kme_cddip0_ob_out_601_w$ 0 82
DUMMY532 1_zy_simnet_kme_cddip1_ob_out_602_w$ 0 82
DUMMY533 1_zy_simnet_kme_cddip2_ob_out_603_w$ 0 82
DUMMY534 1_zy_simnet_kme_cddip3_ob_out_604_w$ 0 82
DUMMY535 0_zy_simnet_axi_term_bimc_isync_605_w$
DUMMY536 0_zy_simnet_axi_term_bimc_idat_606_w$
DUMMY537 1_zy_simnet_ckv_stat_code_607_w$ 0 2
DUMMY538 1_zy_simnet_ckv_stat_datawords_608_w$ 0 4
DUMMY539 1_zy_simnet_ckv_stat_addr_609_w$ 0 14
DUMMY540 1_zy_simnet_ckv_capability_type_610_w$ 0 3
DUMMY541 1_zy_simnet_ckv_capability_lst_611_w$ 0 15
DUMMY542 1_zy_simnet_ckv_rd_dat_612_w$ 0 63
DUMMY543 1_zy_simnet_o_ckv_ia_config_613_w$ 0 18
DUMMY544 1_zy_simnet_o_ckv_ia_wdata_part0_614_w$ 0 31
DUMMY545 1_zy_simnet_o_ckv_ia_wdata_part1_615_w$ 0 31
DUMMY546 1_zy_simnet_kim_stat_code_616_w$ 0 2
DUMMY547 1_zy_simnet_kim_stat_datawords_617_w$ 0 4
DUMMY548 1_zy_simnet_kim_stat_addr_618_w$ 0 13
DUMMY549 1_zy_simnet_kim_capability_type_619_w$ 0 3
DUMMY550 1_zy_simnet_kim_capability_lst_620_w$ 0 15
DUMMY551 1_zy_simnet_kim_rd_dat_621_w$ 0 37
DUMMY552 1_zy_simnet_o_kim_ia_config_622_w$ 0 17
DUMMY553 1_zy_simnet_o_kim_ia_wdata_part0_623_w$ 0 20
DUMMY554 1_zy_simnet_o_kim_ia_wdata_part1_624_w$ 0 16
DUMMY555 0_zy_simnet_wr_stb_625_w$
DUMMY556 1_zy_simnet_wr_data_626_w$ 0 31
DUMMY557 1_zy_simnet_reg_addr_627_w$ 0 10
DUMMY558 1_zy_simnet_o_engine_sticky_status_628_w$ 0 7
DUMMY559 0_zy_simnet_o_disable_ckv_kim_ism_reads_629_w$
DUMMY560 0_zy_simnet_o_send_kme_ib_beat_630_w$
DUMMY561 1_zy_simnet_cceip0_out_ia_wdata_631_w$ 0 95
DUMMY562 1_zy_simnet_tready_override_632_w$ 0 8
DUMMY563 1_zy_simnet_kme_cceip0_ob_out_post_633_w$ 0 82
DUMMY564 1_zy_simnet_kme_cceip1_ob_out_post_634_w$ 0 82
DUMMY565 1_zy_simnet_kme_cceip2_ob_out_post_635_w$ 0 82
DUMMY566 1_zy_simnet_kme_cceip3_ob_out_post_636_w$ 0 82
DUMMY567 1_zy_simnet_kme_cddip0_ob_out_post_637_w$ 0 82
DUMMY568 1_zy_simnet_kme_cddip1_ob_out_post_638_w$ 0 82
DUMMY569 1_zy_simnet_kme_cddip2_ob_out_post_639_w$ 0 82
DUMMY570 1_zy_simnet_kme_cddip3_ob_out_post_640_w$ 0 82
DUMMY571 0_zy_simnet_cddip3_ism_osync_641_w$
DUMMY572 0_zy_simnet_cddip3_ism_odat_642_w$
DUMMY573 1_zy_simnet_reg_addr_643_w$ 0 10
DUMMY574 1_zy_simnet_ckv_cmnd_op_644_w$ 0 3
DUMMY575 1_zy_simnet_ckv_cmnd_addr_645_w$ 0 14
DUMMY576 1_zy_simnet_ckv_stat_code_646_w$ 0 2
DUMMY577 1_zy_simnet_ckv_stat_datawords_647_w$ 0 4
DUMMY578 1_zy_simnet_ckv_stat_addr_648_w$ 0 14
DUMMY579 1_zy_simnet_ckv_capability_lst_649_w$ 0 15
DUMMY580 1_zy_simnet_ckv_capability_type_650_w$ 0 3
DUMMY581 0_zy_simnet_wr_stb_651_w$
DUMMY582 1_zy_simnet_ckv_wr_dat_652_w$ 0 63
DUMMY583 1_zy_simnet_ckv_rd_dat_653_w$ 0 63
DUMMY584 0_zy_simnet_ckv_bimc_isync_655_w$
DUMMY585 0_zy_simnet_ckv_bimc_idat_656_w$
DUMMY586 0_zy_simnet_cceip0_ism_bimc_idat_657_w$
DUMMY587 0_zy_simnet_cceip0_ism_bimc_isync_658_w$
DUMMY588 1_zy_simnet_reg_addr_663_w$ 0 10
DUMMY589 1_zy_simnet_kim_cmnd_op_664_w$ 0 3
DUMMY590 1_zy_simnet_kim_cmnd_addr_665_w$ 0 13
DUMMY591 1_zy_simnet_kim_stat_code_666_w$ 0 2
DUMMY592 1_zy_simnet_kim_stat_datawords_667_w$ 0 4
DUMMY593 1_zy_simnet_kim_stat_addr_668_w$ 0 13
DUMMY594 1_zy_simnet_kim_capability_lst_669_w$ 0 15
DUMMY595 1_zy_simnet_kim_capability_type_670_w$ 0 3
DUMMY596 0_zy_simnet_wr_stb_671_w$
DUMMY597 1_zy_simnet_kim_wr_dat_672_w$ 0 37
DUMMY598 1_zy_simnet_kim_rd_dat_673_w$ 0 37
DUMMY599 0_zy_simnet_kim_bimc_isync_675_w$
DUMMY600 0_zy_simnet_kim_bimc_idat_676_w$
DUMMY601 0_zy_simnet_ckv_bimc_idat_677_w$
DUMMY602 0_zy_simnet_ckv_bimc_isync_678_w$
DUMMY603 1_zy_simnet_kim_dout_682_w$ 0 37
DUMMY604 0_zy_simnet_set_drbg_expired_int_684_w$
DUMMY605 1_zy_simnet_kdf_drbg_ctrl_685_w$ 0 1
DUMMY606 0_zy_simnet_wr_stb_686_w$
DUMMY607 1_zy_simnet_wr_data_687_w$ 0 31
DUMMY608 1_zy_simnet_reg_addr_688_w$ 0 10
DUMMY609 1_zy_simnet_o_kdf_drbg_ctrl_689_w$ 0 1
DUMMY610 1_zy_simnet_o_kdf_drbg_seed_0_reseed_interval_0_690_w$ 0 31
DUMMY611 1_zy_simnet_o_kdf_drbg_seed_0_reseed_interval_1_691_w$ 0 15
DUMMY612 1_zy_simnet_o_kdf_drbg_seed_0_state_key_127_96_692_w$ 0 31
DUMMY613 1_zy_simnet_o_kdf_drbg_seed_0_state_key_159_128_693_w$ 0 31
DUMMY614 1_zy_simnet_o_kdf_drbg_seed_0_state_key_191_160_694_w$ 0 31
DUMMY615 1_zy_simnet_o_kdf_drbg_seed_0_state_key_223_192_695_w$ 0 31
DUMMY616 1_zy_simnet_o_kdf_drbg_seed_0_state_key_255_224_696_w$ 0 31
DUMMY617 1_zy_simnet_o_kdf_drbg_seed_0_state_key_31_0_697_w$ 0 31
DUMMY618 1_zy_simnet_o_kdf_drbg_seed_0_state_key_63_32_698_w$ 0 31
DUMMY619 1_zy_simnet_o_kdf_drbg_seed_0_state_key_95_64_699_w$ 0 31
DUMMY620 1_zy_simnet_o_kdf_drbg_seed_0_state_value_127_96_700_w$ 0 31
DUMMY621 1_zy_simnet_o_kdf_drbg_seed_0_state_value_31_0_701_w$ 0 31
DUMMY622 1_zy_simnet_o_kdf_drbg_seed_0_state_value_63_32_702_w$ 0 31
DUMMY623 1_zy_simnet_o_kdf_drbg_seed_0_state_value_95_64_703_w$ 0 31
DUMMY624 1_zy_simnet_o_kdf_drbg_seed_1_reseed_interval_0_704_w$ 0 31
DUMMY625 1_zy_simnet_o_kdf_drbg_seed_1_reseed_interval_1_705_w$ 0 15
DUMMY626 1_zy_simnet_o_kdf_drbg_seed_1_state_key_127_96_706_w$ 0 31
DUMMY627 1_zy_simnet_o_kdf_drbg_seed_1_state_key_159_128_707_w$ 0 31
DUMMY628 1_zy_simnet_o_kdf_drbg_seed_1_state_key_191_160_708_w$ 0 31
DUMMY629 1_zy_simnet_o_kdf_drbg_seed_1_state_key_223_192_709_w$ 0 31
DUMMY630 1_zy_simnet_o_kdf_drbg_seed_1_state_key_255_224_710_w$ 0 31
DUMMY631 1_zy_simnet_o_kdf_drbg_seed_1_state_key_31_0_711_w$ 0 31
DUMMY632 1_zy_simnet_o_kdf_drbg_seed_1_state_key_63_32_712_w$ 0 31
DUMMY633 1_zy_simnet_o_kdf_drbg_seed_1_state_key_95_64_713_w$ 0 31
DUMMY634 1_zy_simnet_o_kdf_drbg_seed_1_state_value_127_96_714_w$ 0 31
DUMMY635 1_zy_simnet_o_kdf_drbg_seed_1_state_value_31_0_715_w$ 0 31
DUMMY636 1_zy_simnet_o_kdf_drbg_seed_1_state_value_63_32_716_w$ 0 31
DUMMY637 1_zy_simnet_o_kdf_drbg_seed_1_state_value_95_64_717_w$ 0 31
DUMMY638 0_zy_simnet_bimc_interrupt_719_w$
DUMMY639 0_zy_simnet_kim_bimc_idat_720_w$
DUMMY640 0_zy_simnet_kim_bimc_isync_721_w$
DUMMY641 0_zy_simnet_axi_term_bimc_idat_722_w$
DUMMY642 0_zy_simnet_axi_term_bimc_isync_723_w$
DUMMY643 1_zy_simnet_o_bimc_monitor_mask_724_w$ 0 6
DUMMY644 1_zy_simnet_o_bimc_ecc_uncorrectable_error_cnt_725_w$ 0 31
DUMMY645 1_zy_simnet_o_bimc_ecc_correctable_error_cnt_726_w$ 0 31
DUMMY646 1_zy_simnet_o_bimc_parity_error_cnt_727_w$ 0 31
DUMMY647 1_zy_simnet_o_bimc_global_config_728_w$ 0 31
DUMMY648 1_zy_simnet_o_bimc_eccpar_debug_729_w$ 0 28
DUMMY649 1_zy_simnet_o_bimc_cmd2_730_w$ 0 10
DUMMY650 1_zy_simnet_o_bimc_cmd1_731_w$ 0 31
DUMMY651 1_zy_simnet_o_bimc_cmd0_732_w$ 0 31
DUMMY652 1_zy_simnet_o_bimc_rxcmd2_733_w$ 0 9
DUMMY653 1_zy_simnet_o_bimc_rxrsp2_734_w$ 0 9
DUMMY654 1_zy_simnet_o_bimc_pollrsp2_735_w$ 0 9
DUMMY655 1_zy_simnet_o_bimc_dbgcmd2_736_w$ 0 9
DUMMY656 1_zy_simnet_bimc_monitor_737_w$ 0 6
DUMMY657 1_zy_simnet_bimc_ecc_uncorrectable_error_cnt_738_w$ 0 31
DUMMY658 1_zy_simnet_bimc_ecc_correctable_error_cnt_739_w$ 0 31
DUMMY659 1_zy_simnet_bimc_parity_error_cnt_740_w$ 0 31
DUMMY660 1_zy_simnet_bimc_global_config_741_w$ 0 31
DUMMY661 1_zy_simnet_bimc_memid_742_w$ 0 11
DUMMY662 1_zy_simnet_bimc_eccpar_debug_743_w$ 0 28
DUMMY663 1_zy_simnet_bimc_cmd2_744_w$ 0 10
DUMMY664 1_zy_simnet_bimc_rxcmd2_745_w$ 0 9
DUMMY665 1_zy_simnet_bimc_rxcmd1_746_w$ 0 31
DUMMY666 1_zy_simnet_bimc_rxcmd0_747_w$ 0 31
DUMMY667 1_zy_simnet_bimc_rxrsp2_748_w$ 0 9
DUMMY668 1_zy_simnet_bimc_rxrsp1_749_w$ 0 31
DUMMY669 1_zy_simnet_bimc_rxrsp0_750_w$ 0 31
DUMMY670 1_zy_simnet_bimc_pollrsp2_751_w$ 0 9
DUMMY671 1_zy_simnet_bimc_pollrsp1_752_w$ 0 31
DUMMY672 1_zy_simnet_bimc_pollrsp0_753_w$ 0 31
DUMMY673 1_zy_simnet_bimc_dbgcmd2_754_w$ 0 9
DUMMY674 1_zy_simnet_bimc_dbgcmd1_755_w$ 0 31
DUMMY675 1_zy_simnet_bimc_dbgcmd0_756_w$ 0 31
DUMMY676 1_zy_simnet_interrupt_status_757_w$ 0 4
DUMMY677 0_zy_simnet_set_drbg_expired_int_758_w$
DUMMY678 0_zy_simnet_cceip0_ism_mbe_759_w$
DUMMY679 0_zy_simnet_cceip1_ism_mbe_760_w$
DUMMY680 0_zy_simnet_cceip2_ism_mbe_761_w$
DUMMY681 0_zy_simnet_cceip3_ism_mbe_762_w$
DUMMY682 0_zy_simnet_cddip0_ism_mbe_763_w$
DUMMY683 0_zy_simnet_cddip1_ism_mbe_764_w$
DUMMY684 0_zy_simnet_cddip2_ism_mbe_765_w$
DUMMY685 0_zy_simnet_cddip3_ism_mbe_766_w$
DUMMY686 0_zy_simnet_bimc_interrupt_767_w$
DUMMY687 0_zy_simnet_wr_stb_768_w$
DUMMY688 1_zy_simnet_wr_data_769_w$ 0 31
DUMMY689 1_zy_simnet_reg_addr_770_w$ 0 10
DUMMY690 1_zy_simnet_o_interrupt_mask_771_w$ 0 4
DUMMY691 1_zy_simnet_sa_snapshot_ia_status_772_w$ 0 2
DUMMY692 1_zy_simnet_sa_snapshot_ia_status_773_w$ 0 4
DUMMY693 1_zy_simnet_sa_snapshot_ia_status_774_w$ 0 4
DUMMY694 1_zy_simnet_sa_snapshot_ia_capability_775_w$ 0 15
DUMMY695 1_zy_simnet_sa_snapshot_ia_capability_776_w$ 0 3
DUMMY696 1_zy_simnet_sa_snapshot_ia_rdata_777_w$ 0 63
DUMMY697 1_zy_simnet_reg_addr_778_w$ 0 10
DUMMY698 1_zy_simnet_sa_snapshot_ia_config_779_w$ 0 3
DUMMY699 1_zy_simnet_sa_snapshot_ia_config_780_w$ 0 4
DUMMY700 0_zy_simnet_wr_stb_781_w$
DUMMY701 1_zy_simnet_sa_snapshot_ia_wdata_782_w$ 0 63
DUMMY702 1_zy_simnet_sa_count_ia_status_783_w$ 0 2
DUMMY703 1_zy_simnet_sa_count_ia_status_784_w$ 0 4
DUMMY704 1_zy_simnet_sa_count_ia_status_785_w$ 0 4
DUMMY705 1_zy_simnet_sa_count_ia_capability_786_w$ 0 15
DUMMY706 1_zy_simnet_sa_count_ia_capability_787_w$ 0 3
DUMMY707 1_zy_simnet_sa_count_ia_rdata_788_w$ 0 63
DUMMY708 1_zy_simnet_reg_addr_789_w$ 0 10
DUMMY709 1_zy_simnet_sa_count_ia_config_790_w$ 0 3
DUMMY710 1_zy_simnet_sa_count_ia_config_791_w$ 0 4
DUMMY711 0_zy_simnet_wr_stb_792_w$
DUMMY712 1_zy_simnet_sa_count_ia_wdata_793_w$ 0 63
DUMMY713 1_zy_simnet_sa_ctrl_ia_status_794_w$ 0 2
DUMMY714 1_zy_simnet_sa_ctrl_ia_status_795_w$ 0 4
DUMMY715 1_zy_simnet_sa_ctrl_ia_status_796_w$ 0 4
DUMMY716 1_zy_simnet_sa_ctrl_ia_capability_797_w$ 0 15
DUMMY717 1_zy_simnet_sa_ctrl_ia_capability_798_w$ 0 3
DUMMY718 1_zy_simnet_sa_ctrl_ia_rdata_799_w$ 0 31
DUMMY719 1_zy_simnet_reg_addr_800_w$ 0 10
DUMMY720 1_zy_simnet_sa_ctrl_ia_config_801_w$ 0 3
DUMMY721 1_zy_simnet_sa_ctrl_ia_config_802_w$ 0 4
DUMMY722 0_zy_simnet_wr_stb_803_w$
DUMMY723 1_zy_simnet_sa_ctrl_ia_wdata_804_w$ 0 31
DUMMY724 0{}
DUMMY725 0{}
DUMMY726 0{}
DUMMY727 0{}
DUMMY728 0{}
DUMMY729 0{}
DUMMY730 0{}
DUMMY731 0{}
DUMMY732 0{}
DUMMY733 0{}
DUMMY734 0{}
DUMMY735 0{}
DUMMY736 0{}
DUMMY737 0{}
DUMMY738 0{}
DUMMY739 0{}
DUMMY740 0bimc_master
