DUMMY0 0label
DUMMY1 0label
DUMMY6 0_zy_simnet_kme_ib_out_0_w$
DUMMY7 1_zy_simnet_kme_cceip0_ob_out_pre_1_w$ 0 82
DUMMY8 1_zy_simnet_kme_cceip1_ob_out_pre_2_w$ 0 82
DUMMY9 1_zy_simnet_kme_cceip2_ob_out_pre_3_w$ 0 82
DUMMY10 1_zy_simnet_kme_cceip3_ob_out_pre_4_w$ 0 82
DUMMY11 1_zy_simnet_kme_cddip0_ob_out_pre_5_w$ 0 82
DUMMY12 1_zy_simnet_kme_cddip1_ob_out_pre_6_w$ 0 82
DUMMY13 1_zy_simnet_kme_cddip2_ob_out_pre_7_w$ 0 82
DUMMY14 1_zy_simnet_kme_cddip3_ob_out_pre_8_w$ 0 82
DUMMY15 1_zy_simnet_idle_components_9_w$ 0 31
DUMMY16 1_zy_simnet_kme_ib_in_10_w$ 0 82
DUMMY17 0_zy_simnet_kme_cceip0_ob_in_mod_11_w$
DUMMY18 0_zy_simnet_kme_cceip1_ob_in_mod_12_w$
DUMMY19 0_zy_simnet_kme_cceip2_ob_in_mod_13_w$
DUMMY20 0_zy_simnet_kme_cceip3_ob_in_mod_14_w$
DUMMY21 0_zy_simnet_kme_cddip0_ob_in_mod_15_w$
DUMMY22 0_zy_simnet_kme_cddip1_ob_in_mod_16_w$
DUMMY23 0_zy_simnet_kme_cddip2_ob_in_mod_17_w$
DUMMY24 0_zy_simnet_kme_cddip3_ob_in_mod_18_w$
DUMMY25 1_zy_simnet_kim_dout_19_w$ 0 37
DUMMY26 1_zy_simnet_tready_override_21_w$ 0 8
DUMMY27 1_zy_simnet_cceip_encrypt_kop_fifo_override_22_w$ 0 6
DUMMY28 1_zy_simnet_cceip_validate_kop_fifo_override_23_w$ 0 6
DUMMY29 1_zy_simnet_cddip_decrypt_kop_fifo_override_24_w$ 0 6
DUMMY30 1_zy_simnet_sa_global_ctrl_25_w$ 0 31
DUMMY31 1_zy_simnet_rbus_ring_i_26_w$ 0 15
DUMMY32 0_zy_simnet_rbus_ring_i_27_w$
DUMMY33 1_zy_simnet_rbus_ring_i_28_w$ 0 31
DUMMY34 0_zy_simnet_rbus_ring_i_29_w$
DUMMY35 1_zy_simnet_rbus_ring_o_30_w$ 0 31
DUMMY36 0_zy_simnet_rbus_ring_o_31_w$
DUMMY37 0_zy_simnet_rbus_ring_o_32_w$
DUMMY38 0_zy_simnet_rbus_ring_o_33_w$
DUMMY39 0_zy_simnet_rbus_ring_o_34_w$
DUMMY40 1_zy_simnet_rbus_ring_o_35_w$ 0 83
DUMMY41 1_zy_simnet_kme_cceip0_ob_out_36_w$ 0 82
DUMMY42 0_zy_simnet_kme_cceip0_ob_in_mod_37_w$
DUMMY43 1_zy_simnet_kme_cceip1_ob_out_38_w$ 0 82
DUMMY44 0_zy_simnet_kme_cceip1_ob_in_mod_39_w$
DUMMY45 1_zy_simnet_kme_cceip2_ob_out_40_w$ 0 82
DUMMY46 0_zy_simnet_kme_cceip2_ob_in_mod_41_w$
DUMMY47 1_zy_simnet_kme_cceip3_ob_out_42_w$ 0 82
DUMMY48 0_zy_simnet_kme_cceip3_ob_in_mod_43_w$
DUMMY49 1_zy_simnet_kme_cddip0_ob_out_44_w$ 0 82
DUMMY50 0_zy_simnet_kme_cddip0_ob_in_mod_45_w$
DUMMY51 1_zy_simnet_kme_cddip1_ob_out_46_w$ 0 82
DUMMY52 0_zy_simnet_kme_cddip1_ob_in_mod_47_w$
DUMMY53 1_zy_simnet_kme_cddip2_ob_out_48_w$ 0 82
DUMMY54 0_zy_simnet_kme_cddip2_ob_in_mod_49_w$
DUMMY55 1_zy_simnet_kme_cddip3_ob_out_50_w$ 0 82
DUMMY56 0_zy_simnet_kme_cddip3_ob_in_mod_51_w$
DUMMY57 1_zy_simnet_kim_dout_52_w$ 0 37
DUMMY58 1_zy_simnet_tready_override_54_w$ 0 8
DUMMY59 1_zy_simnet_cceip_encrypt_kop_fifo_override_55_w$ 0 6
DUMMY60 1_zy_simnet_cceip_validate_kop_fifo_override_56_w$ 0 6
DUMMY61 1_zy_simnet_cddip_decrypt_kop_fifo_override_57_w$ 0 6
DUMMY62 1_zy_simnet_sa_global_ctrl_58_w$ 0 31
DUMMY63 1_zy_simnet_rbus_ring_i_59_w$ 0 83
DUMMY64 1_zy_simnet_kme_cceip0_ob_out_pre_62_w$ 0 82
DUMMY65 0_zy_simnet_kme_cceip0_ob_in_63_w$
DUMMY66 1_zy_simnet_kme_cceip1_ob_out_pre_64_w$ 0 82
DUMMY67 0_zy_simnet_kme_cceip1_ob_in_65_w$
DUMMY68 1_zy_simnet_kme_cceip2_ob_out_pre_66_w$ 0 82
DUMMY69 0_zy_simnet_kme_cceip2_ob_in_67_w$
DUMMY70 1_zy_simnet_kme_cceip3_ob_out_pre_68_w$ 0 82
DUMMY71 0_zy_simnet_kme_cceip3_ob_in_69_w$
DUMMY72 1_zy_simnet_kme_cddip0_ob_out_pre_70_w$ 0 82
DUMMY73 0_zy_simnet_kme_cddip0_ob_in_71_w$
DUMMY74 1_zy_simnet_kme_cddip1_ob_out_pre_72_w$ 0 82
DUMMY75 0_zy_simnet_kme_cddip1_ob_in_73_w$
DUMMY76 1_zy_simnet_kme_cddip2_ob_out_pre_74_w$ 0 82
DUMMY77 0_zy_simnet_kme_cddip2_ob_in_75_w$
DUMMY78 1_zy_simnet_kme_cddip3_ob_out_pre_76_w$ 0 82
DUMMY79 0_zy_simnet_kme_cddip3_ob_in_77_w$
DUMMY80 1_zy_simnet_idle_components_78_w$ 0 31
DUMMY81 0_zyclock_1_x$tbc
DUMMY82 0{}
DUMMY83 0{}
DUMMY84 0{}
DUMMY85 0{}
DUMMY86 0{}
DUMMY87 0{}
DUMMY88 0{}
DUMMY89 0{}
DUMMY90 0{}
DUMMY91 0{}
DUMMY92 0{}
DUMMY93 0{}
DUMMY94 0{}
DUMMY95 0_zyclock_1_x$tbcp
DUMMY96 0cr_rst_sync
clk_DUMMY0 0clk
