DUMMY0 0label
DUMMY1 0label
DUMMY2 0_zy_simnet_stitcher_rd_0_w$
DUMMY3 1_zy_simnet_parser_kimreader_data_1_w$ 0 70
DUMMY4 1_zy_simnet_parser_kimreader_data_2_w$ 0 70
DUMMY5 1_zy_simnet_fifo_in_5_w$ 0 70
DUMMY6 0_zy_simnet_fifo_in_valid_6_w$
DUMMY7 0buffer
DUMMY8 0@_zy_sva_sblk_1_1._zy_sva_nts_1_1_pass
DUMMY9 0@_zy_sva_sblk_2_1._zy_sva_nts_2_1_pass
DUMMY10 0@_zy_sva_sblk_3_1._zy_sva_nts_3_1_pass
DUMMY11 0@_zy_sva_sblk_4_1._zy_sva_nts_4_1_pass
DUMMY12 0@_zy_sva_sblk_5_1._zy_sva_nts_5_1_pass
DUMMY13 0@_zy_sva_sblk_6_1._zy_sva_nts_6_1_pass
DUMMY14 0@_zy_sva_sblk_7_1._zy_sva_nts_7_1_pass
DUMMY15 0@_zy_sva_sblk_8_1._zy_sva_nts_8_1_pass
DUMMY16 0@_zy_sva_sblk_9_1._zy_sva_nts_9_1_pass
DUMMY17 0@_zy_sva_sblk_10_1._zy_sva_nts_10_1_pass
DUMMY18 0@_zy_sva_sblk_11_1._zy_sva_nts_11_1_pass
DUMMY19 0@_zy_sva_sblk_12_1._zy_sva_nts_12_1_pass
DUMMY20 0@_zy_sva_sblk_13_1._zy_sva_nts_13_1_pass
DUMMY21 0@_zy_sva_sblk_14_1._zy_sva_nts_14_1_pass
DUMMY22 0@_zy_sva_sblk_15_1._zy_sva_nts_15_1_pass
DUMMY23 0@_zy_sva_sblk_16_1._zy_sva_nts_16_1_pass
DUMMY24 0@_zy_sva_sblk_17_1._zy_sva_nts_17_1_pass
DUMMY25 0@_zy_sva_sblk_18_1._zy_sva_nts_18_1_pass
DUMMY26 0@_zy_sva_sblk_19_1._zy_sva_nts_19_1_pass
DUMMY27 0@_zy_sva_sblk_20_1._zy_sva_nts_20_1_pass
DUMMY28 0@_zy_sva_sblk_21_1._zy_sva_nts_21_1_pass
DUMMY29 0@_zy_sva_sblk_22_1._zy_sva_nts_22_1_pass
DUMMY30 0@_zy_sva_sblk_23_1._zy_sva_nts_23_1_pass
DUMMY31 0@_zy_sva_sblk_24_1._zy_sva_nts_24_1_pass
DUMMY32 0@_zy_sva_sblk_25_1._zy_sva_nts_25_1_pass
DUMMY33 0@_zy_sva_sblk_26_1._zy_sva_nts_26_1_pass
DUMMY34 0@_zy_sva_sblk_27_1._zy_sva_nts_27_1_pass
DUMMY35 0@_zy_sva_sblk_28_1._zy_sva_nts_28_1_pass
DUMMY36 0@_zy_sva_sblk_29_1._zy_sva_nts_29_1_pass
DUMMY37 0@_zy_sva_sblk_30_1._zy_sva_nts_30_1_pass
DUMMY38 0@_zy_sva_sblk_31_1._zy_sva_nts_31_1_pass
DUMMY39 0@_zy_sva_sblk_32_1._zy_sva_nts_32_1_pass
DUMMY40 0@_zy_sva_sblk_33_1._zy_sva_nts_33_1_pass
DUMMY41 0@_zy_sva_sblk_34_1._zy_sva_nts_34_1_pass
DUMMY42 0@_zy_sva_sblk_35_1._zy_sva_nts_35_1_pass
DUMMY43 0@_zy_sva_sblk_36_1._zy_sva_nts_36_1_pass
DUMMY44 0@_zy_sva_sblk_37_1._zy_sva_nts_37_1_pass
DUMMY45 0@_zy_sva_sblk_38_1._zy_sva_nts_38_1_pass
DUMMY46 0@_zy_sva_sblk_39_1._zy_sva_nts_39_1_pass
DUMMY47 0@_zy_sva_sblk_40_1._zy_sva_nts_40_1_pass
DUMMY48 0@_zy_sva_sblk_41_1._zy_sva_nts_41_1_pass
DUMMY49 0@_zy_sva_sblk_42_1._zy_sva_nts_42_1_pass
DUMMY50 0@_zy_sva_sblk_43_1._zy_sva_nts_43_1_pass
DUMMY51 0@_zy_sva_sblk_44_1._zy_sva_nts_44_1_pass
DUMMY52 0@_zy_sva_sblk_45_1._zy_sva_nts_45_1_pass
DUMMY53 0@_zy_sva_sblk_46_1._zy_sva_nts_46_1_pass
DUMMY54 0@_zy_sva_sblk_47_1._zy_sva_nts_47_1_pass
DUMMY55 0@_zy_sva_sblk_48_1._zy_sva_nts_48_1_pass
DUMMY56 0@_zy_sva_sblk_49_1._zy_sva_nts_49_1_pass
DUMMY57 0@_zy_sva_sblk_50_1._zy_sva_nts_50_1_pass
DUMMY58 0@_zy_sva_sblk_51_1._zy_sva_nts_51_1_pass
DUMMY59 0@_zy_sva_sblk_52_1._zy_sva_nts_52_1_pass
DUMMY60 0@_zy_sva_sblk_53_1._zy_sva_nts_53_1_pass
DUMMY61 0@_zy_sva_sblk_54_1._zy_sva_nts_54_1_pass
DUMMY62 0@_zy_sva_sblk_55_1._zy_sva_nts_55_1_pass
DUMMY63 0@_zy_sva_sblk_56_1._zy_sva_nts_56_1_pass
DUMMY64 0@_zy_sva_sblk_57_1._zy_sva_nts_57_1_pass
DUMMY65 0@_zy_sva_sblk_58_1._zy_sva_nts_58_1_pass
DUMMY66 0@_zy_sva_sblk_59_1._zy_sva_nts_59_1_pass
DUMMY67 0@_zy_sva_sblk_60_1._zy_sva_nts_60_1_pass
DUMMY68 0@_zy_sva_sblk_61_1._zy_sva_nts_61_1_pass
DUMMY69 0@_zy_sva_sblk_62_1._zy_sva_nts_62_1_pass
DUMMY70 0@_zy_sva_sblk_63_1._zy_sva_nts_63_1_pass
DUMMY71 0@_zy_sva_sblk_64_1._zy_sva_nts_64_1_pass
DUMMY72 0@_zy_sva_sblk_65_1._zy_sva_nts_65_1_pass
DUMMY73 0@_zy_sva_sblk_66_1._zy_sva_nts_66_1_pass
DUMMY74 0@_zy_sva_sblk_67_1._zy_sva_nts_67_1_pass
DUMMY75 0@_zy_sva_sblk_68_1._zy_sva_nts_68_1_pass
DUMMY76 0@_zy_sva_sblk_69_1._zy_sva_nts_69_1_pass
DUMMY77 0@_zy_sva_sblk_70_1._zy_sva_nts_70_1_pass
DUMMY78 0@_zy_sva_sblk_71_1._zy_sva_nts_71_1_pass
DUMMY79 0@_zy_sva_sblk_72_1._zy_sva_nts_72_1_pass
DUMMY80 0@_zy_sva_sblk_73_1._zy_sva_nts_73_1_pass
DUMMY81 0@_zy_sva_sblk_74_1._zy_sva_nts_74_1_pass
DUMMY82 0@_zy_sva_sblk_75_1._zy_sva_nts_75_1_pass
DUMMY83 0@_zy_sva_sblk_76_1._zy_sva_nts_76_1_pass
DUMMY84 0@_zy_sva_sblk_77_1._zy_sva_nts_77_1_pass
DUMMY85 0@_zy_sva_sblk_78_1._zy_sva_nts_78_1_pass
DUMMY86 0@_zy_sva_sblk_79_1._zy_sva_nts_79_1_pass
DUMMY87 0@_zy_sva_sblk_80_1._zy_sva_nts_80_1_pass
DUMMY88 0@_zy_sva_sblk_81_1._zy_sva_nts_81_1_pass
DUMMY89 0@_zy_sva_sblk_82_1._zy_sva_nts_82_1_pass
DUMMY90 0@_zy_sva_sblk_83_1._zy_sva_nts_83_1_pass
DUMMY91 0@_zy_sva_sblk_84_1._zy_sva_nts_84_1_pass
DUMMY92 0@_zy_sva_sblk_85_1._zy_sva_nts_85_1_pass
DUMMY93 0@_zy_sva_sblk_86_1._zy_sva_nts_86_1_pass
DUMMY94 0@_zy_sva_sblk_87_1._zy_sva_nts_87_1_pass
DUMMY95 0@_zy_sva_sblk_88_1._zy_sva_nts_88_1_pass
DUMMY96 0@_zy_sva_sblk_89_1._zy_sva_nts_89_1_pass
DUMMY97 0@_zy_sva_sblk_90_1._zy_sva_nts_90_1_pass
DUMMY98 0@_zy_sva_sblk_91_1._zy_sva_nts_91_1_pass
DUMMY99 0@_zy_sva_sblk_92_1._zy_sva_nts_92_1_pass
DUMMY100 0@_zy_sva_sblk_93_1._zy_sva_nts_93_1_pass
DUMMY101 0@_zy_sva_sblk_94_1._zy_sva_nts_94_1_pass
DUMMY102 0@_zy_sva_sblk_95_1._zy_sva_nts_95_1_pass
DUMMY103 0@_zy_sva_sblk_96_1._zy_sva_nts_96_1_pass
DUMMY104 0@_zy_sva_sblk_97_1._zy_sva_nts_97_1_pass
DUMMY105 0@_zy_sva_sblk_98_1._zy_sva_nts_98_1_pass
DUMMY106 0@_zy_sva_sblk_99_1._zy_sva_nts_99_1_pass
DUMMY107 0@_zy_sva_sblk_100_1._zy_sva_nts_100_1_pass
DUMMY108 0@_zy_sva_sblk_101_1._zy_sva_nts_101_1_pass
DUMMY109 0@_zy_sva_sblk_102_1._zy_sva_nts_102_1_pass
DUMMY110 0@_zy_sva_sblk_103_1._zy_sva_nts_103_1_pass
DUMMY111 0@_zy_sva_sblk_104_1._zy_sva_nts_104_1_pass
DUMMY112 0@_zy_sva_sblk_105_1._zy_sva_nts_105_1_pass
DUMMY113 0@_zy_sva_sblk_106_1._zy_sva_nts_106_1_pass
DUMMY114 0@_zy_sva_sblk_107_1._zy_sva_nts_107_1_pass
DUMMY115 0@_zy_sva_sblk_108_1._zy_sva_nts_108_1_pass
DUMMY116 0@_zy_sva_sblk_109_1._zy_sva_nts_109_1_pass
DUMMY117 0@_zy_sva_sblk_110_1._zy_sva_nts_110_1_pass
DUMMY118 0@_zy_sva_sblk_111_1._zy_sva_nts_111_1_pass
DUMMY119 0@_zy_sva_sblk_112_1._zy_sva_nts_112_1_pass
DUMMY120 0@_zy_sva_sblk_113_1._zy_sva_nts_113_1_pass
DUMMY121 0@_zy_sva_sblk_114_1._zy_sva_nts_114_1_pass
DUMMY122 0@_zy_sva_sblk_115_1._zy_sva_nts_115_1_pass
DUMMY123 0@_zy_sva_sblk_116_1._zy_sva_nts_116_1_pass
DUMMY124 0@_zy_sva_sblk_117_1._zy_sva_nts_117_1_pass
DUMMY125 0@_zy_sva_sblk_118_1._zy_sva_nts_118_1_pass
DUMMY126 0@_zy_sva_sblk_119_1._zy_sva_nts_119_1_pass
DUMMY127 0@_zy_sva_sblk_120_1._zy_sva_nts_120_1_pass
DUMMY128 0@_zy_sva_sblk_121_1._zy_sva_nts_121_1_pass
DUMMY129 0@_zy_sva_sblk_122_1._zy_sva_nts_122_1_pass
DUMMY130 0@_zy_sva_sblk_123_1._zy_sva_nts_123_1_pass
DUMMY131 0@_zy_sva_sblk_124_1._zy_sva_nts_124_1_pass
DUMMY132 0@_zy_sva_sblk_125_1._zy_sva_nts_125_1_pass
DUMMY133 0@_zy_sva_sblk_126_1._zy_sva_nts_126_1_pass
DUMMY134 0@_zy_sva_sblk_127_1._zy_sva_nts_127_1_pass
DUMMY135 0@_zy_sva_sblk_128_1._zy_sva_nts_128_1_pass
DUMMY136 0@_zy_sva_sblk_129_1._zy_sva_nts_129_1_pass
DUMMY137 0@_zy_sva_sblk_130_1._zy_sva_nts_130_1_pass
DUMMY138 0@_zy_sva_sblk_131_1._zy_sva_nts_131_1_pass
DUMMY139 0@_zy_sva_sblk_132_1._zy_sva_nts_132_1_pass
DUMMY140 0@_zy_sva_sblk_133_1._zy_sva_nts_133_1_pass
DUMMY141 0@_zy_sva_sblk_134_1._zy_sva_nts_134_1_pass
DUMMY142 0@_zy_sva_sblk_135_1._zy_sva_nts_135_1_pass
DUMMY143 0@_zy_sva_sblk_136_1._zy_sva_nts_136_1_pass
DUMMY144 0@_zy_sva_sblk_137_1._zy_sva_nts_137_1_pass
DUMMY145 0@_zy_sva_sblk_138_1._zy_sva_nts_138_1_pass
DUMMY146 0@_zy_sva_sblk_139_1._zy_sva_nts_139_1_pass
DUMMY147 0@_zy_sva_sblk_140_1._zy_sva_nts_140_1_pass
DUMMY148 0@_zy_sva_sblk_141_1._zy_sva_nts_141_1_pass
DUMMY149 0@_zy_sva_sblk_142_1._zy_sva_nts_142_1_pass
DUMMY150 0@_zy_sva_sblk_143_1._zy_sva_nts_143_1_pass
DUMMY151 0@_zy_sva_sblk_144_1._zy_sva_nts_144_1_pass
DUMMY152 0@_zy_sva_sblk_145_1._zy_sva_nts_145_1_pass
DUMMY153 0@_zy_sva_sblk_146_1._zy_sva_nts_146_1_pass
DUMMY154 0@_zy_sva_sblk_147_1._zy_sva_nts_147_1_pass
DUMMY155 0@_zy_sva_sblk_148_1._zy_sva_nts_148_1_pass
DUMMY156 0@_zy_sva_sblk_149_1._zy_sva_nts_149_1_pass
DUMMY157 0@_zy_sva_sblk_150_1._zy_sva_nts_150_1_pass
DUMMY158 0@_zy_sva_sblk_151_1._zy_sva_nts_151_1_pass
DUMMY159 0@_zy_sva_sblk_152_1._zy_sva_nts_152_1_pass
DUMMY160 0@_zy_sva_sblk_153_1._zy_sva_nts_153_1_pass
DUMMY161 0@_zy_sva_sblk_154_1._zy_sva_nts_154_1_pass
DUMMY162 0@_zy_sva_sblk_155_1._zy_sva_nts_155_1_pass
DUMMY163 0@_zy_sva_sblk_156_1._zy_sva_nts_156_1_pass
DUMMY164 0@_zy_sva_sblk_157_1._zy_sva_nts_157_1_pass
DUMMY165 0@_zy_sva_sblk_158_1._zy_sva_nts_158_1_pass
DUMMY166 0@_zy_sva_sblk_159_1._zy_sva_nts_159_1_pass
DUMMY167 0@_zy_sva_sblk_160_1._zy_sva_nts_160_1_pass
DUMMY168 0@_zy_sva_sblk_161_1._zy_sva_nts_161_1_pass
DUMMY169 0@_zy_sva_sblk_162_1._zy_sva_nts_162_1_pass
DUMMY170 0@_zy_sva_sblk_163_1._zy_sva_nts_163_1_pass
DUMMY171 0@_zy_sva_sblk_164_1._zy_sva_nts_164_1_pass
DUMMY172 0@_zy_sva_sblk_165_1._zy_sva_nts_165_1_pass
DUMMY173 0@_zy_sva_sblk_166_1._zy_sva_nts_166_1_pass
DUMMY174 0@_zy_sva_sblk_167_1._zy_sva_nts_167_1_pass
DUMMY175 0@_zy_sva_sblk_168_1._zy_sva_nts_168_1_pass
DUMMY176 0@_zy_sva_sblk_169_1._zy_sva_nts_169_1_pass
DUMMY177 0@_zy_sva_sblk_170_1._zy_sva_nts_170_1_pass
DUMMY178 0@_zy_sva_sblk_171_1._zy_sva_nts_171_1_pass
DUMMY179 0@_zy_sva_sblk_172_1._zy_sva_nts_172_1_pass
DUMMY180 0@_zy_sva_sblk_173_1._zy_sva_nts_173_1_pass
DUMMY181 0@_zy_sva_sblk_174_1._zy_sva_nts_174_1_pass
DUMMY182 0@_zy_sva_sblk_175_1._zy_sva_nts_175_1_pass
DUMMY183 0@_zy_sva_sblk_176_1._zy_sva_nts_176_1_pass
DUMMY184 0@_zy_sva_sblk_177_1._zy_sva_nts_177_1_pass
DUMMY185 0@_zy_sva_sblk_178_1._zy_sva_nts_178_1_pass
DUMMY186 0@_zypbctfiCscp13_L234_endian_switch._zydata_L20_tfiV0
DUMMY187 0@_zypbctfiCscp14_L252_validate_dek._zyoff_L753_tfiV2
DUMMY188 0@_zypbctfiCscp14_L252_validate_dek._zykey_type_L754_tfiV3
DUMMY189 0@_zypbctfiCscp14_L252_validate_dek._zycipher_op_L755_tfiV4
DUMMY190 0@_zypbctfiCscp14_L252_validate_dek._zykdf_mode_L756_tfiV5
DUMMY191 0@_zypbctfiCscp14_L252_validate_dek._zyL768_tfiRv7
DUMMY192 0@_zypbctfiCscp14_L252_validate_dek._zyL768_tfiRv8
DUMMY193 0@_zypbctfiCscp14_L252_validate_dek._zyL769_tfiRv9
DUMMY194 0@_zypbctfiCscp14_L252_validate_dek._zyL769_tfiRv10
DUMMY195 0@_zypbctfiCscp14_L252_validate_dek._zypbctfiCscp0_L768_is_keyless_cipher._zycipher_op_L845_tfiV11
DUMMY196 0@_zypbctfiCscp14_L252_validate_dek._zypbctfiCscp1_L768_is_kdf_non_combo._zykdf_mode_L862_tfiV13
DUMMY197 0@_zypbctfiCscp14_L252_validate_dek._zypbctfiCscp2_L769_is_keyless_cipher._zycipher_op_L845_tfiV11
DUMMY198 0@_zypbctfiCscp14_L252_validate_dek._zypbctfiCscp3_L769_is_kdf_non_combo._zykdf_mode_L862_tfiV13
DUMMY199 0@_zypbctfiCscp15_L253_missing_guid._zyl_tlv_type_L725_tfiV15
DUMMY200 0@_zypbctfiCscp15_L253_missing_guid._zykdf_mode_L726_tfiV16
DUMMY201 0@_zypbctfiCscp15_L253_missing_guid._zydek_key_op_L727_tfiV17
DUMMY202 0@_zypbctfiCscp15_L253_missing_guid._zydak_key_op_L728_tfiV18
DUMMY203 0@_zypbctfiCscp16_L254_missing_iv._zyl_tlv_type_L740_tfiV20
DUMMY204 0@_zypbctfiCscp16_L254_missing_iv._zyiv_op_L741_tfiV21
DUMMY205 0@_zypbctfiCscp16_L254_missing_iv._zycipher_op_L742_tfiV22
DUMMY206 0@_zypbctfiCscp16_L254_missing_iv._zyL746_tfiRv24
DUMMY207 0@_zypbctfiCscp16_L254_missing_iv._zypbctfiCscp4_L746_is_keyless_cipher._zycipher_op_L845_tfiV11
DUMMY208 0@_zypbctfiCscp17_L255_validate_dak._zyoff_L777_tfiV25
DUMMY209 0@_zypbctfiCscp17_L255_validate_dak._zykey_type_L778_tfiV26
DUMMY210 0@_zypbctfiCscp17_L255_validate_dak._zyauth_op_L779_tfiV27
DUMMY211 0@_zypbctfiCscp17_L255_validate_dak._zyraw_auth_op_L780_tfiV28
DUMMY212 0@_zypbctfiCscp17_L255_validate_dak._zyL792_tfiRv30
DUMMY213 0@_zypbctfiCscp17_L255_validate_dak._zyL793_tfiRv31
DUMMY214 0@_zypbctfiCscp17_L255_validate_dak._zyL794_tfiRv32
DUMMY215 0@_zypbctfiCscp17_L255_validate_dak._zypbctfiCscp5_L792_is_keyless_hash._zyauth_op_L853_tfiV33
DUMMY216 0@_zypbctfiCscp17_L255_validate_dak._zypbctfiCscp5_L792_is_keyless_hash._zyraw_auth_op_L854_tfiV34
DUMMY217 0@_zypbctfiCscp17_L255_validate_dak._zypbctfiCscp6_L793_is_keyless_hash._zyauth_op_L853_tfiV33
DUMMY218 0@_zypbctfiCscp17_L255_validate_dak._zypbctfiCscp6_L793_is_keyless_hash._zyraw_auth_op_L854_tfiV34
DUMMY219 0@_zypbctfiCscp17_L255_validate_dak._zypbctfiCscp7_L794_is_keyless_hash._zyauth_op_L853_tfiV33
DUMMY220 0@_zypbctfiCscp17_L255_validate_dak._zypbctfiCscp7_L794_is_keyless_hash._zyraw_auth_op_L854_tfiV34
DUMMY221 0@_zypbctfiCscp18_L288_endian_switch._zydata_L20_tfiV0
DUMMY222 0@_zypbctfiCscp19_L293_endian_switch._zydata_L20_tfiV0
DUMMY223 0@_zypbctfiCscp20_L301_endian_switch._zydata_L20_tfiV0
DUMMY224 0@_zypbctfiCscp21_L306_endian_switch._zydata_L20_tfiV0
DUMMY225 0@_zypbctfiCscp22_L313_endian_switch._zydata_L20_tfiV0
DUMMY226 0@_zypbctfiCscp23_L321_endian_switch._zydata_L20_tfiV0
DUMMY227 0@_zypbctfiCscp24_L327_endian_switch._zydata_L20_tfiV0
DUMMY228 0@_zypbctfiCscp25_L337_endian_switch._zydata_L20_tfiV0
DUMMY229 0@_zypbctfiCscp26_L346_endian_switch._zydata_L20_tfiV0
DUMMY230 0@_zypbctfiCscp27_L354_endian_switch._zydata_L20_tfiV0
DUMMY231 0@_zypbctfiCscp28_L359_endian_switch._zydata_L20_tfiV0
DUMMY232 0@_zypbctfiCscp29_L368_endian_switch._zydata_L20_tfiV0
DUMMY233 0@_zypbctfiCscp30_L373_endian_switch._zydata_L20_tfiV0
DUMMY234 0@_zypbctfiCscp31_L382_endian_switch._zydata_L20_tfiV0
DUMMY235 0@_zypbctfiCscp32_L390_endian_switch._zydata_L20_tfiV0
DUMMY236 0@_zypbctfiCscp33_L395_endian_switch._zydata_L20_tfiV0
DUMMY237 0@_zypbctfiCscp34_L410_endian_switch._zydata_L20_tfiV0
DUMMY238 0@_zypbctfiCscp35_L485_needs_dek._zyoff_L802_tfiV36
DUMMY239 0@_zypbctfiCscp35_L485_needs_dek._zykey_type_L803_tfiV37
DUMMY240 0@_zypbctfiCscp35_L485_needs_dek._zycipher_op_L804_tfiV38
DUMMY241 0@_zypbctfiCscp35_L485_needs_dek._zyL814_tfiRv40
DUMMY242 0@_zypbctfiCscp35_L485_needs_dek._zyL815_tfiRv41
DUMMY243 0@_zypbctfiCscp35_L485_needs_dek._zypbctfiCscp8_L814_is_keyless_cipher._zycipher_op_L845_tfiV11
DUMMY244 0@_zypbctfiCscp35_L485_needs_dek._zypbctfiCscp9_L815_is_keyless_cipher._zycipher_op_L845_tfiV11
DUMMY245 0@_zypbctfiCscp36_L486_needs_dak._zyoff_L823_tfiV42
DUMMY246 0@_zypbctfiCscp36_L486_needs_dak._zykey_type_L824_tfiV43
DUMMY247 0@_zypbctfiCscp36_L486_needs_dak._zyauth_op_L825_tfiV44
DUMMY248 0@_zypbctfiCscp36_L486_needs_dak._zyraw_auth_op_L826_tfiV45
DUMMY249 0@_zypbctfiCscp36_L486_needs_dak._zyL836_tfiRv47
DUMMY250 0@_zypbctfiCscp36_L486_needs_dak._zyL837_tfiRv48
DUMMY251 0@_zypbctfiCscp36_L486_needs_dak._zyL838_tfiRv49
DUMMY252 0@_zypbctfiCscp36_L486_needs_dak._zypbctfiCscp10_L836_is_keyless_hash._zyauth_op_L853_tfiV33
DUMMY253 0@_zypbctfiCscp36_L486_needs_dak._zypbctfiCscp10_L836_is_keyless_hash._zyraw_auth_op_L854_tfiV34
DUMMY254 0@_zypbctfiCscp36_L486_needs_dak._zypbctfiCscp11_L837_is_keyless_hash._zyauth_op_L853_tfiV33
DUMMY255 0@_zypbctfiCscp36_L486_needs_dak._zypbctfiCscp11_L837_is_keyless_hash._zyraw_auth_op_L854_tfiV34
DUMMY256 0@_zypbctfiCscp36_L486_needs_dak._zypbctfiCscp12_L838_is_keyless_hash._zyauth_op_L853_tfiV33
DUMMY257 0@_zypbctfiCscp36_L486_needs_dak._zypbctfiCscp12_L838_is_keyless_hash._zyraw_auth_op_L854_tfiV34
DUMMY258 0@_zypbctfiCscp37_L489_is_keyless_cipher._zycipher_op_L845_tfiV11
DUMMY259 0@_zypbctfiCscp38_L489_is_keyless_hash._zyauth_op_L853_tfiV33
DUMMY260 0@_zypbctfiCscp38_L489_is_keyless_hash._zyraw_auth_op_L854_tfiV34
DUMMY261 0@_zypbctfiCscp39_L492_kdf_dek_iter_f._zycipher_op_L871_tfiV50
DUMMY262 0@_zypbctfiCscp40_L526_endian_switch._zydata_L20_tfiV0
DUMMY263 0@_zypbctfiCscp41_L527_endian_switch._zydata_L20_tfiV0
DUMMY264 3nxt_buffer *  nxt_aux_key_header *
DUMMY265 0@_zypbctfiCscp42_L541_endian_switch._zydata_L20_tfiV0
DUMMY266 0@_zypbctfiCscp43_L542_endian_switch._zydata_L20_tfiV0
DUMMY267 0@_zypbctfiCscp44_L555_endian_switch._zydata_L20_tfiV0
DUMMY268 0@_zypbctfiCscp45_L556_endian_switch._zydata_L20_tfiV0
DUMMY269 3nxt_buffer *  nxt_aux_key_header *
DUMMY270 0@_zypbctfiCscp46_L569_endian_switch._zydata_L20_tfiV0
DUMMY271 0@_zypbctfiCscp47_L570_endian_switch._zydata_L20_tfiV0
DUMMY272 3nxt_buffer *  nxt_aux_key_header *
DUMMY273 3nxt_buffer *  nxt_aux_key_header *
fifo_in_DUMMY0 0fifo_in
nxt_kme_internal_word0_DUMMY1 0nxt_kme_internal_word0
nxt_aux_key_header_DUMMY2 0nxt_aux_key_header
nxt_buffer_DUMMY3 0nxt_buffer
tlv_word0_DUMMY4 0tlv_word0
tlv_word1_DUMMY5 0tlv_word1
tlv_word2_DUMMY6 0tlv_word2
frame_word_DUMMY7 0frame_word
stitcher_rd_DUMMY8 0stitcher_rd
_zyL234_tfiRv52_DUMMY9 0_zyL234_tfiRv52
_zyL252_tfiRv53_DUMMY10 0_zyL252_tfiRv53
_zyL253_tfiRv54_DUMMY11 0_zyL253_tfiRv54
_zyL254_tfiRv55_DUMMY12 0_zyL254_tfiRv55
_zyL255_tfiRv56_DUMMY13 0_zyL255_tfiRv56
_zyL288_tfiRv57_DUMMY14 0_zyL288_tfiRv57
_zyL293_tfiRv58_DUMMY15 0_zyL293_tfiRv58
_zyL301_tfiRv59_DUMMY16 0_zyL301_tfiRv59
_zyL306_tfiRv60_DUMMY17 0_zyL306_tfiRv60
_zyL313_tfiRv61_DUMMY18 0_zyL313_tfiRv61
_zyL321_tfiRv62_DUMMY19 0_zyL321_tfiRv62
_zyL327_tfiRv63_DUMMY20 0_zyL327_tfiRv63
_zyL337_tfiRv64_DUMMY21 0_zyL337_tfiRv64
_zyL346_tfiRv65_DUMMY22 0_zyL346_tfiRv65
_zyL354_tfiRv66_DUMMY23 0_zyL354_tfiRv66
_zyL359_tfiRv67_DUMMY24 0_zyL359_tfiRv67
_zyL368_tfiRv68_DUMMY25 0_zyL368_tfiRv68
_zyL373_tfiRv69_DUMMY26 0_zyL373_tfiRv69
_zyL382_tfiRv70_DUMMY27 0_zyL382_tfiRv70
_zyL390_tfiRv71_DUMMY28 0_zyL390_tfiRv71
_zyL395_tfiRv72_DUMMY29 0_zyL395_tfiRv72
_zyL410_tfiRv73_DUMMY30 0_zyL410_tfiRv73
_zyL485_tfiRv74_DUMMY31 0_zyL485_tfiRv74
_zyL486_tfiRv75_DUMMY32 0_zyL486_tfiRv75
_zyL489_tfiRv76_DUMMY33 0_zyL489_tfiRv76
_zyL489_tfiRv77_DUMMY34 0_zyL489_tfiRv77
_zyL492_tfiRv78_DUMMY35 0_zyL492_tfiRv78
_zyL526_tfiRv79_DUMMY36 0_zyL526_tfiRv79
_zyL527_tfiRv80_DUMMY37 0_zyL527_tfiRv80
_zyL541_tfiRv81_DUMMY38 0_zyL541_tfiRv81
_zyL542_tfiRv82_DUMMY39 0_zyL542_tfiRv82
_zyL555_tfiRv83_DUMMY40 0_zyL555_tfiRv83
_zyL556_tfiRv84_DUMMY41 0_zyL556_tfiRv84
_zyL569_tfiRv85_DUMMY42 0_zyL569_tfiRv85
_zyL570_tfiRv86_DUMMY43 0_zyL570_tfiRv86
