get_msb_bytes_DUMMY0 0get_msb_bytes
DUMMY0 0label
DUMMY1 0label
DUMMY7 0_zy_simnet_kdfstream_cmdfifo_ack_0_w$
DUMMY8 0_zy_simnet_cmdfifo_hash_valid_1_w$
DUMMY9 0_zy_simnet_cmdfifo_hash_skip_2_w$
DUMMY10 0_zy_simnet_cmdfifo_hash_small_size_3_w$
DUMMY11 1_zy_simnet_hash_len_data_out_4_w$ 0 31
DUMMY12 0_zy_simnet_hash_len_data_out_valid_5_w$
DUMMY13 0_zy_simnet_in_hash_valid_6_w$
DUMMY14 0_zy_simnet_in_hash_eof_7_w$
DUMMY15 0_zy_simnet_in_hash_eoc_8_w$
DUMMY16 1_zy_simnet_in_hash_num_bytes_9_w$ 0 4
DUMMY17 1_zy_simnet_in_hash_data_10_w$ 0 127
DUMMY18 0_zy_simnet_cmd_il_valid_11_w$
DUMMY19 1_zy_simnet_cmd_il_data_size_12_w$ 0 5
DUMMY20 1_zy_simnet_cmd_il_data_13_w$ 0 287
DUMMY21 0_zy_simnet_pipe_array_ack_14_w$
DUMMY22 1_zy_simnet_pipe_array_ack_num_bytes_15_w$ 0 4
DUMMY23 0_zy_simnet_cmd_dgl_valid_16_w$
DUMMY24 1_zy_simnet_cmd_dgl_data_size_17_w$ 0 5
DUMMY25 1_zy_simnet_cmd_dgl_data_18_w$ 0 295
DUMMY26 0_zy_simnet_pipe_array_ack_19_w$
DUMMY27 1_zy_simnet_pipe_array_ack_num_bytes_20_w$ 0 4
DUMMY28 1_zy_simnet_hash_cmd_in_23_w$ 0 33
DUMMY29 0_zy_simnet_hash_cmd_in_valid_24_w$
DUMMY30 0data
DUMMY31 0{}
DUMMY32 0{}
cmd_dgl_data_DUMMY1 0cmd_dgl_data
in_hash_eof_DUMMY2 0in_hash_eof
num_bytes_to_tx_DUMMY3 0num_bytes_to_tx
in_hash_data_DUMMY4 0in_hash_data
in_hash_byte_accumulator_DUMMY5 0in_hash_byte_accumulator
