V O V im_consumed_kme_cceip0 SIZE=2
V O V im_consumed_kme_cddip0 SIZE=2
V O V im_consumed_kme_cceip1 SIZE=2
V O V im_consumed_kme_cddip1 SIZE=2
V O V im_consumed_kme_cceip2 SIZE=2
V O V im_consumed_kme_cddip2 SIZE=2
V O V im_consumed_kme_cceip3 SIZE=2
V O V im_consumed_kme_cddip3 SIZE=2
P O nx_reg_indirect_access u_SA_CTRL ./xc_work/xc_vawork/xc_vawork/nx_reg_indirect_access
P O nx_roreg_indirect_access_xcm129 u_SA_COUNT ./xc_work/xc_vawork/xc_vawork/nx_roreg_indirect_access_xcm129
P O nx_roreg_indirect_access_xcm130 u_SA_SNAPSHOT ./xc_work/xc_vawork/xc_vawork/nx_roreg_indirect_access_xcm130
P O cr_kme_int_handler int_handler ./xc_work/xc_vawork/xc_vawork/cr_kme_int_handler
P O bimc_master bimc_master ./xc_work/xc_vawork/xc_vawork/bimc_master
P O cr_kme_drbg_reggen drbg_register_gen ./xc_work/xc_vawork/xc_vawork/cr_kme_drbg_reggen
P O nx_ram_1rw_indirect_access_xcm122 kim_indirect_access ./xc_work/xc_vawork/xc_vawork/nx_ram_1rw_indirect_access_xcm122
P O nx_ram_1rw_indirect_access_xcm123 ckv_indirect_access ./xc_work/xc_vawork/xc_vawork/nx_ram_1rw_indirect_access_xcm123
P O cr_kme_regfile_glue regfile_glue ./xc_work/xc_vawork/xc_vawork/cr_kme_regfile_glue
P O nx_interface_monitor_xcm97 u_nx_interface_monitor_cddip3 ./xc_work/xc_vawork/xc_vawork/nx_interface_monitor_xcm97
P O nx_interface_monitor_xcm98 u_nx_interface_monitor_cddip2 ./xc_work/xc_vawork/xc_vawork/nx_interface_monitor_xcm98
P O nx_interface_monitor_xcm99 u_nx_interface_monitor_cddip1 ./xc_work/xc_vawork/xc_vawork/nx_interface_monitor_xcm99
P O nx_interface_monitor_xcm100 u_nx_interface_monitor_cddip0 ./xc_work/xc_vawork/xc_vawork/nx_interface_monitor_xcm100
P O nx_interface_monitor_xcm101 u_nx_interface_monitor_cceip3 ./xc_work/xc_vawork/xc_vawork/nx_interface_monitor_xcm101
P O nx_interface_monitor_xcm102 u_nx_interface_monitor_cceip2 ./xc_work/xc_vawork/xc_vawork/nx_interface_monitor_xcm102
P O nx_interface_monitor_xcm103 u_nx_interface_monitor_cceip1 ./xc_work/xc_vawork/xc_vawork/nx_interface_monitor_xcm103
P O nx_interface_monitor_xcm104 u_nx_interface_monitor_cceip0 ./xc_work/xc_vawork/xc_vawork/nx_interface_monitor_xcm104
P O nx_interface_monitor_pipe nx_interface_monitor_pipe_cddip3 ./xc_work/xc_vawork/xc_vawork/nx_interface_monitor_pipe
P O nx_interface_monitor_pipe nx_interface_monitor_pipe_cddip2 ./xc_work/xc_vawork/xc_vawork/nx_interface_monitor_pipe
P O nx_interface_monitor_pipe nx_interface_monitor_pipe_cddip1 ./xc_work/xc_vawork/xc_vawork/nx_interface_monitor_pipe
P O nx_interface_monitor_pipe nx_interface_monitor_pipe_cddip0 ./xc_work/xc_vawork/xc_vawork/nx_interface_monitor_pipe
P O nx_interface_monitor_pipe nx_interface_monitor_pipe_cceip3 ./xc_work/xc_vawork/xc_vawork/nx_interface_monitor_pipe
P O nx_interface_monitor_pipe nx_interface_monitor_pipe_cceip2 ./xc_work/xc_vawork/xc_vawork/nx_interface_monitor_pipe
P O nx_interface_monitor_pipe nx_interface_monitor_pipe_cceip1 ./xc_work/xc_vawork/xc_vawork/nx_interface_monitor_pipe
P O nx_interface_monitor_pipe nx_interface_monitor_pipe_cceip0 ./xc_work/xc_vawork/xc_vawork/nx_interface_monitor_pipe
P O nx_rbus_ring u_nx_rbus_ring ./xc_work/xc_vawork/xc_vawork/nx_rbus_ring
P O cr_kme_regs u_cr_kme_regs ./xc_work/xc_vawork/xc_vawork/cr_kme_regs
