DUMMY0 0label
DUMMY1 0label
DUMMY2 0_zy_simnet_kimreader_parser_ack_0_w$
DUMMY3 0_zy_simnet_kimreader_ckvreader_valid_1_w$
DUMMY4 1_zy_simnet_kimreader_ckvreader_data_2_w$ 0 70
DUMMY5 0_zy_simnet_drng_ack_3_w$
DUMMY6 0_zy_simnet_kim_rd_4_w$
DUMMY7 1_zy_simnet_kim_addr_5_w$ 0 13
DUMMY8 0_zy_simnet_stat_req_with_expired_seed_6_w$
DUMMY9 0_zy_simnet_stat_aux_key_type_0_7_w$
DUMMY10 0_zy_simnet_stat_aux_key_type_1_8_w$
DUMMY11 0_zy_simnet_stat_aux_key_type_2_9_w$
DUMMY12 0_zy_simnet_stat_aux_key_type_3_10_w$
DUMMY13 0_zy_simnet_stat_aux_key_type_4_11_w$
DUMMY14 0_zy_simnet_stat_aux_key_type_5_12_w$
DUMMY15 0_zy_simnet_stat_aux_key_type_6_13_w$
DUMMY16 0_zy_simnet_stat_aux_key_type_7_14_w$
DUMMY17 0_zy_simnet_stat_aux_key_type_8_15_w$
DUMMY18 0_zy_simnet_stat_aux_key_type_9_16_w$
DUMMY19 0_zy_simnet_stat_aux_key_type_10_17_w$
DUMMY20 0_zy_simnet_stat_aux_key_type_11_18_w$
DUMMY21 0_zy_simnet_stat_aux_key_type_12_19_w$
DUMMY22 0_zy_simnet_stat_aux_key_type_13_20_w$
DUMMY23 0_zy_simnet_stat_aux_cmd_with_vf_pf_fail_21_w$
DUMMY24 0@_zy_sva_sblk_1_1._zy_sva_nts_1_1_pass
DUMMY25 0@_zy_sva_sblk_2_1._zy_sva_nts_2_1_pass
DUMMY26 0@_zy_sva_sblk_3_1._zy_sva_nts_3_1_pass
DUMMY27 0@_zy_sva_sblk_4_1._zy_sva_nts_4_1_pass
DUMMY28 0@_zy_sva_sblk_5_1._zy_sva_nts_5_1_pass
DUMMY29 0@_zy_sva_sblk_6_1._zy_sva_nts_6_1_pass
DUMMY30 0@_zy_sva_sblk_7_1._zy_sva_nts_7_1_pass
DUMMY31 0@_zy_sva_sblk_8_1._zy_sva_nts_8_1_pass
DUMMY32 0@_zy_sva_sblk_9_1._zy_sva_nts_9_1_pass
DUMMY33 0@_zy_sva_sblk_10_1._zy_sva_nts_10_1_pass
DUMMY34 0@_zypbctfiCscp0_L438_dek_needs_kek._zykey_type_L554_tfiV0
DUMMY35 0@_zypbctfiCscp1_L444_dek_needs_kek._zykey_type_L554_tfiV0
DUMMY36 0@_zypbctfiCscp2_L468_dak_needs_kek._zykey_type_L566_tfiV2
DUMMY37 0@_zypbctfiCscp3_L473_dak_needs_kek._zykey_type_L566_tfiV2
DUMMY38 3dek_kim_mbe_q *  dek_kim_entry_q *
DUMMY39 3dak_kim_mbe_q *  dak_kim_entry_q *
tlv_word8_DUMMY0 0tlv_word8
tlv_word9_DUMMY1 0tlv_word9
tlv_word42_DUMMY2 0tlv_word42
_zyL438_tfiRv4_DUMMY3 0_zyL438_tfiRv4
_zyL444_tfiRv5_DUMMY4 0_zyL444_tfiRv5
_zyL468_tfiRv6_DUMMY5 0_zyL468_tfiRv6
_zyL473_tfiRv7_DUMMY6 0_zyL473_tfiRv7
