DUMMY0 0label
DUMMY1 0label
DUMMY3 0_zy_simnet_kme_internal_out_ack_0_w$
DUMMY4 1_zy_simnet_gcm_cmd_in_1_w$ 0 610
DUMMY5 0_zy_simnet_gcm_cmd_in_valid_2_w$
DUMMY6 1_zy_simnet_gcm_tag_data_in_3_w$ 0 95
DUMMY7 0_zy_simnet_gcm_tag_data_in_valid_4_w$
DUMMY8 0_zy_simnet_inspector_upsizer_valid_5_w$
DUMMY9 0_zy_simnet_inspector_upsizer_eof_6_w$
DUMMY10 1_zy_simnet_inspector_upsizer_data_7_w$ 0 63
DUMMY11 0_zy_simnet_keyfilter_cmd_in_8_w$
DUMMY12 0_zy_simnet_keyfilter_cmd_in_valid_9_w$
DUMMY13 1_zy_simnet_kdfstream_cmd_in_10_w$ 0 262
DUMMY14 0_zy_simnet_kdfstream_cmd_in_valid_11_w$
DUMMY15 1_zy_simnet_kdf_cmd_in_12_w$ 0 3
DUMMY16 0_zy_simnet_kdf_cmd_in_valid_13_w$
DUMMY17 1_zy_simnet_tlv_sb_data_in_14_w$ 0 63
DUMMY18 0_zy_simnet_tlv_sb_data_in_valid_15_w$
DUMMY19 0@_zy_sva_sblk_1_1._zy_sva_nts_1_1_pass
DUMMY20 0@_zy_sva_sblk_2_1._zy_sva_nts_2_1_pass
DUMMY21 0@_zy_sva_sblk_3_1._zy_sva_nts_3_1_pass
DUMMY22 0@_zy_sva_sblk_4_1._zy_sva_nts_4_1_pass
DUMMY23 0@_zy_sva_sblk_5_1._zy_sva_nts_5_1_pass
DUMMY24 0@_zy_sva_sblk_6_1._zy_sva_nts_6_1_pass
DUMMY25 0@_zy_sva_sblk_7_1._zy_sva_nts_7_1_pass
DUMMY26 0@_zy_sva_sblk_8_1._zy_sva_nts_8_1_pass
DUMMY27 0@_zy_sva_sblk_9_1._zy_sva_nts_9_1_pass
DUMMY28 0@_zy_sva_sblk_10_1._zy_sva_nts_10_1_pass
DUMMY29 0@_zy_sva_sblk_11_1._zy_sva_nts_11_1_pass
DUMMY30 0@_zy_sva_sblk_12_1._zy_sva_nts_12_1_pass
DUMMY31 0@_zy_sva_sblk_13_1._zy_sva_nts_13_1_pass
DUMMY32 0@_zy_sva_sblk_14_1._zy_sva_nts_14_1_pass
DUMMY33 0@_zy_sva_sblk_15_1._zy_sva_nts_15_1_pass
DUMMY34 0@_zy_sva_sblk_16_1._zy_sva_nts_16_1_pass
DUMMY35 0@_zy_sva_sblk_17_1._zy_sva_nts_17_1_pass
DUMMY36 0@_zy_sva_sblk_18_1._zy_sva_nts_18_1_pass
DUMMY37 0@_zy_sva_sblk_19_1._zy_sva_nts_19_1_pass
DUMMY38 0@_zy_sva_sblk_20_1._zy_sva_nts_20_1_pass
DUMMY39 0@_zy_sva_sblk_21_1._zy_sva_nts_21_1_pass
DUMMY40 0@_zy_sva_sblk_22_1._zy_sva_nts_22_1_pass
DUMMY41 0@_zy_sva_sblk_23_1._zy_sva_nts_23_1_pass
DUMMY42 0@_zy_sva_sblk_24_1._zy_sva_nts_24_1_pass
DUMMY43 0@_zy_sva_sblk_25_1._zy_sva_nts_25_1_pass
DUMMY44 0@_zy_sva_sblk_26_1._zy_sva_nts_26_1_pass
DUMMY45 0@_zy_sva_sblk_27_1._zy_sva_nts_27_1_pass
DUMMY46 0@_zy_sva_sblk_28_1._zy_sva_nts_28_1_pass
DUMMY47 0@_zy_sva_sblk_29_1._zy_sva_nts_29_1_pass
DUMMY48 0@_zy_sva_sblk_30_1._zy_sva_nts_30_1_pass
DUMMY49 0@_zy_sva_sblk_31_1._zy_sva_nts_31_1_pass
DUMMY50 0@_zy_sva_sblk_32_1._zy_sva_nts_32_1_pass
DUMMY51 0@_zy_sva_sblk_33_1._zy_sva_nts_33_1_pass
int_tlv_word0_DUMMY0 0int_tlv_word0
int_tlv_word8_DUMMY1 0int_tlv_word8
int_tlv_word9_DUMMY2 0int_tlv_word9
int_tlv_word42_DUMMY3 0int_tlv_word42
key_header_DUMMY4 0key_header
gcm_dek_cmd_in_nxt_DUMMY5 0gcm_dek_cmd_in_nxt
gcm_dak_cmd_in_nxt_DUMMY6 0gcm_dak_cmd_in_nxt
gcm_dek_tag_nxt_DUMMY7 0gcm_dek_tag_nxt
gcm_dak_tag_nxt_DUMMY8 0gcm_dak_tag_nxt
kme_internal_out_ack_DUMMY9 0kme_internal_out_ack
