DUMMY0 1_zy_simnet_o_spare_config_0_w$ 0 31
DUMMY1 1_zy_simnet_o_cceip0_out_ia_wdata_part0_1_w$ 0 31
DUMMY2 1_zy_simnet_o_cceip0_out_ia_wdata_part1_2_w$ 0 31
DUMMY3 1_zy_simnet_o_cceip0_out_ia_wdata_part2_3_w$ 0 31
DUMMY4 1_zy_simnet_o_cceip0_out_ia_config_4_w$ 0 12
DUMMY5 1_zy_simnet_o_cceip0_out_im_config_5_w$ 0 11
DUMMY6 1_zy_simnet_o_cceip0_out_im_read_done_6_w$ 0 1
DUMMY7 1_zy_simnet_o_cceip1_out_ia_wdata_part0_7_w$ 0 31
DUMMY8 1_zy_simnet_o_cceip1_out_ia_wdata_part1_8_w$ 0 31
DUMMY9 1_zy_simnet_o_cceip1_out_ia_wdata_part2_9_w$ 0 31
DUMMY10 1_zy_simnet_o_cceip1_out_ia_config_10_w$ 0 12
DUMMY11 1_zy_simnet_o_cceip1_out_im_config_11_w$ 0 11
DUMMY12 1_zy_simnet_o_cceip1_out_im_read_done_12_w$ 0 1
DUMMY13 1_zy_simnet_o_cceip2_out_ia_wdata_part0_13_w$ 0 31
DUMMY14 1_zy_simnet_o_cceip2_out_ia_wdata_part1_14_w$ 0 31
DUMMY15 1_zy_simnet_o_cceip2_out_ia_wdata_part2_15_w$ 0 31
DUMMY16 1_zy_simnet_o_cceip2_out_ia_config_16_w$ 0 12
DUMMY17 1_zy_simnet_o_cceip2_out_im_config_17_w$ 0 11
DUMMY18 1_zy_simnet_o_cceip2_out_im_read_done_18_w$ 0 1
DUMMY19 1_zy_simnet_o_cceip3_out_ia_wdata_part0_19_w$ 0 31
DUMMY20 1_zy_simnet_o_cceip3_out_ia_wdata_part1_20_w$ 0 31
DUMMY21 1_zy_simnet_o_cceip3_out_ia_wdata_part2_21_w$ 0 31
DUMMY22 1_zy_simnet_o_cceip3_out_ia_config_22_w$ 0 12
DUMMY23 1_zy_simnet_o_cceip3_out_im_config_23_w$ 0 11
DUMMY24 1_zy_simnet_o_cceip3_out_im_read_done_24_w$ 0 1
DUMMY25 1_zy_simnet_o_cddip0_out_ia_wdata_part0_25_w$ 0 31
DUMMY26 1_zy_simnet_o_cddip0_out_ia_wdata_part1_26_w$ 0 31
DUMMY27 1_zy_simnet_o_cddip0_out_ia_wdata_part2_27_w$ 0 31
DUMMY28 1_zy_simnet_o_cddip0_out_ia_config_28_w$ 0 12
DUMMY29 1_zy_simnet_o_cddip0_out_im_config_29_w$ 0 11
DUMMY30 1_zy_simnet_o_cddip0_out_im_read_done_30_w$ 0 1
DUMMY31 1_zy_simnet_o_cddip1_out_ia_wdata_part0_31_w$ 0 31
DUMMY32 1_zy_simnet_o_cddip1_out_ia_wdata_part1_32_w$ 0 31
DUMMY33 1_zy_simnet_o_cddip1_out_ia_wdata_part2_33_w$ 0 31
DUMMY34 1_zy_simnet_o_cddip1_out_ia_config_34_w$ 0 12
DUMMY35 1_zy_simnet_o_cddip1_out_im_config_35_w$ 0 11
DUMMY36 1_zy_simnet_o_cddip1_out_im_read_done_36_w$ 0 1
DUMMY37 1_zy_simnet_o_cddip2_out_ia_wdata_part0_37_w$ 0 31
DUMMY38 1_zy_simnet_o_cddip2_out_ia_wdata_part1_38_w$ 0 31
DUMMY39 1_zy_simnet_o_cddip2_out_ia_wdata_part2_39_w$ 0 31
DUMMY40 1_zy_simnet_o_cddip2_out_ia_config_40_w$ 0 12
DUMMY41 1_zy_simnet_o_cddip2_out_im_config_41_w$ 0 11
DUMMY42 1_zy_simnet_o_cddip2_out_im_read_done_42_w$ 0 1
DUMMY43 1_zy_simnet_o_cddip3_out_ia_wdata_part0_43_w$ 0 31
DUMMY44 1_zy_simnet_o_cddip3_out_ia_wdata_part1_44_w$ 0 31
DUMMY45 1_zy_simnet_o_cddip3_out_ia_wdata_part2_45_w$ 0 31
DUMMY46 1_zy_simnet_o_cddip3_out_ia_config_46_w$ 0 12
DUMMY47 1_zy_simnet_o_cddip3_out_im_config_47_w$ 0 11
DUMMY48 1_zy_simnet_o_cddip3_out_im_read_done_48_w$ 0 1
DUMMY49 1_zy_simnet_o_ckv_ia_wdata_part0_49_w$ 0 31
DUMMY50 1_zy_simnet_o_ckv_ia_wdata_part1_50_w$ 0 31
DUMMY51 1_zy_simnet_o_ckv_ia_config_51_w$ 0 18
DUMMY52 1_zy_simnet_o_kim_ia_wdata_part0_52_w$ 0 20
DUMMY53 1_zy_simnet_o_kim_ia_wdata_part1_53_w$ 0 16
DUMMY54 1_zy_simnet_o_kim_ia_config_54_w$ 0 17
DUMMY55 1_zy_simnet_o_label0_config_55_w$ 0 15
DUMMY56 1_zy_simnet_o_label0_data7_56_w$ 0 31
DUMMY57 1_zy_simnet_o_label0_data6_57_w$ 0 31
DUMMY58 1_zy_simnet_o_label0_data5_58_w$ 0 31
DUMMY59 1_zy_simnet_o_label0_data4_59_w$ 0 31
DUMMY60 1_zy_simnet_o_label0_data3_60_w$ 0 31
DUMMY61 1_zy_simnet_o_label0_data2_61_w$ 0 31
DUMMY62 1_zy_simnet_o_label0_data1_62_w$ 0 31
DUMMY63 1_zy_simnet_o_label0_data0_63_w$ 0 31
DUMMY64 1_zy_simnet_o_label1_config_64_w$ 0 15
DUMMY65 1_zy_simnet_o_label1_data7_65_w$ 0 31
DUMMY66 1_zy_simnet_o_label1_data6_66_w$ 0 31
DUMMY67 1_zy_simnet_o_label1_data5_67_w$ 0 31
DUMMY68 1_zy_simnet_o_label1_data4_68_w$ 0 31
DUMMY69 1_zy_simnet_o_label1_data3_69_w$ 0 31
DUMMY70 1_zy_simnet_o_label1_data2_70_w$ 0 31
DUMMY71 1_zy_simnet_o_label1_data1_71_w$ 0 31
DUMMY72 1_zy_simnet_o_label1_data0_72_w$ 0 31
DUMMY73 1_zy_simnet_o_label2_config_73_w$ 0 15
DUMMY74 1_zy_simnet_o_label2_data7_74_w$ 0 31
DUMMY75 1_zy_simnet_o_label2_data6_75_w$ 0 31
DUMMY76 1_zy_simnet_o_label2_data5_76_w$ 0 31
DUMMY77 1_zy_simnet_o_label2_data4_77_w$ 0 31
DUMMY78 1_zy_simnet_o_label2_data3_78_w$ 0 31
DUMMY79 1_zy_simnet_o_label2_data2_79_w$ 0 31
DUMMY80 1_zy_simnet_o_label2_data1_80_w$ 0 31
DUMMY81 1_zy_simnet_o_label2_data0_81_w$ 0 31
DUMMY82 1_zy_simnet_o_label3_config_82_w$ 0 15
DUMMY83 1_zy_simnet_o_label3_data7_83_w$ 0 31
DUMMY84 1_zy_simnet_o_label3_data6_84_w$ 0 31
DUMMY85 1_zy_simnet_o_label3_data5_85_w$ 0 31
DUMMY86 1_zy_simnet_o_label3_data4_86_w$ 0 31
DUMMY87 1_zy_simnet_o_label3_data3_87_w$ 0 31
DUMMY88 1_zy_simnet_o_label3_data2_88_w$ 0 31
DUMMY89 1_zy_simnet_o_label3_data1_89_w$ 0 31
DUMMY90 1_zy_simnet_o_label3_data0_90_w$ 0 31
DUMMY91 1_zy_simnet_o_label4_config_91_w$ 0 15
DUMMY92 1_zy_simnet_o_label4_data7_92_w$ 0 31
DUMMY93 1_zy_simnet_o_label4_data6_93_w$ 0 31
DUMMY94 1_zy_simnet_o_label4_data5_94_w$ 0 31
DUMMY95 1_zy_simnet_o_label4_data4_95_w$ 0 31
DUMMY96 1_zy_simnet_o_label4_data3_96_w$ 0 31
DUMMY97 1_zy_simnet_o_label4_data2_97_w$ 0 31
DUMMY98 1_zy_simnet_o_label4_data1_98_w$ 0 31
DUMMY99 1_zy_simnet_o_label4_data0_99_w$ 0 31
DUMMY100 1_zy_simnet_o_label5_config_100_w$ 0 15
DUMMY101 1_zy_simnet_o_label5_data7_101_w$ 0 31
DUMMY102 1_zy_simnet_o_label5_data6_102_w$ 0 31
DUMMY103 1_zy_simnet_o_label5_data5_103_w$ 0 31
DUMMY104 1_zy_simnet_o_label5_data4_104_w$ 0 31
DUMMY105 1_zy_simnet_o_label5_data3_105_w$ 0 31
DUMMY106 1_zy_simnet_o_label5_data2_106_w$ 0 31
DUMMY107 1_zy_simnet_o_label5_data1_107_w$ 0 31
DUMMY108 1_zy_simnet_o_label5_data0_108_w$ 0 31
DUMMY109 1_zy_simnet_o_label6_config_109_w$ 0 15
DUMMY110 1_zy_simnet_o_label6_data7_110_w$ 0 31
DUMMY111 1_zy_simnet_o_label6_data6_111_w$ 0 31
DUMMY112 1_zy_simnet_o_label6_data5_112_w$ 0 31
DUMMY113 1_zy_simnet_o_label6_data4_113_w$ 0 31
DUMMY114 1_zy_simnet_o_label6_data3_114_w$ 0 31
DUMMY115 1_zy_simnet_o_label6_data2_115_w$ 0 31
DUMMY116 1_zy_simnet_o_label6_data1_116_w$ 0 31
DUMMY117 1_zy_simnet_o_label6_data0_117_w$ 0 31
DUMMY118 1_zy_simnet_o_label7_config_118_w$ 0 15
DUMMY119 1_zy_simnet_o_label7_data7_119_w$ 0 31
DUMMY120 1_zy_simnet_o_label7_data6_120_w$ 0 31
DUMMY121 1_zy_simnet_o_label7_data5_121_w$ 0 31
DUMMY122 1_zy_simnet_o_label7_data4_122_w$ 0 31
DUMMY123 1_zy_simnet_o_label7_data3_123_w$ 0 31
DUMMY124 1_zy_simnet_o_label7_data2_124_w$ 0 31
DUMMY125 1_zy_simnet_o_label7_data1_125_w$ 0 31
DUMMY126 1_zy_simnet_o_label7_data0_126_w$ 0 31
DUMMY127 1_zy_simnet_o_kdf_drbg_ctrl_127_w$ 0 1
DUMMY128 1_zy_simnet_o_kdf_drbg_seed_0_state_key_31_0_128_w$ 0 31
DUMMY129 1_zy_simnet_o_kdf_drbg_seed_0_state_key_63_32_129_w$ 0 31
DUMMY130 1_zy_simnet_o_kdf_drbg_seed_0_state_key_95_64_130_w$ 0 31
DUMMY131 1_zy_simnet_o_kdf_drbg_seed_0_state_key_127_96_131_w$ 0 31
DUMMY132 1_zy_simnet_o_kdf_drbg_seed_0_state_key_159_128_132_w$ 0 31
DUMMY133 1_zy_simnet_o_kdf_drbg_seed_0_state_key_191_160_133_w$ 0 31
DUMMY134 1_zy_simnet_o_kdf_drbg_seed_0_state_key_223_192_134_w$ 0 31
DUMMY135 1_zy_simnet_o_kdf_drbg_seed_0_state_key_255_224_135_w$ 0 31
DUMMY136 1_zy_simnet_o_kdf_drbg_seed_0_state_value_31_0_136_w$ 0 31
DUMMY137 1_zy_simnet_o_kdf_drbg_seed_0_state_value_63_32_137_w$ 0 31
DUMMY138 1_zy_simnet_o_kdf_drbg_seed_0_state_value_95_64_138_w$ 0 31
DUMMY139 1_zy_simnet_o_kdf_drbg_seed_0_state_value_127_96_139_w$ 0 31
DUMMY140 1_zy_simnet_o_kdf_drbg_seed_0_reseed_interval_0_140_w$ 0 31
DUMMY141 1_zy_simnet_o_kdf_drbg_seed_0_reseed_interval_1_141_w$ 0 15
DUMMY142 1_zy_simnet_o_kdf_drbg_seed_1_state_key_31_0_142_w$ 0 31
DUMMY143 1_zy_simnet_o_kdf_drbg_seed_1_state_key_63_32_143_w$ 0 31
DUMMY144 1_zy_simnet_o_kdf_drbg_seed_1_state_key_95_64_144_w$ 0 31
DUMMY145 1_zy_simnet_o_kdf_drbg_seed_1_state_key_127_96_145_w$ 0 31
DUMMY146 1_zy_simnet_o_kdf_drbg_seed_1_state_key_159_128_146_w$ 0 31
DUMMY147 1_zy_simnet_o_kdf_drbg_seed_1_state_key_191_160_147_w$ 0 31
DUMMY148 1_zy_simnet_o_kdf_drbg_seed_1_state_key_223_192_148_w$ 0 31
DUMMY149 1_zy_simnet_o_kdf_drbg_seed_1_state_key_255_224_149_w$ 0 31
DUMMY150 1_zy_simnet_o_kdf_drbg_seed_1_state_value_31_0_150_w$ 0 31
DUMMY151 1_zy_simnet_o_kdf_drbg_seed_1_state_value_63_32_151_w$ 0 31
DUMMY152 1_zy_simnet_o_kdf_drbg_seed_1_state_value_95_64_152_w$ 0 31
DUMMY153 1_zy_simnet_o_kdf_drbg_seed_1_state_value_127_96_153_w$ 0 31
DUMMY154 1_zy_simnet_o_kdf_drbg_seed_1_reseed_interval_0_154_w$ 0 31
DUMMY155 1_zy_simnet_o_kdf_drbg_seed_1_reseed_interval_1_155_w$ 0 15
DUMMY156 1_zy_simnet_o_interrupt_status_156_w$ 0 4
DUMMY157 1_zy_simnet_o_interrupt_mask_157_w$ 0 4
DUMMY158 1_zy_simnet_o_engine_sticky_status_158_w$ 0 7
DUMMY159 1_zy_simnet_o_bimc_monitor_mask_159_w$ 0 6
DUMMY160 1_zy_simnet_o_bimc_ecc_uncorrectable_error_cnt_160_w$ 0 31
DUMMY161 1_zy_simnet_o_bimc_ecc_correctable_error_cnt_161_w$ 0 31
DUMMY162 1_zy_simnet_o_bimc_parity_error_cnt_162_w$ 0 31
DUMMY163 1_zy_simnet_o_bimc_global_config_163_w$ 0 31
DUMMY164 1_zy_simnet_o_bimc_eccpar_debug_164_w$ 0 28
DUMMY165 1_zy_simnet_o_bimc_cmd2_165_w$ 0 10
DUMMY166 1_zy_simnet_o_bimc_cmd1_166_w$ 0 31
DUMMY167 1_zy_simnet_o_bimc_cmd0_167_w$ 0 31
DUMMY168 1_zy_simnet_o_bimc_rxcmd2_168_w$ 0 9
DUMMY169 1_zy_simnet_o_bimc_rxrsp2_169_w$ 0 9
DUMMY170 1_zy_simnet_o_bimc_pollrsp2_170_w$ 0 9
DUMMY171 1_zy_simnet_o_bimc_dbgcmd2_171_w$ 0 9
DUMMY172 1_zy_simnet_o_im_consumed_172_w$ 0 15
DUMMY173 1_zy_simnet_o_tready_override_173_w$ 0 8
DUMMY174 1_zy_simnet_o_regs_sa_ctrl_174_w$ 0 31
DUMMY175 1_zy_simnet_o_sa_snapshot_ia_wdata_part0_175_w$ 0 31
DUMMY176 1_zy_simnet_o_sa_snapshot_ia_wdata_part1_176_w$ 0 31
DUMMY177 1_zy_simnet_o_sa_snapshot_ia_config_177_w$ 0 8
DUMMY178 1_zy_simnet_o_sa_count_ia_wdata_part0_178_w$ 0 31
DUMMY179 1_zy_simnet_o_sa_count_ia_wdata_part1_179_w$ 0 31
DUMMY180 1_zy_simnet_o_sa_count_ia_config_180_w$ 0 8
DUMMY181 1_zy_simnet_o_cceip_encrypt_kop_fifo_override_181_w$ 0 6
DUMMY182 1_zy_simnet_o_cceip_validate_kop_fifo_override_182_w$ 0 6
DUMMY183 1_zy_simnet_o_cddip_decrypt_kop_fifo_override_183_w$ 0 6
DUMMY184 1_zy_simnet_o_sa_global_ctrl_184_w$ 0 31
DUMMY185 1_zy_simnet_o_sa_ctrl_ia_wdata_part0_185_w$ 0 31
DUMMY186 1_zy_simnet_o_sa_ctrl_ia_config_186_w$ 0 8
DUMMY187 1_zy_simnet_o_kdf_test_key_size_config_187_w$ 0 31
