DUMMY2 0label
DUMMY3 0label
DUMMY7 0_zy_simnet_kme_ib_out_0_w$
DUMMY8 1_zy_simnet_kme_cceip0_ob_out_1_w$ 0 82
DUMMY9 1_zy_simnet_kme_cceip1_ob_out_2_w$ 0 82
DUMMY10 1_zy_simnet_kme_cceip2_ob_out_3_w$ 0 82
DUMMY11 1_zy_simnet_kme_cceip3_ob_out_4_w$ 0 82
DUMMY12 1_zy_simnet_kme_cddip0_ob_out_5_w$ 0 82
DUMMY13 1_zy_simnet_kme_cddip1_ob_out_6_w$ 0 82
DUMMY14 1_zy_simnet_kme_cddip2_ob_out_7_w$ 0 82
DUMMY15 1_zy_simnet_kme_cddip3_ob_out_8_w$ 0 82
DUMMY16 1_zy_simnet_idle_components_9_w$ 0 31
DUMMY17 0_zy_simnet_core_kme_ib_out_10_w$
DUMMY18 1_zy_simnet_kme_slv_out_11_w$ 0 82
DUMMY19 1_zy_simnet_cceip_encrypt_in_12_w$ 0 70
DUMMY20 1_zy_simnet_cceip_validate_in_13_w$ 0 70
DUMMY21 1_zy_simnet_cddip_decrypt_in_14_w$ 0 70
DUMMY22 1_zy_simnet_kme_slv_out_15_w$ 0 82
DUMMY23 1_zy_simnet_cceip_encrypt_in_16_w$ 0 70
DUMMY24 1_zy_simnet_cceip_validate_in_17_w$ 0 70
DUMMY25 1_zy_simnet_cceip_encrypt_ob_tlv_18_w$ 0 105
DUMMY26 1_zy_simnet_cceip_validate_ob_tlv_19_w$ 0 105
DUMMY27 1_zy_simnet_cceip_encrypt_ob_tlv_21_w$ 0 105
DUMMY28 1_zy_simnet_cceip_validate_ob_tlv_22_w$ 0 105
DUMMY29 1_zy_simnet_kme_cceip0_ob_out_23_w$ 0 82
DUMMY30 1_zy_simnet_cceip_ob_tlv_24_w$ 0 105
DUMMY31 0_zy_simnet_kme_ib_out_25_w$
DUMMY32 1_zy_simnet_idle_components_26_w$ 0 31
DUMMY33 0_zy_simnet_core_kme_ib_out_27_w$
DUMMY34 0{}
DUMMY35 0{}
