DUMMY4 0label
DUMMY5 0label
DUMMY6 0_zy_simnet_disable_debug_cmd_q_0_w$
DUMMY7 0_zy_simnet_set_txc_bp_int_1_w$
DUMMY8 0_zy_simnet_kme_ib_out_2_w$
DUMMY9 0_zy_simnet_kme_idle_3_w$
DUMMY10 1_zy_simnet_idle_components_4_w$ 0 31
DUMMY11 0{}
DUMMY12 0{}
DUMMY13 0{}
DUMMY14 0{}
DUMMY15 0{}
DUMMY16 0{}
DUMMY17 0{}
DUMMY18 0{}
DUMMY19 0{}
DUMMY20 0{}
DUMMY21 0{}
DUMMY22 0{}
DUMMY23 0{}
DUMMY24 0{}
DUMMY25 0{}
DUMMY26 0{}
DUMMY27 0{}
DUMMY28 0{}
DUMMY29 0{}
DUMMY30 0{}
DUMMY31 3tlv_parser_int_tlv_start_pulse *  - *
DUMMY32 0_zy_simnet_sa_clear_8_w$
DUMMY33 0_zy_simnet_sa_snap_9_w$
DUMMY34 0{}
DUMMY35 3- *  - *
DUMMY36 0{}
DUMMY37 3- *  - *
DUMMY38 0{}
DUMMY39 0_zy_simnet_sa_clear_13_w$
DUMMY40 0_zy_simnet_sa_snap_14_w$
DUMMY41 0{}
DUMMY42 3- *  - *
DUMMY43 0{}
DUMMY44 3- *  - *
DUMMY45 0{}
DUMMY46 0_zy_simnet_sa_clear_18_w$
DUMMY47 0_zy_simnet_sa_snap_19_w$
DUMMY48 0{}
DUMMY49 3- *  - *
DUMMY50 0{}
DUMMY51 3- *  - *
DUMMY52 0{}
DUMMY53 0_zy_simnet_sa_clear_23_w$
DUMMY54 0_zy_simnet_sa_snap_24_w$
DUMMY55 0{}
DUMMY56 3- *  - *
DUMMY57 0{}
DUMMY58 3- *  - *
DUMMY59 0{}
DUMMY60 0_zy_simnet_sa_clear_28_w$
DUMMY61 0_zy_simnet_sa_snap_29_w$
DUMMY62 0{}
DUMMY63 3- *  - *
DUMMY64 0{}
DUMMY65 3- *  - *
DUMMY66 0{}
DUMMY67 0_zy_simnet_sa_clear_33_w$
DUMMY68 0_zy_simnet_sa_snap_34_w$
DUMMY69 0{}
DUMMY70 3- *  - *
DUMMY71 0{}
DUMMY72 3- *  - *
DUMMY73 0{}
DUMMY74 0_zy_simnet_sa_clear_38_w$
DUMMY75 0_zy_simnet_sa_snap_39_w$
DUMMY76 0{}
DUMMY77 3- *  - *
DUMMY78 0{}
DUMMY79 3- *  - *
DUMMY80 0{}
DUMMY81 0_zy_simnet_sa_clear_43_w$
DUMMY82 0_zy_simnet_sa_snap_44_w$
DUMMY83 0{}
DUMMY84 3- *  - *
DUMMY85 0{}
DUMMY86 3- *  - *
DUMMY87 0{}
DUMMY88 0_zy_simnet_sa_clear_48_w$
DUMMY89 0_zy_simnet_sa_snap_49_w$
DUMMY90 0{}
DUMMY91 3- *  - *
DUMMY92 0{}
DUMMY93 3- *  - *
DUMMY94 0{}
DUMMY95 0_zy_simnet_sa_clear_53_w$
DUMMY96 0_zy_simnet_sa_snap_54_w$
DUMMY97 0{}
DUMMY98 3- *  - *
DUMMY99 0{}
DUMMY100 3- *  - *
DUMMY101 0{}
DUMMY102 0_zy_simnet_sa_clear_58_w$
DUMMY103 0_zy_simnet_sa_snap_59_w$
DUMMY104 0{}
DUMMY105 3- *  - *
DUMMY106 0{}
DUMMY107 3- *  - *
DUMMY108 0{}
DUMMY109 0_zy_simnet_sa_clear_63_w$
DUMMY110 0_zy_simnet_sa_snap_64_w$
DUMMY111 0{}
DUMMY112 3- *  - *
DUMMY113 0{}
DUMMY114 3- *  - *
DUMMY115 0{}
DUMMY116 0_zy_simnet_sa_clear_68_w$
DUMMY117 0_zy_simnet_sa_snap_69_w$
DUMMY118 0{}
DUMMY119 3- *  - *
DUMMY120 0{}
DUMMY121 3- *  - *
DUMMY122 0{}
DUMMY123 0_zy_simnet_sa_clear_73_w$
DUMMY124 0_zy_simnet_sa_snap_74_w$
DUMMY125 0{}
DUMMY126 3- *  - *
DUMMY127 0{}
DUMMY128 3- *  - *
DUMMY129 0{}
DUMMY130 0_zy_simnet_sa_clear_78_w$
DUMMY131 0_zy_simnet_sa_snap_79_w$
DUMMY132 0{}
DUMMY133 3- *  - *
DUMMY134 0{}
DUMMY135 3- *  - *
DUMMY136 0{}
DUMMY137 0_zy_simnet_sa_clear_83_w$
DUMMY138 0_zy_simnet_sa_snap_84_w$
DUMMY139 0{}
DUMMY140 3- *  - *
DUMMY141 0{}
DUMMY142 3- *  - *
DUMMY143 0{}
DUMMY144 0_zy_simnet_sa_clear_88_w$
DUMMY145 0_zy_simnet_sa_snap_89_w$
DUMMY146 0{}
DUMMY147 3- *  - *
DUMMY148 0{}
DUMMY149 3- *  - *
DUMMY150 0{}
DUMMY151 0_zy_simnet_sa_clear_93_w$
DUMMY152 0_zy_simnet_sa_snap_94_w$
DUMMY153 0{}
DUMMY154 3- *  - *
DUMMY155 0{}
DUMMY156 3- *  - *
DUMMY157 0{}
DUMMY158 0_zy_simnet_sa_clear_98_w$
DUMMY159 0_zy_simnet_sa_snap_99_w$
DUMMY160 0{}
DUMMY161 3- *  - *
DUMMY162 0{}
DUMMY163 3- *  - *
DUMMY164 0{}
DUMMY165 0_zy_simnet_sa_clear_103_w$
DUMMY166 0_zy_simnet_sa_snap_104_w$
DUMMY167 0{}
DUMMY168 3- *  - *
DUMMY169 0{}
DUMMY170 3- *  - *
DUMMY171 0{}
DUMMY172 0_zy_simnet_sa_clear_108_w$
DUMMY173 0_zy_simnet_sa_snap_109_w$
DUMMY174 0{}
DUMMY175 3- *  - *
DUMMY176 0{}
DUMMY177 3- *  - *
DUMMY178 0{}
DUMMY179 0_zy_simnet_sa_clear_113_w$
DUMMY180 0_zy_simnet_sa_snap_114_w$
DUMMY181 0{}
DUMMY182 3- *  - *
DUMMY183 0{}
DUMMY184 3- *  - *
DUMMY185 0{}
DUMMY186 0_zy_simnet_sa_clear_118_w$
DUMMY187 0_zy_simnet_sa_snap_119_w$
DUMMY188 0{}
DUMMY189 3- *  - *
DUMMY190 0{}
DUMMY191 3- *  - *
DUMMY192 0{}
DUMMY193 0_zy_simnet_sa_clear_123_w$
DUMMY194 0_zy_simnet_sa_snap_124_w$
DUMMY195 0{}
DUMMY196 3- *  - *
DUMMY197 0{}
DUMMY198 3- *  - *
DUMMY199 0{}
DUMMY200 0_zy_simnet_sa_clear_128_w$
DUMMY201 0_zy_simnet_sa_snap_129_w$
DUMMY202 0{}
DUMMY203 3- *  - *
DUMMY204 0{}
DUMMY205 3- *  - *
DUMMY206 0{}
DUMMY207 0_zy_simnet_sa_clear_133_w$
DUMMY208 0_zy_simnet_sa_snap_134_w$
DUMMY209 0{}
DUMMY210 3- *  - *
DUMMY211 0{}
DUMMY212 3- *  - *
DUMMY213 0{}
DUMMY214 0_zy_simnet_sa_clear_138_w$
DUMMY215 0_zy_simnet_sa_snap_139_w$
DUMMY216 0{}
DUMMY217 3- *  - *
DUMMY218 0{}
DUMMY219 3- *  - *
DUMMY220 0{}
DUMMY221 0_zy_simnet_sa_clear_143_w$
DUMMY222 0_zy_simnet_sa_snap_144_w$
DUMMY223 0{}
DUMMY224 3- *  - *
DUMMY225 0{}
DUMMY226 3- *  - *
DUMMY227 0{}
DUMMY228 0_zy_simnet_sa_clear_148_w$
DUMMY229 0_zy_simnet_sa_snap_149_w$
DUMMY230 0{}
DUMMY231 3- *  - *
DUMMY232 0{}
DUMMY233 3- *  - *
DUMMY234 0{}
DUMMY235 0_zy_simnet_sa_clear_153_w$
DUMMY236 0_zy_simnet_sa_snap_154_w$
DUMMY237 0{}
DUMMY238 3- *  - *
DUMMY239 0{}
DUMMY240 3- *  - *
DUMMY241 0{}
DUMMY242 0_zy_simnet_sa_clear_158_w$
DUMMY243 0_zy_simnet_sa_snap_159_w$
DUMMY244 0{}
DUMMY245 3- *  - *
DUMMY246 0{}
DUMMY247 3- *  - *
DUMMY248 0{}
DUMMY249 0_zy_simnet_sa_clear_163_w$
DUMMY250 0_zy_simnet_sa_snap_164_w$
DUMMY251 0{}
DUMMY252 3- *  - *
DUMMY253 0{}
DUMMY254 3- *  - *
DUMMY255 0{}
