DUMMY0 0_zy_simnet_pt_ob_rd_0_w$
DUMMY1 0_zy_simnet_usr_ob_full_1_w$
DUMMY2 0_zy_simnet_usr_ob_afull_2_w$
DUMMY3 0_zy_simnet_tlvp_ob_empty_3_w$
DUMMY4 0_zy_simnet_tlvp_ob_aempty_4_w$
DUMMY5 1_zy_simnet_tlvp_ob_5_w$ 0 82
DUMMY6 0_zy_simnet_tlvp_rsm_bimc_odat_6_w$
DUMMY7 0_zy_simnet_tlvp_rsm_bimc_osync_7_w$
DUMMY8 0_zy_simnet_tlvp_ob_ro_uncorrectable_ecc_error_8_w$
DUMMY9 0_zy_simnet_usr_ob_ro_uncorrectable_ecc_error_9_w$
DUMMY10 0_zy_simnet_pt_ob_rd_10_w$
DUMMY11 0_zy_simnet_tlvp_rsm_usr_ob_ren_11_w$
DUMMY12 0_zy_simnet_tlvp_rsm_ob_wen_12_w$
DUMMY13 1_zy_simnet_tlvp_rsm_ob_wdata_13_w$ 0 82
DUMMY14 1_zy_simnet_tlvp_rsm_usr_ob_rdata_14_w$ 0 105
DUMMY15 0_zy_simnet_usr_ob_empty_15_w$
DUMMY16 0_zy_simnet_usr_ob_aempty_16_w$
DUMMY17 0_zy_simnet_tlvp_ob_full_17_w$
DUMMY18 0_zy_simnet_tlvp_ob_afull_18_w$
DUMMY19 0_zy_simnet_tlvp_ob_full_19_w$
DUMMY20 0_zy_simnet_tlvp_ob_afull_20_w$
DUMMY21 1_zy_simnet_tlvp_ob_21_w$ 0 82
DUMMY22 0_zy_simnet_tlvp_ob_empty_22_w$
DUMMY23 0_zy_simnet_tlvp_ob_aempty_23_w$
DUMMY24 0_zy_simnet_tlvp_rsm_bimc_odat_24_w$
DUMMY25 0_zy_simnet_tlvp_rsm_bimc_osync_25_w$
DUMMY26 0_zy_simnet_tlvp_ob_ro_uncorrectable_ecc_error_26_w$
DUMMY27 1_zy_simnet_tlvp_rsm_ob_wdata_27_w$ 0 82
DUMMY28 0_zy_simnet_tlvp_rsm_ob_wen_28_w$
DUMMY29 0_zy_simnet_usr_ob_bimc_odat_29_w$
DUMMY30 0_zy_simnet_usr_ob_bimc_osync_30_w$
DUMMY31 0_zy_simnet_usr_ob_full_31_w$
DUMMY32 0_zy_simnet_usr_ob_afull_32_w$
DUMMY33 1_zy_simnet_tlvp_rsm_usr_ob_rdata_33_w$ 0 105
DUMMY34 0_zy_simnet_usr_ob_empty_34_w$
DUMMY35 0_zy_simnet_usr_ob_aempty_35_w$
DUMMY36 0_zy_simnet_usr_ob_bimc_odat_36_w$
DUMMY37 0_zy_simnet_usr_ob_bimc_osync_37_w$
DUMMY38 0_zy_simnet_usr_ob_ro_uncorrectable_ecc_error_38_w$
DUMMY39 0_zy_simnet_tlvp_rsm_usr_ob_ren_39_w$
