DUMMY0 0tb_top.kme_tb_dut._zyixc_port_0_0_isf
DUMMY1 0xcva_top.IXC_GFIFO.ISF.pvec[0]
DUMMY2 0xcva_top.IXC_GFIFO.OSF.pvecEv[0]
DUMMY3 0tb_top.kme_tb_dut._zyixc_port_0_0_osf
DUMMY4 0xcva_top.IXC_GFIFO.OSF1.pvecEv[0]
DUMMY5 0tb_top.kme_tb_dut.kme_dut.u_cr_kme_core.\kme_is_core.txc_axi_intf .u_cr_fifo_wrap2.\ram_fifo.u_nx_fifo_ram_1r1w .fifo_ctrl._zyixc_port_1_0_osf
DUMMY6 0xcva_top.IXC_GFIFO.OSF1.pvecEv[1]
DUMMY7 0tb_top.kme_tb_dut.kme_dut.u_cr_kme_core.\kme_is_core.cceip_encrypt_kop_fifo .ram_fifo.\ram_fifo.u_nx_fifo_ram_1r1w .fifo_ctrl._zyixc_port_1_0_osf
DUMMY8 0xcva_top.IXC_GFIFO.OSF1.pvecEv[2]
DUMMY9 0tb_top.kme_tb_dut.kme_dut.u_cr_kme_core.\kme_is_core.cceip_validate_kop_fifo .ram_fifo.\ram_fifo.u_nx_fifo_ram_1r1w .fifo_ctrl._zyixc_port_1_0_osf
DUMMY10 0xcva_top.IXC_GFIFO.OSF1.pvecEv[3]
DUMMY11 0tb_top.kme_tb_dut.kme_dut.u_cr_kme_core.\kme_is_core.cceip0_key_tlv_rsm .u_cr_tlvp2_rsm.u_cr_fifo_wrap2_tob.\ram_fifo.u_nx_fifo_ram_1r1w .fifo_ctrl._zyixc_port_1_0_osf
DUMMY12 0xcva_top.IXC_GFIFO.OSF1.pvecEv[4]
DUMMY13 0tb_top.kme_tb_dut.kme_dut.u_cr_kme_regfile.u_nx_interface_monitor_cceip0.u_nx_credit_manager._zyixc_port_1_0_osf
DUMMY14 0xcva_top.IXC_GFIFO.OSF1.pvecEv[5]
DUMMY15 0tb_top.kme_tb_dut.kme_dut.u_cr_kme_regfile.u_nx_interface_monitor_cceip0.u_nx_credit_manager._zyixc_port_1_1_osf
DUMMY16 0xcva_top.IXC_GFIFO.OSF1.pvecEv[6]
DUMMY17 0tb_top.kme_tb_dut.kme_dut.u_cr_kme_regfile.u_nx_interface_monitor_cceip1.u_nx_credit_manager._zyixc_port_1_0_osf
DUMMY18 0xcva_top.IXC_GFIFO.OSF1.pvecEv[7]
DUMMY19 0tb_top.kme_tb_dut.kme_dut.u_cr_kme_regfile.u_nx_interface_monitor_cceip1.u_nx_credit_manager._zyixc_port_1_1_osf
DUMMY20 0xcva_top.IXC_GFIFO.OSF1.pvecEv[8]
DUMMY21 0tb_top.kme_tb_dut.kme_dut.u_cr_kme_regfile.u_nx_interface_monitor_cceip2.u_nx_credit_manager._zyixc_port_1_0_osf
DUMMY22 0xcva_top.IXC_GFIFO.OSF1.pvecEv[9]
DUMMY23 0tb_top.kme_tb_dut.kme_dut.u_cr_kme_regfile.u_nx_interface_monitor_cceip2.u_nx_credit_manager._zyixc_port_1_1_osf
DUMMY24 0xcva_top.IXC_GFIFO.OSF1.pvecEv[10]
DUMMY25 0tb_top.kme_tb_dut.kme_dut.u_cr_kme_regfile.u_nx_interface_monitor_cceip3.u_nx_credit_manager._zyixc_port_1_0_osf
DUMMY26 0xcva_top.IXC_GFIFO.OSF1.pvecEv[11]
DUMMY27 0tb_top.kme_tb_dut.kme_dut.u_cr_kme_regfile.u_nx_interface_monitor_cceip3.u_nx_credit_manager._zyixc_port_1_1_osf
DUMMY28 0xcva_top.IXC_GFIFO.OSF1.pvecEv[12]
DUMMY29 0tb_top.kme_tb_dut.kme_dut.u_cr_kme_regfile.u_nx_interface_monitor_cddip0.u_nx_credit_manager._zyixc_port_1_0_osf
DUMMY30 0xcva_top.IXC_GFIFO.OSF1.pvecEv[13]
DUMMY31 0tb_top.kme_tb_dut.kme_dut.u_cr_kme_regfile.u_nx_interface_monitor_cddip0.u_nx_credit_manager._zyixc_port_1_1_osf
DUMMY32 0xcva_top.IXC_GFIFO.OSF1.pvecEv[14]
DUMMY33 0tb_top.kme_tb_dut.kme_dut.u_cr_kme_regfile.u_nx_interface_monitor_cddip1.u_nx_credit_manager._zyixc_port_1_0_osf
DUMMY34 0xcva_top.IXC_GFIFO.OSF1.pvecEv[15]
DUMMY35 0tb_top.kme_tb_dut.kme_dut.u_cr_kme_regfile.u_nx_interface_monitor_cddip1.u_nx_credit_manager._zyixc_port_1_1_osf
DUMMY36 0xcva_top.IXC_GFIFO.OSF1.pvecEv[16]
DUMMY37 0tb_top.kme_tb_dut.kme_dut.u_cr_kme_regfile.u_nx_interface_monitor_cddip2.u_nx_credit_manager._zyixc_port_1_0_osf
DUMMY38 0xcva_top.IXC_GFIFO.OSF1.pvecEv[17]
DUMMY39 0tb_top.kme_tb_dut.kme_dut.u_cr_kme_regfile.u_nx_interface_monitor_cddip2.u_nx_credit_manager._zyixc_port_1_1_osf
DUMMY40 0xcva_top.IXC_GFIFO.OSF1.pvecEv[18]
DUMMY41 0tb_top.kme_tb_dut.kme_dut.u_cr_kme_regfile.u_nx_interface_monitor_cddip3.u_nx_credit_manager._zyixc_port_1_0_osf
DUMMY42 0xcva_top.IXC_GFIFO.OSF1.pvecEv[19]
DUMMY43 0tb_top.kme_tb_dut.kme_dut.u_cr_kme_regfile.u_nx_interface_monitor_cddip3.u_nx_credit_manager._zyixc_port_1_1_osf
