DUMMY2 0apb_xactor._zyL94_iscX1c0_s
DUMMY3 0apb_xactor._zyL94_iscX1c0_f
DUMMY4 1apb_xactor._zyL94_iscX1c0_i0 63 0
DUMMY5 1apb_xactor._zyL94_iscX1c0_o1 31 0
DUMMY6 0apb_xactor._zyL94_iscX1c0_o2
DUMMY7 0apb_xactor._zyL61_iscX2c0_s
DUMMY8 0apb_xactor._zyL61_iscX2c0_f
DUMMY9 1apb_xactor._zyL61_iscX2c0_i0 63 0
DUMMY10 1apb_xactor._zyL61_iscX2c0_i1 31 0
DUMMY11 0apb_xactor._zyL61_iscX2c0_o2
DUMMY12 0_zy_simnet_kme_apb_psel_0_w$
DUMMY13 0_zy_simnet_kme_apb_penable_1_w$
DUMMY14 1_zy_simnet_kme_apb_paddr_2_w$ 0 19
DUMMY15 1_zy_simnet_kme_apb_pwdata_3_w$ 0 31
DUMMY16 0_zy_simnet_kme_apb_pwrite_4_w$
DUMMY17 0_zy_simnet_clk_5_w$
DUMMY18 0_zy_simnet_rst_n_6_w$
DUMMY19 1_zy_simnet_kme_apb_prdata_7_w$ 0 31
DUMMY20 0_zy_simnet_kme_apb_pready_8_w$
DUMMY21 0_zy_simnet_kme_apb_pslverr_9_w$
DUMMY22 0_zy_simnet_kme_ib_tready_11_w$
DUMMY23 0_zy_simnet_kme_ob_tvalid_12_w$
DUMMY24 0_zy_simnet_kme_ob_tlast_13_w$
DUMMY25 0_zy_simnet_kme_ob_tid_14_w$
DUMMY26 1_zy_simnet_kme_ob_tstrb_15_w$ 0 7
DUMMY27 1_zy_simnet_kme_ob_tuser_16_w$ 0 7
DUMMY28 1_zy_simnet_kme_ob_tdata_17_w$ 0 63
DUMMY29 1_zy_simnet_kme_apb_prdata_18_w$ 0 31
DUMMY30 0_zy_simnet_kme_apb_pready_19_w$
DUMMY31 0_zy_simnet_kme_apb_pslverr_20_w$
DUMMY32 0_zy_simnet_clk_22_w$
DUMMY33 0_zy_simnet_rst_n_23_w$
DUMMY34 0_zy_simnet_kme_ib_tvalid_32_w$
DUMMY35 0_zy_simnet_kme_ib_tlast_33_w$
DUMMY36 0_zy_simnet_kme_ib_tid_34_w$
DUMMY37 1_zy_simnet_kme_ib_tstrb_35_w$ 0 7
DUMMY38 1_zy_simnet_kme_ib_tuser_36_w$ 0 7
DUMMY39 1_zy_simnet_kme_ib_tdata_37_w$ 0 63
DUMMY40 0_zy_simnet_kme_ob_tready_38_w$
DUMMY41 1_zy_simnet_kme_apb_paddr_39_w$ 0 15
DUMMY42 0_zy_simnet_kme_apb_psel_40_w$
DUMMY43 0_zy_simnet_kme_apb_penable_41_w$
DUMMY44 0_zy_simnet_kme_apb_pwrite_42_w$
DUMMY45 1_zy_simnet_kme_apb_pwdata_43_w$ 0 31
DUMMY46 0_zyictd_finish_mgr_x$tbc
DUMMY47 0{}
DUMMY48 0{}
DUMMY49 0{}
DUMMY50 0{}
DUMMY51 0{}
DUMMY52 0{}
DUMMY53 0{}
DUMMY54 0{}
DUMMY55 0{}
DUMMY56 0{}
DUMMY57 0{}
DUMMY58 0{}
DUMMY59 0{}
DUMMY60 0{}
DUMMY61 0{}
DUMMY62 0{}
DUMMY63 0{}
DUMMY64 0{}
DUMMY65 0{}
DUMMY66 0{}
DUMMY67 0{}
DUMMY68 0{}
DUMMY69 0{}
DUMMY70 0{}
DUMMY71 0{}
DUMMY72 0apb_xactor
DUMMY73 0@_zyL306_meSwitch0._zystop_loop_L422_tfiV0_meV0
DUMMY74 0@_zyL306_meSwitch0._zyL306_meEn1
DUMMY75 0@_zyL312_meSwitch2._zyL312_meEn2
DUMMY76 3_zyoperation_L206_tfiV0_M2_pbcG0 *  _zyaddress_L206_tfiV1_M2_pbcG1 *  _zydata_L206_tfiV2_M2_pbcG2 *
DUMMY77 0@_zyL368_meSwitch4._zyL368_meEn3
DUMMY78 0@_zyL368_meSwitch4._zygfifotfiCscp1_L370_ib_service_data_isf_meScp5._zytdata_L207_tfiV5
DUMMY79 0@_zyL368_meSwitch4._zygfifotfiCscp1_L370_ib_service_data_isf_meScp5._zytuser_string_L207_tfiV6
DUMMY80 0@_zyL368_meSwitch4._zygfifotfiCscp1_L370_ib_service_data_isf_meScp5._zytstrb_L207_tfiV7
DUMMY81 0@_zyL368_meSwitch4._zygfifotfiCscp1_L370_ib_service_data_isf_meScp5._zystr_get_L207_tfiV8
DUMMY82 0@_zyL368_meSwitch4._zygfifotfiCscp1_L370_ib_service_data_isf_meScp5._zyxr_L207_tfiV9
DUMMY83 3@_zyL368_meSwitch4._zygfifotfiCscp1_L370_ib_service_data_isf_meScp5._zytdata_L207_tfiV5 *  @_zyL368_meSwitch4._zygfifotfiCscp1_L370_ib_service_data_isf_meScp5._zytuser_string_L207_tfiV6 *  @_zyL368_meSwitch4._zygfifotfiCscp1_L370_ib_service_data_isf_meScp5._zytstrb_L207_tfiV7 *  @_zyL368_meSwitch4._zygfifotfiCscp1_L370_ib_service_data_isf_meScp5._zystr_get_L207_tfiV8 *
DUMMY84 0@_zyL368_meSwitch4._zz_gfdinlCscp2_L372_reverse_translate_tuser_meScp6._zytuser_L517_tfiV1
DUMMY85 0@_zyL368_meSwitch4._zz_gfdinlCscp3_L406_translate_tuser_t_meScp7._zytuser_L529_tfiV3
DUMMY86 0@_zyL439_meSwitch8._zyL439_meEn4
DUMMY87 0@_zyL439_meSwitch8._zygfifotfiCscp2_L441_ob_service_data_isf_meScp9._zytdata_L209_tfiV11
DUMMY88 0@_zyL439_meSwitch8._zygfifotfiCscp2_L441_ob_service_data_isf_meScp9._zytuser_string_L209_tfiV12
DUMMY89 0@_zyL439_meSwitch8._zygfifotfiCscp2_L441_ob_service_data_isf_meScp9._zytstrb_L209_tfiV13
DUMMY90 0@_zyL439_meSwitch8._zygfifotfiCscp2_L441_ob_service_data_isf_meScp9._zystr_get_L209_tfiV14
DUMMY91 0@_zyL439_meSwitch8._zygfifotfiCscp2_L441_ob_service_data_isf_meScp9._zyxr_L209_tfiV15
DUMMY92 3@_zyL439_meSwitch8._zygfifotfiCscp2_L441_ob_service_data_isf_meScp9._zytdata_L209_tfiV11 *  @_zyL439_meSwitch8._zygfifotfiCscp2_L441_ob_service_data_isf_meScp9._zytuser_string_L209_tfiV12 *  @_zyL439_meSwitch8._zygfifotfiCscp2_L441_ob_service_data_isf_meScp9._zytstrb_L209_tfiV13 *  @_zyL439_meSwitch8._zygfifotfiCscp2_L441_ob_service_data_isf_meScp9._zystr_get_L209_tfiV14 *
DUMMY93 0@_zyL439_meSwitch8._zz_gfdinlCscp4_L443_reverse_translate_tuser_meScp10._zytuser_L517_tfiV1
DUMMY94 0@_zyL439_meSwitch8._zz_gfdinlCscp5_L462_translate_tuser_t_meScp11._zytuser_L529_tfiV3
DUMMY95 0@_zyL439_meSwitch8._zz_gfdinlCscp5_L462_translate_tuser_t_meScp12._zytuser_L529_tfiV3
DUMMY96 0@_zypbctfiCscp0_L206_get_config_data_zyackf_2_call._zyeos_L206_tfiV0
DUMMY97 0@_zypbctfiCscp1_L206_get_config_data_zyputf_2_call._zyoperation_L206_tfiV2
DUMMY98 0@_zypbctfiCscp1_L206_get_config_data_zyputf_2_call._zyaddress_L206_tfiV3
DUMMY99 0@_zypbctfiCscp1_L206_get_config_data_zyputf_2_call._zydata_L206_tfiV4
DUMMY100 0@_zypbctfiCscp2_L207_ib_service_data_zyackf_2_call._zyeos_L207_tfiV6
DUMMY101 0@_zypbctfiCscp3_L207_ib_service_data_zyputf_2_call._zytdata_L207_tfiV8
DUMMY102 0@_zypbctfiCscp3_L207_ib_service_data_zyputf_2_call._zytuser_string_L207_tfiV9
DUMMY103 0@_zypbctfiCscp3_L207_ib_service_data_zyputf_2_call._zytstrb_L207_tfiV10
DUMMY104 0@_zypbctfiCscp3_L207_ib_service_data_zyputf_2_call._zystr_get_L207_tfiV11
DUMMY105 0@_zypbctfiCscp4_L209_ob_service_data_zyackf_2_call._zyeos_L209_tfiV13
DUMMY106 0@_zypbctfiCscp5_L209_ob_service_data_zyputf_2_call._zytdata_L209_tfiV15
DUMMY107 0@_zypbctfiCscp5_L209_ob_service_data_zyputf_2_call._zytuser_string_L209_tfiV16
DUMMY108 0@_zypbctfiCscp5_L209_ob_service_data_zyputf_2_call._zytstrb_L209_tfiV17
DUMMY109 0@_zypbctfiCscp5_L209_ob_service_data_zyputf_2_call._zystr_get_L209_tfiV18
_zyGfifoF0_L312_s2_req_0_DUMMY0 0_zyGfifoF0_L312_s2_req_0
_zzM2L324_mdxP2_error_cntr_wr0_DUMMY1 0_zzM2L324_mdxP2_error_cntr_wr0
_zyM2L324_pbcEn13_DUMMY2 0_zyM2L324_pbcEn13
_zyxr_L206_tfiV3_M2_pbcG3_DUMMY3 0_zyxr_L206_tfiV3_M2_pbcG3
_zyoperation_L206_tfiV0_M2_pbcG0_DUMMY4 0_zyoperation_L206_tfiV0_M2_pbcG0
_zyaddress_L206_tfiV1_M2_pbcG1_DUMMY5 0_zyaddress_L206_tfiV1_M2_pbcG1
_zydata_L206_tfiV2_M2_pbcG2_DUMMY6 0_zydata_L206_tfiV2_M2_pbcG2
_zygsfis_get_config_data_rptr_DUMMY7 0_zygsfis_get_config_data_rptr
_zygsfis_get_config_data_space_DUMMY8 0_zygsfis_get_config_data_space
_zyGfifoF0_L324_s3_req_1_DUMMY9 0_zyGfifoF0_L324_s3_req_1
_zyL326_tfiRv17_DUMMY10 0_zyL326_tfiRv17
operation_DUMMY11 0operation
address_DUMMY12 0address
data_DUMMY13 0data
retval_DUMMY14 0retval
_zyGfifoF1_L324_s2_req_2_DUMMY15 0_zyGfifoF1_L324_s2_req_2
_zyGfifoF2_L324_s2_req_3_DUMMY16 0_zyGfifoF2_L324_s2_req_3
returned_data_DUMMY17 0returned_data
response_DUMMY18 0response
_zygsfis_ib_service_data_rptr_DUMMY19 0_zygsfis_ib_service_data_rptr
_zygsfis_ib_service_data_space_DUMMY20 0_zygsfis_ib_service_data_space
_zyL370_tfiRv18_DUMMY21 0_zyL370_tfiRv18
tdata_ib_DUMMY22 0tdata_ib
tuser_string_ib_DUMMY23 0tuser_string_ib
tstrb_ib_DUMMY24 0tstrb_ib
str_get_ib_DUMMY25 0str_get_ib
retval_ib_DUMMY26 0retval_ib
_zyGfifoF0_L368_s2_req_4_DUMMY27 0_zyGfifoF0_L368_s2_req_4
_zyL372_tfiRv5_DUMMY28 0_zyL372_tfiRv5
user_string_ib_DUMMY29 0user_string_ib
saw_mega_DUMMY30 0saw_mega
saw_guid_tlv_DUMMY31 0saw_guid_tlv
mega_tlv_word_count_DUMMY32 0mega_tlv_word_count
have_guid_tlv_DUMMY33 0have_guid_tlv
_zyL406_tfiRv6_DUMMY34 0_zyL406_tfiRv6
_zzM2L439_mdxP4_error_cntr_wr0_DUMMY35 0_zzM2L439_mdxP4_error_cntr_wr0
_zygsfis_ob_service_data_rptr_DUMMY36 0_zygsfis_ob_service_data_rptr
_zygsfis_ob_service_data_space_DUMMY37 0_zygsfis_ob_service_data_space
_zyL441_tfiRv19_DUMMY38 0_zyL441_tfiRv19
tdata_ob_DUMMY39 0tdata_ob
tuser_string_ob_DUMMY40 0tuser_string_ob
tstrb_ob_DUMMY41 0tstrb_ob
str_get_ob_DUMMY42 0str_get_ob
retval_ob_DUMMY43 0retval_ob
_zyGfifoF0_L439_s2_req_5_DUMMY44 0_zyGfifoF0_L439_s2_req_5
_zyL443_tfiRv7_DUMMY45 0_zyL443_tfiRv7
user_string_ob_DUMMY46 0user_string_ob
watchdog_timer_DUMMY47 0watchdog_timer
tlast_DUMMY48 0tlast
ignore_compare_result_DUMMY49 0ignore_compare_result
_zyGfifoF25_L460_req_0_DUMMY50 0_zyGfifoF25_L460_req_0
_zyGfifoF26_L530_req_0_DUMMY51 0_zyGfifoF26_L530_req_0
_zyL462_tfiRv8_DUMMY52 0_zyL462_tfiRv8
tuser_DUMMY53 0tuser
saw_stats_DUMMY54 0saw_stats
_zyGfifoF27_L480_req_0_DUMMY55 0_zyGfifoF27_L480_req_0
_zyGfifoF28_L482_req_0_DUMMY56 0_zyGfifoF28_L482_req_0
_zyGfifoF29_L487_req_0_DUMMY57 0_zyGfifoF29_L487_req_0
_zyGfifoF30_L491_req_0_DUMMY58 0_zyGfifoF30_L491_req_0
_zyGfifoF31_L496_req_0_DUMMY59 0_zyGfifoF31_L496_req_0
seed_DUMMY60 0seed
testname_DUMMY61 0testname
_zyGfifoF0_L253_s4_req_6_DUMMY62 0_zyGfifoF0_L253_s4_req_6
_zyGfifoF1_L253_s2_req_7_DUMMY63 0_zyGfifoF1_L253_s2_req_7
_zyM2L273_pbcT0_DUMMY64 0_zyM2L273_pbcT0
_zyM2L253_pbcEn14_DUMMY65 0_zyM2L253_pbcEn14
_zyM2L286_pbcT1_DUMMY66 0_zyM2L286_pbcT1
_zyM2L292_pbcT2_DUMMY67 0_zyM2L292_pbcT2
_zyM2L299_pbcT3_DUMMY68 0_zyM2L299_pbcT3
_zzM2L19_error_cntr_mdxTmp2_DUMMY69 0_zzM2L19_error_cntr_mdxTmp2
_zzM2L324_mdxP2_error_cntr_DwenOn0_DUMMY70 0_zzM2L324_mdxP2_error_cntr_DwenOn0
_zzM2L439_mdxP4_error_cntr_DwenOn0_DUMMY71 0_zzM2L439_mdxP4_error_cntr_DwenOn0
_zzM2L253_mdxP5_error_cntr_DwenOn0_DUMMY72 0_zzM2L253_mdxP5_error_cntr_DwenOn0
_zzM2L36_kme_ib_tvalid_mdxTmp0_DUMMY73 0_zzM2L36_kme_ib_tvalid_mdxTmp0
_zzM2L306_mdxP0_kme_ib_tvalid_DwenOn0_DUMMY74 0_zzM2L306_mdxP0_kme_ib_tvalid_DwenOn0
_zzM2L368_mdxP3_kme_ib_tvalid_DwenOn0_DUMMY75 0_zzM2L368_mdxP3_kme_ib_tvalid_DwenOn0
_zzM2L253_mdxP5_kme_ib_tvalid_DwenOn1_DUMMY76 0_zzM2L253_mdxP5_kme_ib_tvalid_DwenOn1
_zzM2L37_kme_ib_tlast_mdxTmp1_DUMMY77 0_zzM2L37_kme_ib_tlast_mdxTmp1
_zzM2L306_mdxP0_kme_ib_tlast_DwenOn1_DUMMY78 0_zzM2L306_mdxP0_kme_ib_tlast_DwenOn1
_zzM2L368_mdxP3_kme_ib_tlast_DwenOn1_DUMMY79 0_zzM2L368_mdxP3_kme_ib_tlast_DwenOn1
_zzM2L253_mdxP5_kme_ib_tlast_DwenOn2_DUMMY80 0_zzM2L253_mdxP5_kme_ib_tlast_DwenOn2
_zzM2L33_kme_ib_tdata_mdxTmp3_DUMMY81 0_zzM2L33_kme_ib_tdata_mdxTmp3
_zzM2L368_mdxP3_kme_ib_tdata_DwenOn2_DUMMY82 0_zzM2L368_mdxP3_kme_ib_tdata_DwenOn2
_zzM2L253_mdxP5_kme_ib_tdata_DwenOn3_DUMMY83 0_zzM2L253_mdxP5_kme_ib_tdata_DwenOn3
_zzM2L34_kme_ib_tstrb_mdxTmp4_DUMMY84 0_zzM2L34_kme_ib_tstrb_mdxTmp4
_zzM2L368_mdxP3_kme_ib_tstrb_DwenOn3_DUMMY85 0_zzM2L368_mdxP3_kme_ib_tstrb_DwenOn3
_zzM2L253_mdxP5_kme_ib_tstrb_DwenOn4_DUMMY86 0_zzM2L253_mdxP5_kme_ib_tstrb_DwenOn4
_zzM2L35_kme_ib_tuser_mdxTmp5_DUMMY87 0_zzM2L35_kme_ib_tuser_mdxTmp5
_zzM2L368_mdxP3_kme_ib_tuser_DwenOn4_DUMMY88 0_zzM2L368_mdxP3_kme_ib_tuser_DwenOn4
_zzM2L253_mdxP5_kme_ib_tuser_DwenOn5_DUMMY89 0_zzM2L253_mdxP5_kme_ib_tuser_DwenOn5
