U O S ready_ib
V O S saw_mega
V O S saw_guid_tlv
V O S have_guid_tlv
V O V mega_tlv_word_count SIZE=32
V O S _zyGfifoF0_L435_req_0
U O V _zyL306_meState0
U O S ready_ob
V O S saw_cqe
V O S saw_stats
V O V watchdog_timer SIZE=32
V O S _zyictd_finish_L320_0
V O S _zyGfifoF1_L513_req_0
V O S _zyGfifoF0_L312_s2_req_0
V O V _zyGfifoF0_L312_s2_data_0 SIZE=280
V O V _zyGfifoF0_L312_s2_cbid_0 SIZE=20
U O V _zyL312_meState2
V O V returned_data SIZE=32
V O S response
V O V operation SIZE=8
V O V address SIZE=32
V O V data SIZE=32
V O V retval SIZE=32
V O V _zygsfis_get_config_data_rptr SIZE=5
V O V _zygsfis_get_config_data_req SIZE=5
V O V _zygsfis_get_config_data_space SIZE=5
U O S _zyL94_iscX1c0_s
U O S _zyL94_iscX1c0_n
V O V _zyL94_iscX1c0_i0 SIZE=64
U O S _zyL61_iscX2c0_s
U O S _zyL61_iscX2c0_n
V O V _zyL61_iscX2c0_i0 SIZE=64
V O V _zyL61_iscX2c0_i1 SIZE=32
V O S _zyictd_finish_L338_1
V O V _zyL326_tfiRv17 SIZE=32
V O S _zyGfifoF0_L324_s3_req_1
V O V _zyGfifoF0_L324_s3_data_1 SIZE=96
V O V _zyGfifoF0_L324_s3_cbid_1 SIZE=20
V O V _zyGfifoF0_L324_s3_len_1 SIZE=12
V O S _zyGfifoF1_L324_s2_req_2
V O V _zyGfifoF1_L324_s2_data_2 SIZE=32
V O V _zyGfifoF1_L324_s2_cbid_2 SIZE=20
V O S _zyGfifoF2_L324_s2_req_3
V O V _zyGfifoF2_L324_s2_data_3 SIZE=72
V O V _zyGfifoF2_L324_s2_cbid_3 SIZE=20
V O V _zyGfifoF2_L324_s2_len_3 SIZE=12
V O V _zyoperation_L206_tfiV0_M2_pbcG0 SIZE=8
V O V _zyaddress_L206_tfiV1_M2_pbcG1 SIZE=32
V O V _zydata_L206_tfiV2_M2_pbcG2 SIZE=32
V O V _zyxr_L206_tfiV3_M2_pbcG3 SIZE=32
U O S _zyM2L324_pbcCapEn0
U O S _zyM2L333_pbcCapEn1
U O S _zyM2L349_pbcCapEn2
U O S _zyM2L355_pbcCapEn3
U O V _zyM2L324_pbcFsm0_s SIZE=3
V O S _zyM2L324_pbcEn13
V O V tstrb_ib SIZE=8
V O V tdata_ib SIZE=64
V O V tuser_string_ib SIZE=32
V O V str_get_ib SIZE=32
U O V user_string_ib SIZE=25
V O V retval_ib SIZE=32
V O V _zygsfis_ib_service_data_rptr SIZE=5
V O V _zygsfis_ib_service_data_req SIZE=5
V O V _zygsfis_ib_service_data_space SIZE=5
V O V _zyL372_tfiRv5 SIZE=25
V O V _zyL406_tfiRv6 SIZE=8
V O V _zyL370_tfiRv18 SIZE=32
V O S _zyGfifoF11_L207_req_0
V O V _zyGfifoF11_L207_data_0 SIZE=32
V O S _zyGfifoF0_L368_s2_req_4
V O V _zyGfifoF0_L368_s2_cbid_4 SIZE=20
V O S _zyGfifoF14_L373_req_0
V O V _zyGfifoF14_L373_data_0 SIZE=32
V O S _zyGfifoF15_L375_req_0
V O V _zyGfifoF15_L375_data_0 SIZE=136
V O S _zyGfifoF16_L381_req_0
V O S _zyGfifoF17_L390_req_0
V O V _zyGfifoF17_L390_data_0 SIZE=64
V O S _zyGfifoF18_L530_req_0
V O V _zyGfifoF18_L530_data_0 SIZE=32
V O S _zyGfifoF19_L412_req_0
V O V _zyGfifoF19_L412_data_0 SIZE=8
U O V _zyL368_meState4
V O V tstrb_ob SIZE=8
V O V tdata_ob SIZE=64
V O V tuser_string_ob SIZE=32
V O V user_string_ob SIZE=25
V O V str_get_ob SIZE=32
V O V retval_ob SIZE=32
V O V tuser SIZE=8
V O S tlast
V O S ignore_compare_result
V O V _zygsfis_ob_service_data_rptr SIZE=5
V O V _zygsfis_ob_service_data_req SIZE=5
V O V _zygsfis_ob_service_data_space SIZE=5
V O V _zyL443_tfiRv7 SIZE=25
V O V _zyL462_tfiRv8 SIZE=8
V O S _zyictd_finish_L454_2
V O V _zyL441_tfiRv19 SIZE=32
V O S _zyGfifoF20_L209_req_0
V O V _zyGfifoF20_L209_data_0 SIZE=32
V O S _zyGfifoF0_L439_s2_req_5
V O V _zyGfifoF0_L439_s2_cbid_5 SIZE=20
V O S _zyGfifoF23_L444_req_0
V O V _zyGfifoF23_L444_data_0 SIZE=32
V O S _zyGfifoF24_L446_req_0
V O V _zyGfifoF24_L446_data_0 SIZE=136
V O S _zyGfifoF25_L460_req_0
V O V _zyGfifoF25_L460_data_0 SIZE=64
V O S _zyGfifoF26_L530_req_0
V O V _zyGfifoF26_L530_data_0 SIZE=32
V O S _zyGfifoF27_L480_req_0
V O V _zyGfifoF27_L480_data_0 SIZE=8
V O S _zyGfifoF28_L482_req_0
V O V _zyGfifoF28_L482_data_0 SIZE=128
V O S _zyGfifoF29_L487_req_0
V O V _zyGfifoF29_L487_data_0 SIZE=16
V O S _zyGfifoF30_L491_req_0
V O V _zyGfifoF30_L491_data_0 SIZE=16
V O S _zyGfifoF31_L496_req_0
V O V _zyGfifoF31_L496_data_0 SIZE=16
U O V _zyL439_meState8 SIZE=2
V O V testname SIZE=280
V O V seed SIZE=280
V O S rst_n
V O V kme_ib_tid
V O S kme_ob_tready
U O S config_done
U O S config_ready
V O S _zyixc_port_0_0_ack
V O S _zyGfifoF0_L253_s4_req_6
V O V _zyGfifoF0_L253_s4_data_6 SIZE=560
V O V _zyGfifoF0_L253_s4_cbid_6 SIZE=20
V O V _zyGfifoF0_L253_s4_len_6 SIZE=12
V O S _zyGfifoF1_L253_s2_req_7
V O V _zyGfifoF1_L253_s2_cbid_7 SIZE=20
V O V _zyM2L273_pbcT0 SIZE=32
V O V _zyM2L286_pbcT1 SIZE=32
V O V _zyM2L292_pbcT2 SIZE=32
V O V _zyM2L299_pbcT3 SIZE=32
U O S _zyM2L253_pbcCapEn5
U O S _zyM2L274_pbcCapEn6
U O S _zyM2L287_pbcCapEn7
U O S _zyM2L293_pbcCapEn8
U O S _zyM2L295_pbcCapEn9
U O S _zyM2L364_pbcCapEn10
U O S _zyM2L300_pbcCapEn11
U O V _zyM2L253_pbcFsm2_s SIZE=3
V O S _zyM2L253_pbcEn14
V O V _zygsfis_get_config_data_ack SIZE=5
V O S _zygsfis_get_config_data_eos
V O V _zygsfis_get_config_data_wptr SIZE=5
V O V _zygsfis_ib_service_data_ack SIZE=5
V O S _zygsfis_ib_service_data_eos
V O V _zygsfis_ib_service_data_wptr SIZE=5
V O V _zygsfis_ob_service_data_ack SIZE=5
V O S _zygsfis_ob_service_data_eos
V O V _zygsfis_ob_service_data_wptr SIZE=5
U O V _zzM2_bcBehEval SIZE=32
U O V error_cntr SIZE=32
U O S kme_ib_tvalid
U O S kme_ib_tlast
U O V kme_ib_tdata SIZE=64
U O V kme_ib_tstrb SIZE=8
U O V kme_ib_tuser SIZE=8
U O V _zySfifoF0_get_config_data_zyackf_tid SIZE=22
U O V _zySfifoF1_get_config_data_zyputf_tid SIZE=22
U O V _zySfifoF2_ib_service_data_zyackf_tid SIZE=22
U O V _zySfifoF3_ib_service_data_zyputf_tid SIZE=22
U O V _zySfifoF4_ob_service_data_zyackf_tid SIZE=22
U O V _zySfifoF5_ob_service_data_zyputf_tid SIZE=22
U O V _zyictd_sysfunc_36_L258_0 SIZE=280
U O V _zyictd_sysfunc_36_L258_1 SIZE=32
U O V _zyictd_sysfunc_11_L257_2 SIZE=32
U O V _zyictd_sysfunc_36_L264_3 SIZE=280
U O V _zyictd_sysfunc_36_L264_4 SIZE=32
U O V _zyictd_sysfunc_11_L263_5 SIZE=32
U O S _zyGfifo__gfdL435_34_P0_m2_gfOff
U O V _zyGfifo__gfdL435_34_P0_m2_cbid SIZE=20
U O S _zyGfifo__gfdL513_33_P0_m2_gfOff
U O V _zyGfifo__gfdL513_33_P0_m2_cbid SIZE=20
U O S _zyGfifo__gfdL316_32_P0_m2_gfOff
U O V _zyGfifo__gfdL316_32_P0_m2_cbid SIZE=20
U O S _zyGfifo__gfdL318_31_P0_m2_gfOff
U O V _zyGfifo__gfdL318_31_P0_m2_cbid SIZE=20
U O S _zyGfifo_get_config_data_2_zyprefetch_m2_gfOff
U O V _zyGfifo_get_config_data_2_zyprefetch_m2_cbid SIZE=20
U O S _zyGfifo__gfdL327_30_P0_m2_gfOff
U O V _zyGfifo__gfdL327_30_P0_m2_cbid SIZE=20
U O S _zyGfifo__gfdL330_29_P0_m2_gfOff
U O V _zyGfifo__gfdL330_29_P0_m2_cbid SIZE=20
U O S _zyGfifo__gfdL334_28_P0_m2_gfOff
U O V _zyGfifo__gfdL334_28_P0_m2_cbid SIZE=20
U O S _zyGfifo__gfdL336_27_P0_m2_gfOff
U O V _zyGfifo__gfdL336_27_P0_m2_cbid SIZE=20
U O S _zyGfifo__gfdL341_26_P0_m2_gfOff
U O V _zyGfifo__gfdL341_26_P0_m2_cbid SIZE=20
U O S _zyGfifo__gfdL351_25_P0_m2_gfOff
U O V _zyGfifo__gfdL351_25_P0_m2_cbid SIZE=20
U O S _zyGfifo_ib_service_data_2_zyprefetch_m2_gfOff
U O V _zyGfifo_ib_service_data_2_zyprefetch_m2_cbid SIZE=20
U O S _zyGfifo__gfdL519_24_P0_m2_gfOff
U O V _zyGfifo__gfdL519_24_P0_m2_cbid SIZE=20
U O S _zyGfifo__gfdL522_23_P0_m2_gfOff
U O V _zyGfifo__gfdL522_23_P0_m2_cbid SIZE=20
U O S _zyGfifo__gfdL373_22_P0_m2_gfOff
U O V _zyGfifo__gfdL373_22_P0_m2_cbid SIZE=20
U O S _zyGfifo__gfdL375_21_P0_m2_gfOff
U O V _zyGfifo__gfdL375_21_P0_m2_cbid SIZE=20
U O S _zyGfifo__gfdL381_20_P0_m2_gfOff
U O V _zyGfifo__gfdL381_20_P0_m2_cbid SIZE=20
U O S _zyGfifo__gfdL390_19_P0_m2_gfOff
U O V _zyGfifo__gfdL390_19_P0_m2_cbid SIZE=20
U O S _zyGfifo__gfdL530_18_P0_m2_gfOff
U O V _zyGfifo__gfdL530_18_P0_m2_cbid SIZE=20
U O S _zyGfifo__gfdL412_17_P0_m2_gfOff
U O V _zyGfifo__gfdL412_17_P0_m2_cbid SIZE=20
U O S _zyGfifo_ob_service_data_2_zyprefetch_m2_gfOff
U O V _zyGfifo_ob_service_data_2_zyprefetch_m2_cbid SIZE=20
U O S _zyGfifo__gfdL519_16_P0_m2_gfOff
U O V _zyGfifo__gfdL519_16_P0_m2_cbid SIZE=20
U O S _zyGfifo__gfdL522_15_P0_m2_gfOff
U O V _zyGfifo__gfdL522_15_P0_m2_cbid SIZE=20
U O S _zyGfifo__gfdL444_14_P0_m2_gfOff
U O V _zyGfifo__gfdL444_14_P0_m2_cbid SIZE=20
U O S _zyGfifo__gfdL446_13_P0_m2_gfOff
U O V _zyGfifo__gfdL446_13_P0_m2_cbid SIZE=20
U O S _zyGfifo__gfdL460_12_P0_m2_gfOff
U O V _zyGfifo__gfdL460_12_P0_m2_cbid SIZE=20
U O S _zyGfifo__gfdL530_11_P0_m2_gfOff
U O V _zyGfifo__gfdL530_11_P0_m2_cbid SIZE=20
U O S _zyGfifo__gfdL480_10_P0_m2_gfOff
U O V _zyGfifo__gfdL480_10_P0_m2_cbid SIZE=20
U O S _zyGfifo__gfdL482_9_P0_m2_gfOff
U O V _zyGfifo__gfdL482_9_P0_m2_cbid SIZE=20
U O S _zyGfifo__gfdL487_8_P0_m2_gfOff
U O V _zyGfifo__gfdL487_8_P0_m2_cbid SIZE=20
U O S _zyGfifo__gfdL491_7_P0_m2_gfOff
U O V _zyGfifo__gfdL491_7_P0_m2_cbid SIZE=20
U O S _zyGfifo__gfdL496_6_P0_m2_gfOff
U O V _zyGfifo__gfdL496_6_P0_m2_cbid SIZE=20
U O S _zyGfifo__gfdL265_5_P0_m2_gfOff
U O V _zyGfifo__gfdL265_5_P0_m2_cbid SIZE=20
U O S _zyGfifo__gfdL268_4_P0_m2_gfOff
U O V _zyGfifo__gfdL268_4_P0_m2_cbid SIZE=20
U O S _zyGfifo__gfdL271_3_P0_m2_gfOff
U O V _zyGfifo__gfdL271_3_P0_m2_cbid SIZE=20
U O S _zyGfifo__gfdL276_2_P0_m2_gfOff
U O V _zyGfifo__gfdL276_2_P0_m2_cbid SIZE=20
U O S _zyGfifo__gfdL289_1_P0_m2_gfOff
U O V _zyGfifo__gfdL289_1_P0_m2_cbid SIZE=20
U O S _zyGfifo__gfdL365_0_P0_m2_gfOff
U O V _zyGfifo__gfdL365_0_P0_m2_cbid SIZE=20
V O V \_zyL368_meSwitch4._zygfifotfiCscp1_L370_ib_service_data_isf_meScp5._zytdata_L207_tfiV5  SIZE=64
V O V \_zyL368_meSwitch4._zygfifotfiCscp1_L370_ib_service_data_isf_meScp5._zytuser_string_L207_tfiV6  SIZE=32
V O V \_zyL368_meSwitch4._zygfifotfiCscp1_L370_ib_service_data_isf_meScp5._zystr_get_L207_tfiV8  SIZE=32
V O V \_zyL368_meSwitch4._zygfifotfiCscp1_L370_ib_service_data_isf_meScp5._zytstrb_L207_tfiV7  SIZE=8
V O V \_zyL439_meSwitch8._zygfifotfiCscp2_L441_ob_service_data_isf_meScp9._zytdata_L209_tfiV11  SIZE=64
V O V \_zyL439_meSwitch8._zygfifotfiCscp2_L441_ob_service_data_isf_meScp9._zytuser_string_L209_tfiV12  SIZE=32
V O V \_zyL439_meSwitch8._zygfifotfiCscp2_L441_ob_service_data_isf_meScp9._zystr_get_L209_tfiV14  SIZE=32
V O V \_zyL439_meSwitch8._zygfifotfiCscp2_L441_ob_service_data_isf_meScp9._zytstrb_L209_tfiV13  SIZE=8
M O MEM=0 PAK=2 _zygsfis_get_config_data_fifo[%s] LB=0 RB=31 SIZE=72
M O MEM=0 PAK=2 _zygsfis_ib_service_data_fifo[%s] LB=0 RB=31 SIZE=136
M O MEM=0 PAK=2 _zygsfis_ob_service_data_fifo[%s] LB=0 RB=31 SIZE=136
P O ixc_mem_call_0_0 _zzixc_tfport_0_0 ./xc_work/xc_vawork/IXCOM_TEMP_LIBRARY/ixc_mem_call_0_0
P O ixc_sfifo_port_32_0 _zzSfifoF0_L206_p ./xc_work/xc_vawork/IXCOM_TEMP_LIBRARY/ixc_sfifo_port_32_0
P O ixc_sfifo_port_72_0 _zzSfifoF1_L206_p ./xc_work/xc_vawork/IXCOM_TEMP_LIBRARY/ixc_sfifo_port_72_0
P O ixc_sfifo_port_32_0 _zzSfifoF2_L207_p ./xc_work/xc_vawork/IXCOM_TEMP_LIBRARY/ixc_sfifo_port_32_0
P O ixc_sfifo_port_136_0 _zzSfifoF3_L207_p ./xc_work/xc_vawork/IXCOM_TEMP_LIBRARY/ixc_sfifo_port_136_0
P O ixc_sfifo_port_32_0 _zzSfifoF4_L209_p ./xc_work/xc_vawork/IXCOM_TEMP_LIBRARY/ixc_sfifo_port_32_0
P O ixc_sfifo_port_136_0 _zzSfifoF5_L209_p ./xc_work/xc_vawork/IXCOM_TEMP_LIBRARY/ixc_sfifo_port_136_0
P O axis_tbcall_2 _zz_zzictd_finishT_L10_0TbcP_L10 ./xc_work/xc_vawork/IXCOM_TEMP_LIBRARY/axis_tbcall_2
P O ixc_gfifo_port_1_2_0 _zzGfifoF1_L253_s2_p_7 ./xc_work/xc_vawork/IXCOM_TEMP_LIBRARY/ixc_gfifo_port_1_2_0
P O ixc_mevClk_3_0_0_4_0_3 _zzM2L324_pbcMevClk4 ./xc_work/xc_vawork/IXCOM_TEMP_LIBRARY/ixc_mevclk_3_0_0_4_0_3
P O ixc_mevClk_2_0_0_1 _zzM2L253_pbcMevClk12 ./xc_work/xc_vawork/IXCOM_TEMP_LIBRARY/ixc_mevclk_2_0_0_1
P O ixc_capLoopXp _zzM2L10_bcBehEvalP0 ./xc_work/xc_vawork/IXCOM_TEMP_LIBRARY/ixc_caploopxp
P O ixc_mdrOn _zzM2L306_mdxP0_OnP ./xc_work/xc_vawork/IXCOM_TEMP_LIBRARY/ixc_mdron
P O ixc_mdrOn _zzM2L324_mdxP2_OnP ./xc_work/xc_vawork/IXCOM_TEMP_LIBRARY/ixc_mdron
P O ixc_mdrOn _zzM2L368_mdxP3_OnP ./xc_work/xc_vawork/IXCOM_TEMP_LIBRARY/ixc_mdron
P O ixc_mdrOn _zzM2L439_mdxP4_OnP ./xc_work/xc_vawork/IXCOM_TEMP_LIBRARY/ixc_mdron
P O ixc_mdrOn _zzM2L253_mdxP5_OnP ./xc_work/xc_vawork/IXCOM_TEMP_LIBRARY/ixc_mdron
P O ixc_sampleLT _zzkme_ib_tvalid_M2L36_mdxSpLt7 ./xc_work/xc_vawork/IXCOM_TEMP_LIBRARY/ixc_samplelt
P O ixc_sampleLT _zzkme_ib_tlast_M2L37_mdxSpLt8 ./xc_work/xc_vawork/IXCOM_TEMP_LIBRARY/ixc_samplelt
P O ixc_sampleLT_64 _zzkme_ib_tdata_M2L33_mdxSpLt9 ./xc_work/xc_vawork/IXCOM_TEMP_LIBRARY/ixc_samplelt_64
P O ixc_sampleLT_8 _zzkme_ib_tstrb_M2L34_mdxSpLt10 ./xc_work/xc_vawork/IXCOM_TEMP_LIBRARY/ixc_samplelt_8
P O ixc_sampleLT_8 _zzkme_ib_tuser_M2L35_mdxSpLt11 ./xc_work/xc_vawork/IXCOM_TEMP_LIBRARY/ixc_samplelt_8
P O apb_xactor apb_xactor ./xc_work/xc_vawork/xc_vawork/apb_xactor
P O cr_kme kme_dut ./xc_work/xc_vawork/xc_vawork/cr_kme
P O ixc_gfifo_port_1 _zzGfifoF0_L435_p_0 ./xc_work/xc_vawork/IXCOM_TEMP_LIBRARY/ixc_gfifo_port_1
P O ixc_gfifo_port_1 _zzGfifoF1_L513_p_0 ./xc_work/xc_vawork/IXCOM_TEMP_LIBRARY/ixc_gfifo_port_1
P O ixc_gfifo_port_280_2_0 _zzGfifoF0_L312_s2_p_0 ./xc_work/xc_vawork/IXCOM_TEMP_LIBRARY/ixc_gfifo_port_280_2_0
P O ixc_gfifo_port_96_3 _zzGfifoF0_L324_s3_p_1 ./xc_work/xc_vawork/IXCOM_TEMP_LIBRARY/ixc_gfifo_port_96_3
P O ixc_gfifo_port_32_2 _zzGfifoF1_L324_s2_p_2 ./xc_work/xc_vawork/IXCOM_TEMP_LIBRARY/ixc_gfifo_port_32_2
P O ixc_gfifo_port_72_3 _zzGfifoF2_L324_s2_p_3 ./xc_work/xc_vawork/IXCOM_TEMP_LIBRARY/ixc_gfifo_port_72_3
P O ixc_gfifo_port_32_0_0 _zzGfifoF11_L207_p_0 ./xc_work/xc_vawork/IXCOM_TEMP_LIBRARY/ixc_gfifo_port_32_0_0
P O ixc_gfifo_port_1_2_0 _zzGfifoF0_L368_s2_p_4 ./xc_work/xc_vawork/IXCOM_TEMP_LIBRARY/ixc_gfifo_port_1_2_0
P O ixc_gfifo_port_32_0_0 _zzGfifoF14_L373_p_0 ./xc_work/xc_vawork/IXCOM_TEMP_LIBRARY/ixc_gfifo_port_32_0_0
P O ixc_gfifo_port_136_0_0 _zzGfifoF15_L375_p_0 ./xc_work/xc_vawork/IXCOM_TEMP_LIBRARY/ixc_gfifo_port_136_0_0
P O ixc_gfifo_port_1_0_0 _zzGfifoF16_L381_p_0 ./xc_work/xc_vawork/IXCOM_TEMP_LIBRARY/ixc_gfifo_port_1_0_0
P O ixc_gfifo_port_64_0_0 _zzGfifoF17_L390_p_0 ./xc_work/xc_vawork/IXCOM_TEMP_LIBRARY/ixc_gfifo_port_64_0_0
P O ixc_gfifo_port_32_0_0 _zzGfifoF18_L530_p_0 ./xc_work/xc_vawork/IXCOM_TEMP_LIBRARY/ixc_gfifo_port_32_0_0
P O ixc_gfifo_port_8_0_0 _zzGfifoF19_L412_p_0 ./xc_work/xc_vawork/IXCOM_TEMP_LIBRARY/ixc_gfifo_port_8_0_0
P O ixc_gfifo_port_32_0_0 _zzGfifoF20_L209_p_0 ./xc_work/xc_vawork/IXCOM_TEMP_LIBRARY/ixc_gfifo_port_32_0_0
P O ixc_gfifo_port_1_2_0 _zzGfifoF0_L439_s2_p_5 ./xc_work/xc_vawork/IXCOM_TEMP_LIBRARY/ixc_gfifo_port_1_2_0
P O ixc_gfifo_port_32_0_0 _zzGfifoF23_L444_p_0 ./xc_work/xc_vawork/IXCOM_TEMP_LIBRARY/ixc_gfifo_port_32_0_0
P O ixc_gfifo_port_136_0_0 _zzGfifoF24_L446_p_0 ./xc_work/xc_vawork/IXCOM_TEMP_LIBRARY/ixc_gfifo_port_136_0_0
P O ixc_gfifo_port_64 _zzGfifoF25_L460_p_0 ./xc_work/xc_vawork/IXCOM_TEMP_LIBRARY/ixc_gfifo_port_64
P O ixc_gfifo_port_32_0_0 _zzGfifoF26_L530_p_0 ./xc_work/xc_vawork/IXCOM_TEMP_LIBRARY/ixc_gfifo_port_32_0_0
P O ixc_gfifo_port_8_0_0 _zzGfifoF27_L480_p_0 ./xc_work/xc_vawork/IXCOM_TEMP_LIBRARY/ixc_gfifo_port_8_0_0
P O ixc_gfifo_port_128 _zzGfifoF28_L482_p_0 ./xc_work/xc_vawork/IXCOM_TEMP_LIBRARY/ixc_gfifo_port_128
P O ixc_gfifo_port_16 _zzGfifoF29_L487_p_0 ./xc_work/xc_vawork/IXCOM_TEMP_LIBRARY/ixc_gfifo_port_16
P O ixc_gfifo_port_16 _zzGfifoF30_L491_p_0 ./xc_work/xc_vawork/IXCOM_TEMP_LIBRARY/ixc_gfifo_port_16
P O ixc_gfifo_port_16 _zzGfifoF31_L496_p_0 ./xc_work/xc_vawork/IXCOM_TEMP_LIBRARY/ixc_gfifo_port_16
P O ixc_gfifo_port_560_3 _zzGfifoF0_L253_s4_p_6 ./xc_work/xc_vawork/IXCOM_TEMP_LIBRARY/ixc_gfifo_port_560_3
P O ixc_sampleLT_32 _zzerror_cntr_M2L19_mdxSpLt6 ./xc_work/xc_vawork/IXCOM_TEMP_LIBRARY/ixc_samplelt_32
