ifsyn_conns ifsyn_conns 1 98 /home/ibarry/Project-Zipline-master/pal_emu/work/xc_work/v/ifsyn_conns.sv 0 0 0
xcva_top xcva_top 1 13 /home/ibarry/Project-Zipline-master/pal_emu/work/xc_work/v/xcva_top.v 0 0 0
ASSERTION ASSERTION 13 22 /home/ibarry/Project-Zipline-master/pal_emu/work/xc_work/v/xcva_top.v 0 0 0
_ixc_isc _ixc_isc 5 93 /home/ibarry/Project-Zipline-master/pal_emu/work/xc_work/v/149.sv 0 0 0
my_clks my_clks 5 13 /home/ibarry/Project-Zipline-master/pal_emu/work/xc_work/v/132.sv 0 0 0
ixc_master_clock ixc_master_clock 5 56 /home/ibarry/Project-Zipline-master/pal_emu/work/xc_work/v/133.sv 0 0 0
ixc_1xbufsrc ixc_1xbufsrc 5 24 /home/ibarry/Project-Zipline-master/pal_emu/work/xc_work/v/134.sv 0 0 0
Q_MPCLKFAST Q_MPCLKFAST 1637 1641 /home/ibarry/Project-Zipline-master/pal_emu/work/xc_work/xc_vawork/xc_vawork/.libvlog/qtref.v 0 0 0
Q_CLKDRV Q_CLKDRV 2339 2343 /home/ibarry/Project-Zipline-master/pal_emu/work/xc_work/xc_vawork/xc_vawork/.libvlog/qtref.v 0 0 0
Q_MPCLK1P Q_MPCLK1P 1010 1014 /home/ibarry/Project-Zipline-master/pal_emu/work/xc_work/xc_vawork/xc_vawork/.libvlog/qtref.v 0 0 0
Q_CLKSRC Q_CLKSRC 2131 2135 /home/ibarry/Project-Zipline-master/pal_emu/work/xc_work/xc_vawork/xc_vawork/.libvlog/qtref.v 0 0 0
kme_tb kme_tb 5 16 /home/ibarry/Project-Zipline-master/pal_emu/work/xc_work/v/1.sv 0 0 0
cr_kme cr_kme 5 1480 /home/ibarry/Project-Zipline-master/pal_emu/work/xc_work/v/3.sv 0 0 0
cr_kme_regfile cr_kme_regfile 5 4109 /home/ibarry/Project-Zipline-master/pal_emu/work/xc_work/v/92.sv 0 0 0
nx_reg_indirect_access nx_reg_indirect_access 6 245 /home/ibarry/Project-Zipline-master/pal_emu/work/xc_work/v/130.sv 0 0 0
nx_indirect_access_cntrl_xcm110 nx_indirect_access_cntrl_xcm110 6 368 /home/ibarry/Project-Zipline-master/pal_emu/work/xc_work/v/131.sv 0 0 0
nx_roreg_indirect_access_xcm129 nx_roreg_indirect_access_xcm129 6 200 /home/ibarry/Project-Zipline-master/pal_emu/work/xc_work/v/128.sv 0 0 0
nx_indirect_access_cntrl_xcm111 nx_indirect_access_cntrl_xcm111 6 368 /home/ibarry/Project-Zipline-master/pal_emu/work/xc_work/v/129.sv 0 0 0
nx_roreg_indirect_access_xcm130 nx_roreg_indirect_access_xcm130 6 200 /home/ibarry/Project-Zipline-master/pal_emu/work/xc_work/v/126.sv 0 0 0
nx_indirect_access_cntrl_xcm112 nx_indirect_access_cntrl_xcm112 6 368 /home/ibarry/Project-Zipline-master/pal_emu/work/xc_work/v/127.sv 0 0 0
cr_kme_int_handler cr_kme_int_handler 5 97 /home/ibarry/Project-Zipline-master/pal_emu/work/xc_work/v/125.sv 0 0 0
bimc_master bimc_master 6 743 /home/ibarry/Project-Zipline-master/pal_emu/work/xc_work/v/124.sv 0 0 0
cr_kme_drbg_reggen cr_kme_drbg_reggen 5 115 /home/ibarry/Project-Zipline-master/pal_emu/work/xc_work/v/123.sv 0 0 0
nx_ram_1rw_indirect_access_xcm122 nx_ram_1rw_indirect_access_xcm122 6 151 /home/ibarry/Project-Zipline-master/pal_emu/work/xc_work/v/120.sv 0 0 0
nx_indirect_access_cntrl_v2_xcm124 nx_indirect_access_cntrl_v2_xcm124 6 372 /home/ibarry/Project-Zipline-master/pal_emu/work/xc_work/v/122.sv 0 0 0
nx_ram_1rw_xcm107 nx_ram_1rw_xcm107 6 92 /home/ibarry/Project-Zipline-master/pal_emu/work/xc_work/v/121.sv 0 0 0
nx_ram_1rw_indirect_access_xcm123 nx_ram_1rw_indirect_access_xcm123 6 151 /home/ibarry/Project-Zipline-master/pal_emu/work/xc_work/v/117.sv 0 0 0
nx_indirect_access_cntrl_v2_xcm125 nx_indirect_access_cntrl_v2_xcm125 6 372 /home/ibarry/Project-Zipline-master/pal_emu/work/xc_work/v/119.sv 0 0 0
nx_ram_1rw_xcm108 nx_ram_1rw_xcm108 6 92 /home/ibarry/Project-Zipline-master/pal_emu/work/xc_work/v/118.sv 0 0 0
cr_kme_regfile_glue cr_kme_regfile_glue 5 1182 /home/ibarry/Project-Zipline-master/pal_emu/work/xc_work/v/116.sv 0 0 0
nx_interface_monitor_xcm97 nx_interface_monitor_xcm97 6 1351 /home/ibarry/Project-Zipline-master/pal_emu/work/xc_work/v/114.sv 0 0 0
nx_indirect_access_cntrl_xcm113 nx_indirect_access_cntrl_xcm113 6 370 /home/ibarry/Project-Zipline-master/pal_emu/work/xc_work/v/115.sv 0 0 0
nx_interface_monitor_xcm98 nx_interface_monitor_xcm98 6 1351 /home/ibarry/Project-Zipline-master/pal_emu/work/xc_work/v/112.sv 0 0 0
nx_indirect_access_cntrl_xcm114 nx_indirect_access_cntrl_xcm114 6 370 /home/ibarry/Project-Zipline-master/pal_emu/work/xc_work/v/113.sv 0 0 0
nx_interface_monitor_xcm99 nx_interface_monitor_xcm99 6 1351 /home/ibarry/Project-Zipline-master/pal_emu/work/xc_work/v/110.sv 0 0 0
nx_indirect_access_cntrl_xcm115 nx_indirect_access_cntrl_xcm115 6 370 /home/ibarry/Project-Zipline-master/pal_emu/work/xc_work/v/111.sv 0 0 0
nx_interface_monitor_xcm100 nx_interface_monitor_xcm100 6 1351 /home/ibarry/Project-Zipline-master/pal_emu/work/xc_work/v/108.sv 0 0 0
nx_indirect_access_cntrl_xcm116 nx_indirect_access_cntrl_xcm116 6 370 /home/ibarry/Project-Zipline-master/pal_emu/work/xc_work/v/109.sv 0 0 0
nx_interface_monitor_xcm101 nx_interface_monitor_xcm101 6 1351 /home/ibarry/Project-Zipline-master/pal_emu/work/xc_work/v/106.sv 0 0 0
nx_indirect_access_cntrl_xcm117 nx_indirect_access_cntrl_xcm117 6 370 /home/ibarry/Project-Zipline-master/pal_emu/work/xc_work/v/107.sv 0 0 0
nx_interface_monitor_xcm102 nx_interface_monitor_xcm102 6 1351 /home/ibarry/Project-Zipline-master/pal_emu/work/xc_work/v/104.sv 0 0 0
nx_indirect_access_cntrl_xcm118 nx_indirect_access_cntrl_xcm118 6 370 /home/ibarry/Project-Zipline-master/pal_emu/work/xc_work/v/105.sv 0 0 0
nx_interface_monitor_xcm103 nx_interface_monitor_xcm103 6 1351 /home/ibarry/Project-Zipline-master/pal_emu/work/xc_work/v/102.sv 0 0 0
nx_indirect_access_cntrl_xcm119 nx_indirect_access_cntrl_xcm119 6 370 /home/ibarry/Project-Zipline-master/pal_emu/work/xc_work/v/103.sv 0 0 0
nx_interface_monitor_xcm104 nx_interface_monitor_xcm104 6 1351 /home/ibarry/Project-Zipline-master/pal_emu/work/xc_work/v/97.sv 0 0 0
nx_indirect_access_cntrl_xcm120 nx_indirect_access_cntrl_xcm120 6 370 /home/ibarry/Project-Zipline-master/pal_emu/work/xc_work/v/101.sv 0 0 0
nx_ram_1rw_xcm109 nx_ram_1rw_xcm109 6 94 /home/ibarry/Project-Zipline-master/pal_emu/work/xc_work/v/100.sv 0 0 0
nx_credit_manager nx_credit_manager 6 180 /home/ibarry/Project-Zipline-master/pal_emu/work/xc_work/v/99.sv 0 0 0
sync_fifo sync_fifo 6 126 /home/ibarry/Project-Zipline-master/pal_emu/work/xc_work/v/98.sv 0 0 0
nx_interface_monitor_pipe nx_interface_monitor_pipe 6 883 /home/ibarry/Project-Zipline-master/pal_emu/work/xc_work/v/96.sv 0 0 0
nx_rbus_ring nx_rbus_ring 6 119 /home/ibarry/Project-Zipline-master/pal_emu/work/xc_work/v/95.sv 0 0 0
cr_kme_regs cr_kme_regs 5 2560 /home/ibarry/Project-Zipline-master/pal_emu/work/xc_work/v/93.sv 0 0 0
cr_kme_regs_flops cr_kme_regs_flops 5 1881 /home/ibarry/Project-Zipline-master/pal_emu/work/xc_work/v/94.sv 0 0 0
nx_rbus_apb nx_rbus_apb 6 104 /home/ibarry/Project-Zipline-master/pal_emu/work/xc_work/v/91.sv 0 0 0
cr_kme_core cr_kme_core 5 1418 /home/ibarry/Project-Zipline-master/pal_emu/work/xc_work/v/6.sv 0 0 0
cr_kme_core_glue cr_kme_core_glue 5 1899 /home/ibarry/Project-Zipline-master/pal_emu/work/xc_work/v/89.sv 0 0 0
cr_sa_counter cr_sa_counter 5 898 /home/ibarry/Project-Zipline-master/pal_emu/work/xc_work/v/90.sv 0 0 0
cr_kme_key_tlv_rsm cr_kme_key_tlv_rsm 5 1012 /home/ibarry/Project-Zipline-master/pal_emu/work/xc_work/v/81.sv 0 0 0
cr_axi4s_mstr cr_axi4s_mstr 5 891 /home/ibarry/Project-Zipline-master/pal_emu/work/xc_work/v/87.sv 0 0 0
axi_channel_reg_slice axi_channel_reg_slice 5 200 /home/ibarry/Project-Zipline-master/pal_emu/work/xc_work/v/88.sv 0 0 0
cr_tlvp2_rsm cr_tlvp2_rsm 5 990 /home/ibarry/Project-Zipline-master/pal_emu/work/xc_work/v/82.sv 0 0 0
cr_fifo_wrap2_xcm8 cr_fifo_wrap2_xcm8 6 928 /home/ibarry/Project-Zipline-master/pal_emu/work/xc_work/v/85.sv 0 0 0
nx_fifo_xcm19 nx_fifo_xcm19 6 70 /home/ibarry/Project-Zipline-master/pal_emu/work/xc_work/v/86.sv 0 0 0
cr_fifo_wrap2_xcm9 cr_fifo_wrap2_xcm9 6 949 /home/ibarry/Project-Zipline-master/pal_emu/work/xc_work/v/84.sv 0 0 0
cr_tlvp2_rsm_core cr_tlvp2_rsm_core 5 1180 /home/ibarry/Project-Zipline-master/pal_emu/work/xc_work/v/83.sv 0 0 0
cr_kme_key_tlv_compare_split cr_kme_key_tlv_compare_split 5 1242 /home/ibarry/Project-Zipline-master/pal_emu/work/xc_work/v/78.sv 0 0 0
cr_kme_fifo_xcm44 cr_kme_fifo_xcm44 5 53 /home/ibarry/Project-Zipline-master/pal_emu/work/xc_work/v/79.sv 0 0 0
nx_fifo_xcm18 nx_fifo_xcm18 6 70 /home/ibarry/Project-Zipline-master/pal_emu/work/xc_work/v/80.sv 0 0 0
cr_kme_kop_xcm67 cr_kme_kop_xcm67 5 1226 /home/ibarry/Project-Zipline-master/pal_emu/work/xc_work/v/76.sv 0 0 0
cr_kme_kop_tlv_inspector_xcm69 cr_kme_kop_tlv_inspector_xcm69 5 2440 /home/ibarry/Project-Zipline-master/pal_emu/work/xc_work/v/77.sv 0 0 0
cr_kme_kop_xcm68 cr_kme_kop_xcm68 5 1226 /home/ibarry/Project-Zipline-master/pal_emu/work/xc_work/v/37.sv 0 0 0
cr_kme_fifo_xcm45 cr_kme_fifo_xcm45 5 53 /home/ibarry/Project-Zipline-master/pal_emu/work/xc_work/v/74.sv 0 0 0
nx_fifo_xcm20 nx_fifo_xcm20 6 70 /home/ibarry/Project-Zipline-master/pal_emu/work/xc_work/v/75.sv 0 0 0
cr_kme_fifo_xcm46 cr_kme_fifo_xcm46 5 53 /home/ibarry/Project-Zipline-master/pal_emu/work/xc_work/v/72.sv 0 0 0
nx_fifo_xcm21 nx_fifo_xcm21 6 70 /home/ibarry/Project-Zipline-master/pal_emu/work/xc_work/v/73.sv 0 0 0
cr_kme_fifo_xcm47 cr_kme_fifo_xcm47 5 53 /home/ibarry/Project-Zipline-master/pal_emu/work/xc_work/v/70.sv 0 0 0
nx_fifo_xcm22 nx_fifo_xcm22 6 70 /home/ibarry/Project-Zipline-master/pal_emu/work/xc_work/v/71.sv 0 0 0
cr_kme_fifo_xcm48 cr_kme_fifo_xcm48 5 53 /home/ibarry/Project-Zipline-master/pal_emu/work/xc_work/v/68.sv 0 0 0
nx_fifo_xcm23 nx_fifo_xcm23 6 70 /home/ibarry/Project-Zipline-master/pal_emu/work/xc_work/v/69.sv 0 0 0
cr_kme_fifo_xcm49 cr_kme_fifo_xcm49 5 53 /home/ibarry/Project-Zipline-master/pal_emu/work/xc_work/v/66.sv 0 0 0
nx_fifo_xcm24 nx_fifo_xcm24 6 70 /home/ibarry/Project-Zipline-master/pal_emu/work/xc_work/v/67.sv 0 0 0
cr_kme_fifo_xcm50 cr_kme_fifo_xcm50 5 53 /home/ibarry/Project-Zipline-master/pal_emu/work/xc_work/v/64.sv 0 0 0
nx_fifo_xcm25 nx_fifo_xcm25 6 70 /home/ibarry/Project-Zipline-master/pal_emu/work/xc_work/v/65.sv 0 0 0
cr_kme_kop_keybuilder cr_kme_kop_keybuilder 5 1216 /home/ibarry/Project-Zipline-master/pal_emu/work/xc_work/v/62.sv 0 0 0
cr_crc cr_crc 5 104 /home/ibarry/Project-Zipline-master/pal_emu/work/xc_work/v/63.sv 0 0 0
cr_kme_kop_kdf cr_kme_kop_kdf 5 1104 /home/ibarry/Project-Zipline-master/pal_emu/work/xc_work/v/44.sv 0 0 0
cr_kme_kop_kdf_merger cr_kme_kop_kdf_merger 5 1138 /home/ibarry/Project-Zipline-master/pal_emu/work/xc_work/v/58.sv 0 0 0
cr_kme_fifo_xcm51 cr_kme_fifo_xcm51 5 53 /home/ibarry/Project-Zipline-master/pal_emu/work/xc_work/v/59.sv 0 0 0
nx_fifo_xcm26 nx_fifo_xcm26 6 70 /home/ibarry/Project-Zipline-master/pal_emu/work/xc_work/v/60.sv 0 0 0
nx_fifo_ctrl_xcm35 nx_fifo_ctrl_xcm35 6 242 /home/ibarry/Project-Zipline-master/pal_emu/work/xc_work/v/61.sv 0 0 0
cr_kme_kop_kdf_stream_gen cr_kme_kop_kdf_stream_gen 5 1287 /home/ibarry/Project-Zipline-master/pal_emu/work/xc_work/v/53.sv 0 0 0
cr_kme_fifo_xcm52 cr_kme_fifo_xcm52 5 53 /home/ibarry/Project-Zipline-master/pal_emu/work/xc_work/v/56.sv 0 0 0
nx_fifo_xcm27 nx_fifo_xcm27 6 70 /home/ibarry/Project-Zipline-master/pal_emu/work/xc_work/v/57.sv 0 0 0
cr_kme_kop_kdf_stream_pipe_xcm78 cr_kme_kop_kdf_stream_pipe_xcm78 5 967 /home/ibarry/Project-Zipline-master/pal_emu/work/xc_work/v/55.sv 0 0 0
cr_kme_kop_kdf_stream_pipe_xcm79 cr_kme_kop_kdf_stream_pipe_xcm79 5 967 /home/ibarry/Project-Zipline-master/pal_emu/work/xc_work/v/54.sv 0 0 0
cr_kme_hmac_sha256_stub cr_kme_hmac_sha256_stub 5 42 /home/ibarry/Project-Zipline-master/pal_emu/work/xc_work/v/52.sv 0 0 0
cr_kme_fifo_xcm53 cr_kme_fifo_xcm53 5 53 /home/ibarry/Project-Zipline-master/pal_emu/work/xc_work/v/50.sv 0 0 0
nx_fifo_xcm28 nx_fifo_xcm28 6 70 /home/ibarry/Project-Zipline-master/pal_emu/work/xc_work/v/51.sv 0 0 0
cr_kme_kop_kdf_keyfilter cr_kme_kop_kdf_keyfilter 5 989 /home/ibarry/Project-Zipline-master/pal_emu/work/xc_work/v/49.sv 0 0 0
cr_kme_kop_upsizer_x2_xcm71 cr_kme_kop_upsizer_x2_xcm71 5 989 /home/ibarry/Project-Zipline-master/pal_emu/work/xc_work/v/48.sv 0 0 0
cr_kme_fifo_xcm54 cr_kme_fifo_xcm54 5 53 /home/ibarry/Project-Zipline-master/pal_emu/work/xc_work/v/45.sv 0 0 0
nx_fifo_xcm29 nx_fifo_xcm29 6 70 /home/ibarry/Project-Zipline-master/pal_emu/work/xc_work/v/46.sv 0 0 0
nx_fifo_ctrl_xcm36 nx_fifo_ctrl_xcm36 6 275 /home/ibarry/Project-Zipline-master/pal_emu/work/xc_work/v/47.sv 0 0 0
cr_kme_kop_gcm cr_kme_kop_gcm 5 1404 /home/ibarry/Project-Zipline-master/pal_emu/work/xc_work/v/40.sv 0 0 0
cr_kme_fifo_xcm55 cr_kme_fifo_xcm55 5 53 /home/ibarry/Project-Zipline-master/pal_emu/work/xc_work/v/41.sv 0 0 0
nx_fifo_xcm30 nx_fifo_xcm30 6 70 /home/ibarry/Project-Zipline-master/pal_emu/work/xc_work/v/42.sv 0 0 0
nx_fifo_ctrl_xcm37 nx_fifo_ctrl_xcm37 6 341 /home/ibarry/Project-Zipline-master/pal_emu/work/xc_work/v/43.sv 0 0 0
cr_kme_kop_upsizer_x2_xcm72 cr_kme_kop_upsizer_x2_xcm72 5 989 /home/ibarry/Project-Zipline-master/pal_emu/work/xc_work/v/39.sv 0 0 0
cr_kme_kop_tlv_inspector_xcm70 cr_kme_kop_tlv_inspector_xcm70 5 2444 /home/ibarry/Project-Zipline-master/pal_emu/work/xc_work/v/38.sv 0 0 0
cr_kme_ram_fifo cr_kme_ram_fifo 5 49 /home/ibarry/Project-Zipline-master/pal_emu/work/xc_work/v/32.sv 0 0 0
cr_fifo_wrap2_xcm10 cr_fifo_wrap2_xcm10 6 949 /home/ibarry/Project-Zipline-master/pal_emu/work/xc_work/v/33.sv 0 0 0
nx_fifo_ram_1r1w_xcm12 nx_fifo_ram_1r1w_xcm12 6 183 /home/ibarry/Project-Zipline-master/pal_emu/work/xc_work/v/34.sv 0 0 0
nx_fifo_ctrl_ram_1r1w_xcm16 nx_fifo_ctrl_ram_1r1w_xcm16 6 339 /home/ibarry/Project-Zipline-master/pal_emu/work/xc_work/v/36.sv 0 0 0
nx_ram_1r1w_xcm14 nx_ram_1r1w_xcm14 6 149 /home/ibarry/Project-Zipline-master/pal_emu/work/xc_work/v/35.sv 0 0 0
cr_kme_ckv_pipeline cr_kme_ckv_pipeline 5 1106 /home/ibarry/Project-Zipline-master/pal_emu/work/xc_work/v/18.sv 0 0 0
cr_kme_kop_assigner cr_kme_kop_assigner 5 1029 /home/ibarry/Project-Zipline-master/pal_emu/work/xc_work/v/31.sv 0 0 0
cr_kme_ckv_reader cr_kme_ckv_reader 5 1410 /home/ibarry/Project-Zipline-master/pal_emu/work/xc_work/v/28.sv 0 0 0
cr_kme_fifo_xcm56 cr_kme_fifo_xcm56 5 53 /home/ibarry/Project-Zipline-master/pal_emu/work/xc_work/v/29.sv 0 0 0
nx_fifo_xcm31 nx_fifo_xcm31 6 70 /home/ibarry/Project-Zipline-master/pal_emu/work/xc_work/v/30.sv 0 0 0
cr_kme_kim_drng_reader cr_kme_kim_drng_reader 5 1826 /home/ibarry/Project-Zipline-master/pal_emu/work/xc_work/v/27.sv 0 0 0
cr_kme_tlv_parser cr_kme_tlv_parser 5 7287 /home/ibarry/Project-Zipline-master/pal_emu/work/xc_work/v/23.sv 0 0 0
cr_kme_fifo_xcm57 cr_kme_fifo_xcm57 5 53 /home/ibarry/Project-Zipline-master/pal_emu/work/xc_work/v/24.sv 0 0 0
nx_fifo_xcm32 nx_fifo_xcm32 6 70 /home/ibarry/Project-Zipline-master/pal_emu/work/xc_work/v/25.sv 0 0 0
nx_fifo_ctrl_xcm38 nx_fifo_ctrl_xcm38 6 242 /home/ibarry/Project-Zipline-master/pal_emu/work/xc_work/v/26.sv 0 0 0
cr_kme_guid_stitcher cr_kme_guid_stitcher 5 1275 /home/ibarry/Project-Zipline-master/pal_emu/work/xc_work/v/19.sv 0 0 0
cr_kme_fifo_xcm58 cr_kme_fifo_xcm58 5 53 /home/ibarry/Project-Zipline-master/pal_emu/work/xc_work/v/20.sv 0 0 0
nx_fifo_xcm33 nx_fifo_xcm33 6 70 /home/ibarry/Project-Zipline-master/pal_emu/work/xc_work/v/21.sv 0 0 0
nx_fifo_ctrl_xcm39 nx_fifo_ctrl_xcm39 6 341 /home/ibarry/Project-Zipline-master/pal_emu/work/xc_work/v/22.sv 0 0 0
cr_kme_drng cr_kme_drng 5 1035 /home/ibarry/Project-Zipline-master/pal_emu/work/xc_work/v/12.sv 0 0 0
cr_kme_aes_256_drng cr_kme_aes_256_drng 5 292 /home/ibarry/Project-Zipline-master/pal_emu/work/xc_work/v/13.sv 0 0 0
cr_kme_fifo_xcm59 cr_kme_fifo_xcm59 5 53 /home/ibarry/Project-Zipline-master/pal_emu/work/xc_work/v/15.sv 0 0 0
nx_fifo_xcm34 nx_fifo_xcm34 6 70 /home/ibarry/Project-Zipline-master/pal_emu/work/xc_work/v/16.sv 0 0 0
nx_fifo_ctrl_xcm40 nx_fifo_ctrl_xcm40 6 275 /home/ibarry/Project-Zipline-master/pal_emu/work/xc_work/v/17.sv 0 0 0
AesSecIStub AesSecIStub 5 13 /home/ibarry/Project-Zipline-master/pal_emu/work/xc_work/v/14.sv 0 0 0
cr_axi4s2_slv cr_axi4s2_slv 5 902 /home/ibarry/Project-Zipline-master/pal_emu/work/xc_work/v/7.sv 0 0 0
cr_fifo_wrap2_xcm11 cr_fifo_wrap2_xcm11 6 949 /home/ibarry/Project-Zipline-master/pal_emu/work/xc_work/v/8.sv 0 0 0
nx_fifo_ram_1r1w_xcm13 nx_fifo_ram_1r1w_xcm13 6 183 /home/ibarry/Project-Zipline-master/pal_emu/work/xc_work/v/9.sv 0 0 0
nx_fifo_ctrl_ram_1r1w_xcm17 nx_fifo_ctrl_ram_1r1w_xcm17 6 339 /home/ibarry/Project-Zipline-master/pal_emu/work/xc_work/v/11.sv 0 0 0
nx_ram_1r1w_xcm15 nx_ram_1r1w_xcm15 6 149 /home/ibarry/Project-Zipline-master/pal_emu/work/xc_work/v/10.sv 0 0 0
cr_rst_sync cr_rst_sync 6 20 /home/ibarry/Project-Zipline-master/pal_emu/work/xc_work/v/4.sv 0 0 0
cr_dual_rank_synchronizer cr_dual_rank_synchronizer 6 16 /home/ibarry/Project-Zipline-master/pal_emu/work/xc_work/v/5.sv 0 0 0
apb_xactor apb_xactor 5 856 /home/ibarry/Project-Zipline-master/pal_emu/work/xc_work/v/2.sv 0 0 0
Q_NOT_TOUCH Q_NOT_TOUCH 1509 1513 /home/ibarry/Project-Zipline-master/pal_emu/work/xc_work/xc_vawork/xc_vawork/.libvlog/qtref.v 0 0 0
cr_kme_regfilePKG cr_kme_regfilePKG 3 1628 /home/ibarry/Project-Zipline-master/pal_emu/work/xc_work/v/WORK/svPkg2.sv 0 0 0
nx_mem_typePKG nx_mem_typePKG 4 14 /home/ibarry/Project-Zipline-master/pal_emu/work/xc_work/v/WORK/svPkg3.sv 0 0 0
nx_mem_typePKG_v2 nx_mem_typePKG_v2 4 14 /home/ibarry/Project-Zipline-master/pal_emu/work/xc_work/v/WORK/svPkg4.sv 0 0 0
