DUMMY1 1_zy_simnet_stat_code_0_w$ 0 2
DUMMY2 1_zy_simnet_stat_datawords_1_w$ 0 4
DUMMY3 1_zy_simnet_stat_addr_2_w$ 0 4
DUMMY4 1_zy_simnet_capability_lst_3_w$ 0 15
DUMMY5 1_zy_simnet_capability_type_4_w$ 0 3
DUMMY6 1_zy_simnet_rd_dat_5_w$ 0 31
DUMMY7 1_zy_simnet_stat_code_7_w$ 0 2
DUMMY8 1_zy_simnet_stat_datawords_8_w$ 0 4
DUMMY9 1_zy_simnet_stat_addr_9_w$ 0 4
DUMMY10 1_zy_simnet_capability_lst_11_w$ 0 15
DUMMY11 1_zy_simnet_capability_type_12_w$ 0 3
DUMMY12 1_zy_simnet_addr_limit_14_w$ 0 4
DUMMY13 1_zy_simnet_rd_dat_15_w$ 0 31
DUMMY14 0_zy_simnet_sw_cs_16_w$
DUMMY15 0_zy_simnet_sw_we_18_w$
DUMMY16 1_zy_simnet_sw_add_19_w$ 0 4
DUMMY17 1_zy_simnet_sw_wdat_20_w$ 0 31
DUMMY18 1_zy_simnet_sw_rdat_21_w$ 0 31
DUMMY19 0_zy_simnet_reset_26_w$
DUMMY20 0_zz_zy_simnet_sw_cs_16_w$_M132_bcSv1
DUMMY21 0_zz_zy_simnet_sw_we_18_w$_M132_bcSv2
DUMMY22 1_zz_zy_simnet_sw_add_19_w$_M132_bcSv3 0 4
DUMMY23 1_zz_zy_simnet_sw_wdat_20_w$_M132_bcSv4 0 31
DUMMY24 0_zz_zy_simnet_reset_26_w$_M132_bcSv5
DUMMY25 0{}
DUMMY26 0{}
DUMMY27 0{}
DUMMY28 0{}
DUMMY29 1_zy_simnet_addr_limit_14_w$ 0 4
DUMMY31 0_zz_zy_simnet_sw_cs_16_w$_M132_bcSp1
DUMMY32 0_zz_zy_simnet_sw_we_18_w$_M132_bcSp2
DUMMY33 0_zz_zy_simnet_sw_add_19_w$_M132_bcSp3
DUMMY34 0_zz_zy_simnet_sw_wdat_20_w$_M132_bcSp4
DUMMY35 0_zz_zy_simnet_reset_26_w$_M132_bcSp5
DUMMY36 0@rst.unmblk0.ii
DUMMY37 0@unmblk1.ii
