DRC started at Tue Mar 19 15:22:42 2024

INFO: Added UCDB "input (no delay)" logic to "IXC_GFIFO.ISF._zyevPio[0]".
INFO: Added UCDB "input (no delay)" logic to "IXC_GFIFO.ISF._zyevPio[1]".
INFO: Added delay primitive from "UA@.kme_tb.apb_xactor.clk" to "QT_smNet6UA@.kme_tb.apb_xactor.clk".
INFO: Added UCDB "input (delay)" logic to "kme_tb.apb_xactor.clk".
INFO: Added delay primitive from "UA@.kme_tb.apb_xactor.prdata[0]" to "QT_smNet9UA@.kme_tb.apb_xactor.prdata[0]".
INFO: Added UCDB "input (delay)" logic to "kme_tb.apb_xactor.prdata[0]".
INFO: Added delay primitive from "UA@.kme_tb.apb_xactor.prdata[10]" to "QT_smNet12UA@.kme_tb.apb_xactor.prdata[10]".
INFO: Added UCDB "input (delay)" logic to "kme_tb.apb_xactor.prdata[10]".
INFO: Added delay primitive from "UA@.kme_tb.apb_xactor.prdata[11]" to "QT_smNet15UA@.kme_tb.apb_xactor.prdata[11]".
INFO: Added UCDB "input (delay)" logic to "kme_tb.apb_xactor.prdata[11]".
INFO: Added delay primitive from "UA@.kme_tb.apb_xactor.prdata[12]" to "QT_smNet18UA@.kme_tb.apb_xactor.prdata[12]".
INFO: Added UCDB "input (delay)" logic to "kme_tb.apb_xactor.prdata[12]".
INFO: Added delay primitive from "UA@.kme_tb.apb_xactor.prdata[13]" to "QT_smNet21UA@.kme_tb.apb_xactor.prdata[13]".
INFO: Added UCDB "input (delay)" logic to "kme_tb.apb_xactor.prdata[13]".
INFO: Added delay primitive from "UA@.kme_tb.apb_xactor.prdata[14]" to "QT_smNet24UA@.kme_tb.apb_xactor.prdata[14]".
INFO: Added UCDB "input (delay)" logic to "kme_tb.apb_xactor.prdata[14]".
INFO: Added delay primitive from "UA@.kme_tb.apb_xactor.prdata[15]" to "QT_smNet27UA@.kme_tb.apb_xactor.prdata[15]".
INFO: Added UCDB "input (delay)" logic to "kme_tb.apb_xactor.prdata[15]".
INFO: Added delay primitive from "UA@.kme_tb.apb_xactor.prdata[16]" to "QT_smNet30UA@.kme_tb.apb_xactor.prdata[16]".
INFO: Added UCDB "input (delay)" logic to "kme_tb.apb_xactor.prdata[16]".
INFO: Added delay primitive from "UA@.kme_tb.apb_xactor.prdata[17]" to "QT_smNet33UA@.kme_tb.apb_xactor.prdata[17]".
INFO: Added UCDB "input (delay)" logic to "kme_tb.apb_xactor.prdata[17]".
INFO: Added delay primitive from "UA@.kme_tb.apb_xactor.prdata[18]" to "QT_smNet36UA@.kme_tb.apb_xactor.prdata[18]".
INFO: Added UCDB "input (delay)" logic to "kme_tb.apb_xactor.prdata[18]".
INFO: Added delay primitive from "UA@.kme_tb.apb_xactor.prdata[19]" to "QT_smNet39UA@.kme_tb.apb_xactor.prdata[19]".
INFO: Added UCDB "input (delay)" logic to "kme_tb.apb_xactor.prdata[19]".
INFO: Added delay primitive from "UA@.kme_tb.apb_xactor.prdata[1]" to "QT_smNet42UA@.kme_tb.apb_xactor.prdata[1]".
INFO: Added UCDB "input (delay)" logic to "kme_tb.apb_xactor.prdata[1]".
INFO: Added delay primitive from "UA@.kme_tb.apb_xactor.prdata[20]" to "QT_smNet45UA@.kme_tb.apb_xactor.prdata[20]".
INFO: Added UCDB "input (delay)" logic to "kme_tb.apb_xactor.prdata[20]".
INFO: Added delay primitive from "UA@.kme_tb.apb_xactor.prdata[21]" to "QT_smNet48UA@.kme_tb.apb_xactor.prdata[21]".
INFO: Added UCDB "input (delay)" logic to "kme_tb.apb_xactor.prdata[21]".
INFO: Added delay primitive from "UA@.kme_tb.apb_xactor.prdata[22]" to "QT_smNet51UA@.kme_tb.apb_xactor.prdata[22]".
INFO: Added UCDB "input (delay)" logic to "kme_tb.apb_xactor.prdata[22]".
INFO: Added delay primitive from "UA@.kme_tb.apb_xactor.prdata[23]" to "QT_smNet54UA@.kme_tb.apb_xactor.prdata[23]".
INFO: Added UCDB "input (delay)" logic to "kme_tb.apb_xactor.prdata[23]".
INFO: Added delay primitive from "UA@.kme_tb.apb_xactor.prdata[24]" to "QT_smNet57UA@.kme_tb.apb_xactor.prdata[24]".
INFO: Added UCDB "input (delay)" logic to "kme_tb.apb_xactor.prdata[24]".
INFO: Added delay primitive from "UA@.kme_tb.apb_xactor.prdata[25]" to "QT_smNet60UA@.kme_tb.apb_xactor.prdata[25]".
INFO: Added UCDB "input (delay)" logic to "kme_tb.apb_xactor.prdata[25]".
INFO: Added delay primitive from "UA@.kme_tb.apb_xactor.prdata[26]" to "QT_smNet63UA@.kme_tb.apb_xactor.prdata[26]".
INFO: Added UCDB "input (delay)" logic to "kme_tb.apb_xactor.prdata[26]".
INFO: Added delay primitive from "UA@.kme_tb.apb_xactor.prdata[27]" to "QT_smNet66UA@.kme_tb.apb_xactor.prdata[27]".
INFO: Added UCDB "input (delay)" logic to "kme_tb.apb_xactor.prdata[27]".
INFO: Added delay primitive from "UA@.kme_tb.apb_xactor.prdata[28]" to "QT_smNet69UA@.kme_tb.apb_xactor.prdata[28]".
INFO: Added UCDB "input (delay)" logic to "kme_tb.apb_xactor.prdata[28]".
INFO: Added delay primitive from "UA@.kme_tb.apb_xactor.prdata[29]" to "QT_smNet72UA@.kme_tb.apb_xactor.prdata[29]".
INFO: Added UCDB "input (delay)" logic to "kme_tb.apb_xactor.prdata[29]".
INFO: Added delay primitive from "UA@.kme_tb.apb_xactor.prdata[2]" to "QT_smNet75UA@.kme_tb.apb_xactor.prdata[2]".
INFO: Added UCDB "input (delay)" logic to "kme_tb.apb_xactor.prdata[2]".
INFO: Added delay primitive from "UA@.kme_tb.apb_xactor.prdata[30]" to "QT_smNet78UA@.kme_tb.apb_xactor.prdata[30]".
INFO: Added UCDB "input (delay)" logic to "kme_tb.apb_xactor.prdata[30]".
INFO: Added delay primitive from "UA@.kme_tb.apb_xactor.prdata[31]" to "QT_smNet81UA@.kme_tb.apb_xactor.prdata[31]".
INFO: Added UCDB "input (delay)" logic to "kme_tb.apb_xactor.prdata[31]".
INFO: Added delay primitive from "UA@.kme_tb.apb_xactor.prdata[3]" to "QT_smNet84UA@.kme_tb.apb_xactor.prdata[3]".
INFO: Added UCDB "input (delay)" logic to "kme_tb.apb_xactor.prdata[3]".
INFO: Added delay primitive from "UA@.kme_tb.apb_xactor.prdata[4]" to "QT_smNet87UA@.kme_tb.apb_xactor.prdata[4]".
INFO: Added UCDB "input (delay)" logic to "kme_tb.apb_xactor.prdata[4]".
INFO: Added delay primitive from "UA@.kme_tb.apb_xactor.prdata[5]" to "QT_smNet90UA@.kme_tb.apb_xactor.prdata[5]".
INFO: Added UCDB "input (delay)" logic to "kme_tb.apb_xactor.prdata[5]".
INFO: Added delay primitive from "UA@.kme_tb.apb_xactor.prdata[6]" to "QT_smNet93UA@.kme_tb.apb_xactor.prdata[6]".
INFO: Added UCDB "input (delay)" logic to "kme_tb.apb_xactor.prdata[6]".
INFO: Added delay primitive from "UA@.kme_tb.apb_xactor.prdata[7]" to "QT_smNet96UA@.kme_tb.apb_xactor.prdata[7]".
INFO: Added UCDB "input (delay)" logic to "kme_tb.apb_xactor.prdata[7]".
INFO: Added delay primitive from "UA@.kme_tb.apb_xactor.prdata[8]" to "QT_smNet99UA@.kme_tb.apb_xactor.prdata[8]".
INFO: Added UCDB "input (delay)" logic to "kme_tb.apb_xactor.prdata[8]".
INFO: Added delay primitive from "UA@.kme_tb.apb_xactor.prdata[9]" to "QT_smNet102UA@.kme_tb.apb_xactor.prdata[9]".
INFO: Added UCDB "input (delay)" logic to "kme_tb.apb_xactor.prdata[9]".
INFO: Added delay primitive from "UA@.kme_tb.apb_xactor.pready" to "QT_smNet105UA@.kme_tb.apb_xactor.pready".
INFO: Added UCDB "input (delay)" logic to "kme_tb.apb_xactor.pready".
INFO: Added delay primitive from "UA@.kme_tb.apb_xactor.pslverr" to "QT_smNet108UA@.kme_tb.apb_xactor.pslverr".
INFO: Added UCDB "input (delay)" logic to "kme_tb.apb_xactor.pslverr".
INFO: Added delay primitive from "UA@.kme_tb.apb_xactor.reset_n" to "QT_smNet111UA@.kme_tb.apb_xactor.reset_n".
INFO: Added UCDB "input (delay)" logic to "kme_tb.apb_xactor.reset_n".
INFO: Added delay primitive from "UA@.kme_tb.kme_dut.apb_paddr[0]" to "QT_smNet114UA@.kme_tb.kme_dut.apb_paddr[0]".
INFO: Added UCDB "input (delay)" logic to "kme_tb.kme_dut.apb_paddr[0]".
INFO: Added delay primitive from "UA@.kme_tb.kme_dut.apb_paddr[10]" to "QT_smNet117UA@.kme_tb.kme_dut.apb_paddr[10]".
INFO: Added UCDB "input (delay)" logic to "kme_tb.kme_dut.apb_paddr[10]".
INFO: Added delay primitive from "UA@.kme_tb.kme_dut.apb_paddr[11]" to "QT_smNet120UA@.kme_tb.kme_dut.apb_paddr[11]".
INFO: Added UCDB "input (delay)" logic to "kme_tb.kme_dut.apb_paddr[11]".
INFO: Added delay primitive from "UA@.kme_tb.kme_dut.apb_paddr[12]" to "QT_smNet123UA@.kme_tb.kme_dut.apb_paddr[12]".
INFO: Added UCDB "input (delay)" logic to "kme_tb.kme_dut.apb_paddr[12]".
INFO: Added delay primitive from "UA@.kme_tb.kme_dut.apb_paddr[13]" to "QT_smNet126UA@.kme_tb.kme_dut.apb_paddr[13]".
INFO: Added UCDB "input (delay)" logic to "kme_tb.kme_dut.apb_paddr[13]".
INFO: Added delay primitive from "UA@.kme_tb.kme_dut.apb_paddr[14]" to "QT_smNet129UA@.kme_tb.kme_dut.apb_paddr[14]".
INFO: Added UCDB "input (delay)" logic to "kme_tb.kme_dut.apb_paddr[14]".
INFO: Added delay primitive from "UA@.kme_tb.kme_dut.apb_paddr[15]" to "QT_smNet132UA@.kme_tb.kme_dut.apb_paddr[15]".
INFO: Added UCDB "input (delay)" logic to "kme_tb.kme_dut.apb_paddr[15]".
INFO: Added delay primitive from "UA@.kme_tb.kme_dut.apb_paddr[1]" to "QT_smNet135UA@.kme_tb.kme_dut.apb_paddr[1]".
INFO: Added UCDB "input (delay)" logic to "kme_tb.kme_dut.apb_paddr[1]".
INFO: Added delay primitive from "UA@.kme_tb.kme_dut.apb_paddr[2]" to "QT_smNet138UA@.kme_tb.kme_dut.apb_paddr[2]".
INFO: Added UCDB "input (delay)" logic to "kme_tb.kme_dut.apb_paddr[2]".
INFO: Added delay primitive from "UA@.kme_tb.kme_dut.apb_paddr[3]" to "QT_smNet141UA@.kme_tb.kme_dut.apb_paddr[3]".
INFO: Added UCDB "input (delay)" logic to "kme_tb.kme_dut.apb_paddr[3]".
INFO: Added delay primitive from "UA@.kme_tb.kme_dut.apb_paddr[4]" to "QT_smNet144UA@.kme_tb.kme_dut.apb_paddr[4]".
INFO: Added UCDB "input (delay)" logic to "kme_tb.kme_dut.apb_paddr[4]".
INFO: Added delay primitive from "UA@.kme_tb.kme_dut.apb_paddr[5]" to "QT_smNet147UA@.kme_tb.kme_dut.apb_paddr[5]".
INFO: Added UCDB "input (delay)" logic to "kme_tb.kme_dut.apb_paddr[5]".
INFO: Added delay primitive from "UA@.kme_tb.kme_dut.apb_paddr[6]" to "QT_smNet150UA@.kme_tb.kme_dut.apb_paddr[6]".
INFO: Added UCDB "input (delay)" logic to "kme_tb.kme_dut.apb_paddr[6]".
INFO: Added delay primitive from "UA@.kme_tb.kme_dut.apb_paddr[7]" to "QT_smNet153UA@.kme_tb.kme_dut.apb_paddr[7]".
INFO: Added UCDB "input (delay)" logic to "kme_tb.kme_dut.apb_paddr[7]".
INFO: Added delay primitive from "UA@.kme_tb.kme_dut.apb_paddr[8]" to "QT_smNet156UA@.kme_tb.kme_dut.apb_paddr[8]".
INFO: Added UCDB "input (delay)" logic to "kme_tb.kme_dut.apb_paddr[8]".
INFO: Added delay primitive from "UA@.kme_tb.kme_dut.apb_paddr[9]" to "QT_smNet159UA@.kme_tb.kme_dut.apb_paddr[9]".
INFO: Added UCDB "input (delay)" logic to "kme_tb.kme_dut.apb_paddr[9]".
INFO: Added delay primitive from "UA@.kme_tb.kme_dut.apb_penable" to "QT_smNet162UA@.kme_tb.kme_dut.apb_penable".
INFO: Added UCDB "input (delay)" logic to "kme_tb.kme_dut.apb_penable".
INFO: Added delay primitive from "UA@.kme_tb.kme_dut.apb_psel" to "QT_smNet165UA@.kme_tb.kme_dut.apb_psel".
INFO: Added UCDB "input (delay)" logic to "kme_tb.kme_dut.apb_psel".
INFO: Added delay primitive from "UA@.kme_tb.kme_dut.apb_pwdata[0]" to "QT_smNet168UA@.kme_tb.kme_dut.apb_pwdata[0]".
INFO: Added UCDB "input (delay)" logic to "kme_tb.kme_dut.apb_pwdata[0]".
INFO: Added delay primitive from "UA@.kme_tb.kme_dut.apb_pwdata[10]" to "QT_smNet171UA@.kme_tb.kme_dut.apb_pwdata[10]".
INFO: Added UCDB "input (delay)" logic to "kme_tb.kme_dut.apb_pwdata[10]".
INFO: Added delay primitive from "UA@.kme_tb.kme_dut.apb_pwdata[11]" to "QT_smNet174UA@.kme_tb.kme_dut.apb_pwdata[11]".
INFO: Added UCDB "input (delay)" logic to "kme_tb.kme_dut.apb_pwdata[11]".
INFO: Added delay primitive from "UA@.kme_tb.kme_dut.apb_pwdata[12]" to "QT_smNet177UA@.kme_tb.kme_dut.apb_pwdata[12]".
INFO: Added UCDB "input (delay)" logic to "kme_tb.kme_dut.apb_pwdata[12]".
INFO: Added delay primitive from "UA@.kme_tb.kme_dut.apb_pwdata[13]" to "QT_smNet180UA@.kme_tb.kme_dut.apb_pwdata[13]".
INFO: Added UCDB "input (delay)" logic to "kme_tb.kme_dut.apb_pwdata[13]".
INFO: Added delay primitive from "UA@.kme_tb.kme_dut.apb_pwdata[14]" to "QT_smNet183UA@.kme_tb.kme_dut.apb_pwdata[14]".
INFO: Added UCDB "input (delay)" logic to "kme_tb.kme_dut.apb_pwdata[14]".
INFO: Added delay primitive from "UA@.kme_tb.kme_dut.apb_pwdata[15]" to "QT_smNet186UA@.kme_tb.kme_dut.apb_pwdata[15]".
INFO: Added UCDB "input (delay)" logic to "kme_tb.kme_dut.apb_pwdata[15]".
INFO: Added delay primitive from "UA@.kme_tb.kme_dut.apb_pwdata[16]" to "QT_smNet189UA@.kme_tb.kme_dut.apb_pwdata[16]".
INFO: Added UCDB "input (delay)" logic to "kme_tb.kme_dut.apb_pwdata[16]".
INFO: Added delay primitive from "UA@.kme_tb.kme_dut.apb_pwdata[17]" to "QT_smNet192UA@.kme_tb.kme_dut.apb_pwdata[17]".
INFO: Added UCDB "input (delay)" logic to "kme_tb.kme_dut.apb_pwdata[17]".
INFO: Added delay primitive from "UA@.kme_tb.kme_dut.apb_pwdata[18]" to "QT_smNet195UA@.kme_tb.kme_dut.apb_pwdata[18]".
INFO: Added UCDB "input (delay)" logic to "kme_tb.kme_dut.apb_pwdata[18]".
INFO: Added delay primitive from "UA@.kme_tb.kme_dut.apb_pwdata[19]" to "QT_smNet198UA@.kme_tb.kme_dut.apb_pwdata[19]".
INFO: Added UCDB "input (delay)" logic to "kme_tb.kme_dut.apb_pwdata[19]".
INFO: Added delay primitive from "UA@.kme_tb.kme_dut.apb_pwdata[1]" to "QT_smNet201UA@.kme_tb.kme_dut.apb_pwdata[1]".
INFO: Added UCDB "input (delay)" logic to "kme_tb.kme_dut.apb_pwdata[1]".
INFO: Added delay primitive from "UA@.kme_tb.kme_dut.apb_pwdata[20]" to "QT_smNet204UA@.kme_tb.kme_dut.apb_pwdata[20]".
INFO: Added UCDB "input (delay)" logic to "kme_tb.kme_dut.apb_pwdata[20]".
INFO: Added delay primitive from "UA@.kme_tb.kme_dut.apb_pwdata[21]" to "QT_smNet207UA@.kme_tb.kme_dut.apb_pwdata[21]".
INFO: Added UCDB "input (delay)" logic to "kme_tb.kme_dut.apb_pwdata[21]".
INFO: Added delay primitive from "UA@.kme_tb.kme_dut.apb_pwdata[22]" to "QT_smNet210UA@.kme_tb.kme_dut.apb_pwdata[22]".
INFO: Added UCDB "input (delay)" logic to "kme_tb.kme_dut.apb_pwdata[22]".
INFO: Added delay primitive from "UA@.kme_tb.kme_dut.apb_pwdata[23]" to "QT_smNet213UA@.kme_tb.kme_dut.apb_pwdata[23]".
INFO: Added UCDB "input (delay)" logic to "kme_tb.kme_dut.apb_pwdata[23]".
INFO: Added delay primitive from "UA@.kme_tb.kme_dut.apb_pwdata[24]" to "QT_smNet216UA@.kme_tb.kme_dut.apb_pwdata[24]".
INFO: Added UCDB "input (delay)" logic to "kme_tb.kme_dut.apb_pwdata[24]".
INFO: Added delay primitive from "UA@.kme_tb.kme_dut.apb_pwdata[25]" to "QT_smNet219UA@.kme_tb.kme_dut.apb_pwdata[25]".
INFO: Added UCDB "input (delay)" logic to "kme_tb.kme_dut.apb_pwdata[25]".
INFO: Added delay primitive from "UA@.kme_tb.kme_dut.apb_pwdata[26]" to "QT_smNet222UA@.kme_tb.kme_dut.apb_pwdata[26]".
INFO: Added UCDB "input (delay)" logic to "kme_tb.kme_dut.apb_pwdata[26]".
INFO: Added delay primitive from "UA@.kme_tb.kme_dut.apb_pwdata[27]" to "QT_smNet225UA@.kme_tb.kme_dut.apb_pwdata[27]".
INFO: Added UCDB "input (delay)" logic to "kme_tb.kme_dut.apb_pwdata[27]".
INFO: Added delay primitive from "UA@.kme_tb.kme_dut.apb_pwdata[28]" to "QT_smNet228UA@.kme_tb.kme_dut.apb_pwdata[28]".
INFO: Added UCDB "input (delay)" logic to "kme_tb.kme_dut.apb_pwdata[28]".
INFO: Added delay primitive from "UA@.kme_tb.kme_dut.apb_pwdata[29]" to "QT_smNet231UA@.kme_tb.kme_dut.apb_pwdata[29]".
INFO: Added UCDB "input (delay)" logic to "kme_tb.kme_dut.apb_pwdata[29]".
INFO: Added delay primitive from "UA@.kme_tb.kme_dut.apb_pwdata[2]" to "QT_smNet234UA@.kme_tb.kme_dut.apb_pwdata[2]".
INFO: Added UCDB "input (delay)" logic to "kme_tb.kme_dut.apb_pwdata[2]".
INFO: Added delay primitive from "UA@.kme_tb.kme_dut.apb_pwdata[30]" to "QT_smNet237UA@.kme_tb.kme_dut.apb_pwdata[30]".
INFO: Added UCDB "input (delay)" logic to "kme_tb.kme_dut.apb_pwdata[30]".
INFO: Added delay primitive from "UA@.kme_tb.kme_dut.apb_pwdata[31]" to "QT_smNet240UA@.kme_tb.kme_dut.apb_pwdata[31]".
INFO: Added UCDB "input (delay)" logic to "kme_tb.kme_dut.apb_pwdata[31]".
INFO: Added delay primitive from "UA@.kme_tb.kme_dut.apb_pwdata[3]" to "QT_smNet243UA@.kme_tb.kme_dut.apb_pwdata[3]".
INFO: Added UCDB "input (delay)" logic to "kme_tb.kme_dut.apb_pwdata[3]".
INFO: Added delay primitive from "UA@.kme_tb.kme_dut.apb_pwdata[4]" to "QT_smNet246UA@.kme_tb.kme_dut.apb_pwdata[4]".
INFO: Added UCDB "input (delay)" logic to "kme_tb.kme_dut.apb_pwdata[4]".
INFO: Added delay primitive from "UA@.kme_tb.kme_dut.apb_pwdata[5]" to "QT_smNet249UA@.kme_tb.kme_dut.apb_pwdata[5]".
INFO: Added UCDB "input (delay)" logic to "kme_tb.kme_dut.apb_pwdata[5]".
INFO: Added delay primitive from "UA@.kme_tb.kme_dut.apb_pwdata[6]" to "QT_smNet252UA@.kme_tb.kme_dut.apb_pwdata[6]".
INFO: Added UCDB "input (delay)" logic to "kme_tb.kme_dut.apb_pwdata[6]".
INFO: Added delay primitive from "UA@.kme_tb.kme_dut.apb_pwdata[7]" to "QT_smNet255UA@.kme_tb.kme_dut.apb_pwdata[7]".
INFO: Added UCDB "input (delay)" logic to "kme_tb.kme_dut.apb_pwdata[7]".
INFO: Added delay primitive from "UA@.kme_tb.kme_dut.apb_pwdata[8]" to "QT_smNet258UA@.kme_tb.kme_dut.apb_pwdata[8]".
INFO: Added UCDB "input (delay)" logic to "kme_tb.kme_dut.apb_pwdata[8]".
INFO: Added delay primitive from "UA@.kme_tb.kme_dut.apb_pwdata[9]" to "QT_smNet261UA@.kme_tb.kme_dut.apb_pwdata[9]".
INFO: Added UCDB "input (delay)" logic to "kme_tb.kme_dut.apb_pwdata[9]".
INFO: Added delay primitive from "UA@.kme_tb.kme_dut.apb_pwrite" to "QT_smNet264UA@.kme_tb.kme_dut.apb_pwrite".
INFO: Added UCDB "input (delay)" logic to "kme_tb.kme_dut.apb_pwrite".
INFO: Added delay primitive from "UA@.kme_tb.kme_dut.disable_debug_cmd" to "QT_smNet267UA@.kme_tb.kme_dut.disable_debug_cmd".
INFO: Added UCDB "input (delay)" logic to "kme_tb.kme_dut.disable_debug_cmd".
INFO: Added delay primitive from "UA@.kme_tb.kme_dut.disable_unencrypted_keys" to "QT_smNet270UA@.kme_tb.kme_dut.disable_unencrypted_keys".
INFO: Added UCDB "input (delay)" logic to "kme_tb.kme_dut.disable_unencrypted_keys".
INFO: Added delay primitive from "UA@.kme_tb.kme_dut.kme_cceip0_ob_tready" to "QT_smNet273UA@.kme_tb.kme_dut.kme_cceip0_ob_tready".
INFO: Added UCDB "input (delay)" logic to "kme_tb.kme_dut.kme_cceip0_ob_tready".
INFO: Added delay primitive from "UA@.kme_tb.kme_dut.kme_ib_tdata[0]" to "QT_smNet276UA@.kme_tb.kme_dut.kme_ib_tdata[0]".
INFO: Added UCDB "input (delay)" logic to "kme_tb.kme_dut.kme_ib_tdata[0]".
INFO: Added delay primitive from "UA@.kme_tb.kme_dut.kme_ib_tdata[10]" to "QT_smNet279UA@.kme_tb.kme_dut.kme_ib_tdata[10]".
INFO: Added UCDB "input (delay)" logic to "kme_tb.kme_dut.kme_ib_tdata[10]".
INFO: Added delay primitive from "UA@.kme_tb.kme_dut.kme_ib_tdata[11]" to "QT_smNet282UA@.kme_tb.kme_dut.kme_ib_tdata[11]".
INFO: Added UCDB "input (delay)" logic to "kme_tb.kme_dut.kme_ib_tdata[11]".
INFO: Added delay primitive from "UA@.kme_tb.kme_dut.kme_ib_tdata[12]" to "QT_smNet285UA@.kme_tb.kme_dut.kme_ib_tdata[12]".
INFO: Added UCDB "input (delay)" logic to "kme_tb.kme_dut.kme_ib_tdata[12]".
INFO: Added delay primitive from "UA@.kme_tb.kme_dut.kme_ib_tdata[13]" to "QT_smNet288UA@.kme_tb.kme_dut.kme_ib_tdata[13]".
INFO: Added UCDB "input (delay)" logic to "kme_tb.kme_dut.kme_ib_tdata[13]".
INFO: Added delay primitive from "UA@.kme_tb.kme_dut.kme_ib_tdata[14]" to "QT_smNet291UA@.kme_tb.kme_dut.kme_ib_tdata[14]".
INFO: Added UCDB "input (delay)" logic to "kme_tb.kme_dut.kme_ib_tdata[14]".
INFO: Added delay primitive from "UA@.kme_tb.kme_dut.kme_ib_tdata[15]" to "QT_smNet294UA@.kme_tb.kme_dut.kme_ib_tdata[15]".
INFO: Added UCDB "input (delay)" logic to "kme_tb.kme_dut.kme_ib_tdata[15]".
INFO: Added delay primitive from "UA@.kme_tb.kme_dut.kme_ib_tdata[16]" to "QT_smNet297UA@.kme_tb.kme_dut.kme_ib_tdata[16]".
INFO: Added UCDB "input (delay)" logic to "kme_tb.kme_dut.kme_ib_tdata[16]".
INFO: Added delay primitive from "UA@.kme_tb.kme_dut.kme_ib_tdata[17]" to "QT_smNet300UA@.kme_tb.kme_dut.kme_ib_tdata[17]".
INFO: Added UCDB "input (delay)" logic to "kme_tb.kme_dut.kme_ib_tdata[17]".
INFO: Added delay primitive from "UA@.kme_tb.kme_dut.kme_ib_tdata[18]" to "QT_smNet303UA@.kme_tb.kme_dut.kme_ib_tdata[18]".
INFO: Added UCDB "input (delay)" logic to "kme_tb.kme_dut.kme_ib_tdata[18]".
INFO: Added delay primitive from "UA@.kme_tb.kme_dut.kme_ib_tdata[19]" to "QT_smNet306UA@.kme_tb.kme_dut.kme_ib_tdata[19]".
INFO: Added UCDB "input (delay)" logic to "kme_tb.kme_dut.kme_ib_tdata[19]".
INFO: Added delay primitive from "UA@.kme_tb.kme_dut.kme_ib_tdata[1]" to "QT_smNet309UA@.kme_tb.kme_dut.kme_ib_tdata[1]".
INFO: Added UCDB "input (delay)" logic to "kme_tb.kme_dut.kme_ib_tdata[1]".
INFO: Added delay primitive from "UA@.kme_tb.kme_dut.kme_ib_tdata[20]" to "QT_smNet312UA@.kme_tb.kme_dut.kme_ib_tdata[20]".
INFO: Added UCDB "input (delay)" logic to "kme_tb.kme_dut.kme_ib_tdata[20]".
INFO: Added delay primitive from "UA@.kme_tb.kme_dut.kme_ib_tdata[21]" to "QT_smNet315UA@.kme_tb.kme_dut.kme_ib_tdata[21]".
INFO: Added UCDB "input (delay)" logic to "kme_tb.kme_dut.kme_ib_tdata[21]".
INFO: Added delay primitive from "UA@.kme_tb.kme_dut.kme_ib_tdata[22]" to "QT_smNet318UA@.kme_tb.kme_dut.kme_ib_tdata[22]".
INFO: Added UCDB "input (delay)" logic to "kme_tb.kme_dut.kme_ib_tdata[22]".
INFO: Added delay primitive from "UA@.kme_tb.kme_dut.kme_ib_tdata[23]" to "QT_smNet321UA@.kme_tb.kme_dut.kme_ib_tdata[23]".
INFO: Added UCDB "input (delay)" logic to "kme_tb.kme_dut.kme_ib_tdata[23]".
INFO: Added delay primitive from "UA@.kme_tb.kme_dut.kme_ib_tdata[24]" to "QT_smNet324UA@.kme_tb.kme_dut.kme_ib_tdata[24]".
INFO: Added UCDB "input (delay)" logic to "kme_tb.kme_dut.kme_ib_tdata[24]".
INFO: Added delay primitive from "UA@.kme_tb.kme_dut.kme_ib_tdata[25]" to "QT_smNet327UA@.kme_tb.kme_dut.kme_ib_tdata[25]".
INFO: Added UCDB "input (delay)" logic to "kme_tb.kme_dut.kme_ib_tdata[25]".
INFO: Added delay primitive from "UA@.kme_tb.kme_dut.kme_ib_tdata[26]" to "QT_smNet330UA@.kme_tb.kme_dut.kme_ib_tdata[26]".
INFO: Added UCDB "input (delay)" logic to "kme_tb.kme_dut.kme_ib_tdata[26]".
INFO: Added delay primitive from "UA@.kme_tb.kme_dut.kme_ib_tdata[27]" to "QT_smNet333UA@.kme_tb.kme_dut.kme_ib_tdata[27]".
INFO: Added UCDB "input (delay)" logic to "kme_tb.kme_dut.kme_ib_tdata[27]".
INFO: Added delay primitive from "UA@.kme_tb.kme_dut.kme_ib_tdata[28]" to "QT_smNet336UA@.kme_tb.kme_dut.kme_ib_tdata[28]".
INFO: Added UCDB "input (delay)" logic to "kme_tb.kme_dut.kme_ib_tdata[28]".
INFO: Added delay primitive from "UA@.kme_tb.kme_dut.kme_ib_tdata[29]" to "QT_smNet339UA@.kme_tb.kme_dut.kme_ib_tdata[29]".
INFO: Added UCDB "input (delay)" logic to "kme_tb.kme_dut.kme_ib_tdata[29]".
INFO: Added delay primitive from "UA@.kme_tb.kme_dut.kme_ib_tdata[2]" to "QT_smNet342UA@.kme_tb.kme_dut.kme_ib_tdata[2]".
INFO: Added UCDB "input (delay)" logic to "kme_tb.kme_dut.kme_ib_tdata[2]".
INFO: Added delay primitive from "UA@.kme_tb.kme_dut.kme_ib_tdata[30]" to "QT_smNet345UA@.kme_tb.kme_dut.kme_ib_tdata[30]".
INFO: Added UCDB "input (delay)" logic to "kme_tb.kme_dut.kme_ib_tdata[30]".
INFO: Added delay primitive from "UA@.kme_tb.kme_dut.kme_ib_tdata[31]" to "QT_smNet348UA@.kme_tb.kme_dut.kme_ib_tdata[31]".
INFO: Added UCDB "input (delay)" logic to "kme_tb.kme_dut.kme_ib_tdata[31]".
INFO: Added delay primitive from "UA@.kme_tb.kme_dut.kme_ib_tdata[32]" to "QT_smNet351UA@.kme_tb.kme_dut.kme_ib_tdata[32]".
INFO: Added UCDB "input (delay)" logic to "kme_tb.kme_dut.kme_ib_tdata[32]".
INFO: Added delay primitive from "UA@.kme_tb.kme_dut.kme_ib_tdata[33]" to "QT_smNet354UA@.kme_tb.kme_dut.kme_ib_tdata[33]".
INFO: Added UCDB "input (delay)" logic to "kme_tb.kme_dut.kme_ib_tdata[33]".
INFO: Added delay primitive from "UA@.kme_tb.kme_dut.kme_ib_tdata[34]" to "QT_smNet357UA@.kme_tb.kme_dut.kme_ib_tdata[34]".
INFO: Added UCDB "input (delay)" logic to "kme_tb.kme_dut.kme_ib_tdata[34]".
INFO: Added delay primitive from "UA@.kme_tb.kme_dut.kme_ib_tdata[35]" to "QT_smNet360UA@.kme_tb.kme_dut.kme_ib_tdata[35]".
INFO: Added UCDB "input (delay)" logic to "kme_tb.kme_dut.kme_ib_tdata[35]".
INFO: Added delay primitive from "UA@.kme_tb.kme_dut.kme_ib_tdata[36]" to "QT_smNet363UA@.kme_tb.kme_dut.kme_ib_tdata[36]".
INFO: Added UCDB "input (delay)" logic to "kme_tb.kme_dut.kme_ib_tdata[36]".
INFO: Added delay primitive from "UA@.kme_tb.kme_dut.kme_ib_tdata[37]" to "QT_smNet366UA@.kme_tb.kme_dut.kme_ib_tdata[37]".
INFO: Added UCDB "input (delay)" logic to "kme_tb.kme_dut.kme_ib_tdata[37]".
INFO: Added delay primitive from "UA@.kme_tb.kme_dut.kme_ib_tdata[38]" to "QT_smNet369UA@.kme_tb.kme_dut.kme_ib_tdata[38]".
INFO: Added UCDB "input (delay)" logic to "kme_tb.kme_dut.kme_ib_tdata[38]".
INFO: Added delay primitive from "UA@.kme_tb.kme_dut.kme_ib_tdata[39]" to "QT_smNet372UA@.kme_tb.kme_dut.kme_ib_tdata[39]".
INFO: Added UCDB "input (delay)" logic to "kme_tb.kme_dut.kme_ib_tdata[39]".
INFO: Added delay primitive from "UA@.kme_tb.kme_dut.kme_ib_tdata[3]" to "QT_smNet375UA@.kme_tb.kme_dut.kme_ib_tdata[3]".
INFO: Added UCDB "input (delay)" logic to "kme_tb.kme_dut.kme_ib_tdata[3]".
INFO: Added delay primitive from "UA@.kme_tb.kme_dut.kme_ib_tdata[40]" to "QT_smNet378UA@.kme_tb.kme_dut.kme_ib_tdata[40]".
INFO: Added UCDB "input (delay)" logic to "kme_tb.kme_dut.kme_ib_tdata[40]".
INFO: Added delay primitive from "UA@.kme_tb.kme_dut.kme_ib_tdata[41]" to "QT_smNet381UA@.kme_tb.kme_dut.kme_ib_tdata[41]".
INFO: Added UCDB "input (delay)" logic to "kme_tb.kme_dut.kme_ib_tdata[41]".
INFO: Added delay primitive from "UA@.kme_tb.kme_dut.kme_ib_tdata[42]" to "QT_smNet384UA@.kme_tb.kme_dut.kme_ib_tdata[42]".
INFO: Added UCDB "input (delay)" logic to "kme_tb.kme_dut.kme_ib_tdata[42]".
INFO: Added delay primitive from "UA@.kme_tb.kme_dut.kme_ib_tdata[43]" to "QT_smNet387UA@.kme_tb.kme_dut.kme_ib_tdata[43]".
INFO: Added UCDB "input (delay)" logic to "kme_tb.kme_dut.kme_ib_tdata[43]".
INFO: Added delay primitive from "UA@.kme_tb.kme_dut.kme_ib_tdata[44]" to "QT_smNet390UA@.kme_tb.kme_dut.kme_ib_tdata[44]".
INFO: Added UCDB "input (delay)" logic to "kme_tb.kme_dut.kme_ib_tdata[44]".
INFO: Added delay primitive from "UA@.kme_tb.kme_dut.kme_ib_tdata[45]" to "QT_smNet393UA@.kme_tb.kme_dut.kme_ib_tdata[45]".
INFO: Added UCDB "input (delay)" logic to "kme_tb.kme_dut.kme_ib_tdata[45]".
INFO: Added delay primitive from "UA@.kme_tb.kme_dut.kme_ib_tdata[46]" to "QT_smNet396UA@.kme_tb.kme_dut.kme_ib_tdata[46]".
INFO: Added UCDB "input (delay)" logic to "kme_tb.kme_dut.kme_ib_tdata[46]".
INFO: Added delay primitive from "UA@.kme_tb.kme_dut.kme_ib_tdata[47]" to "QT_smNet399UA@.kme_tb.kme_dut.kme_ib_tdata[47]".
INFO: Added UCDB "input (delay)" logic to "kme_tb.kme_dut.kme_ib_tdata[47]".
INFO: Added delay primitive from "UA@.kme_tb.kme_dut.kme_ib_tdata[48]" to "QT_smNet402UA@.kme_tb.kme_dut.kme_ib_tdata[48]".
INFO: Added UCDB "input (delay)" logic to "kme_tb.kme_dut.kme_ib_tdata[48]".
INFO: Added delay primitive from "UA@.kme_tb.kme_dut.kme_ib_tdata[49]" to "QT_smNet405UA@.kme_tb.kme_dut.kme_ib_tdata[49]".
INFO: Added UCDB "input (delay)" logic to "kme_tb.kme_dut.kme_ib_tdata[49]".
INFO: Added delay primitive from "UA@.kme_tb.kme_dut.kme_ib_tdata[4]" to "QT_smNet408UA@.kme_tb.kme_dut.kme_ib_tdata[4]".
INFO: Added UCDB "input (delay)" logic to "kme_tb.kme_dut.kme_ib_tdata[4]".
INFO: Added delay primitive from "UA@.kme_tb.kme_dut.kme_ib_tdata[50]" to "QT_smNet411UA@.kme_tb.kme_dut.kme_ib_tdata[50]".
INFO: Added UCDB "input (delay)" logic to "kme_tb.kme_dut.kme_ib_tdata[50]".
INFO: Added delay primitive from "UA@.kme_tb.kme_dut.kme_ib_tdata[51]" to "QT_smNet414UA@.kme_tb.kme_dut.kme_ib_tdata[51]".
INFO: Added UCDB "input (delay)" logic to "kme_tb.kme_dut.kme_ib_tdata[51]".
INFO: Added delay primitive from "UA@.kme_tb.kme_dut.kme_ib_tdata[52]" to "QT_smNet417UA@.kme_tb.kme_dut.kme_ib_tdata[52]".
INFO: Added UCDB "input (delay)" logic to "kme_tb.kme_dut.kme_ib_tdata[52]".
INFO: Added delay primitive from "UA@.kme_tb.kme_dut.kme_ib_tdata[53]" to "QT_smNet420UA@.kme_tb.kme_dut.kme_ib_tdata[53]".
INFO: Added UCDB "input (delay)" logic to "kme_tb.kme_dut.kme_ib_tdata[53]".
INFO: Added delay primitive from "UA@.kme_tb.kme_dut.kme_ib_tdata[54]" to "QT_smNet423UA@.kme_tb.kme_dut.kme_ib_tdata[54]".
INFO: Added UCDB "input (delay)" logic to "kme_tb.kme_dut.kme_ib_tdata[54]".
INFO: Added delay primitive from "UA@.kme_tb.kme_dut.kme_ib_tdata[55]" to "QT_smNet426UA@.kme_tb.kme_dut.kme_ib_tdata[55]".
INFO: Added UCDB "input (delay)" logic to "kme_tb.kme_dut.kme_ib_tdata[55]".
INFO: Added delay primitive from "UA@.kme_tb.kme_dut.kme_ib_tdata[56]" to "QT_smNet429UA@.kme_tb.kme_dut.kme_ib_tdata[56]".
INFO: Added UCDB "input (delay)" logic to "kme_tb.kme_dut.kme_ib_tdata[56]".
INFO: Added delay primitive from "UA@.kme_tb.kme_dut.kme_ib_tdata[57]" to "QT_smNet432UA@.kme_tb.kme_dut.kme_ib_tdata[57]".
INFO: Added UCDB "input (delay)" logic to "kme_tb.kme_dut.kme_ib_tdata[57]".
INFO: Added delay primitive from "UA@.kme_tb.kme_dut.kme_ib_tdata[58]" to "QT_smNet435UA@.kme_tb.kme_dut.kme_ib_tdata[58]".
INFO: Added UCDB "input (delay)" logic to "kme_tb.kme_dut.kme_ib_tdata[58]".
INFO: Added delay primitive from "UA@.kme_tb.kme_dut.kme_ib_tdata[59]" to "QT_smNet438UA@.kme_tb.kme_dut.kme_ib_tdata[59]".
INFO: Added UCDB "input (delay)" logic to "kme_tb.kme_dut.kme_ib_tdata[59]".
INFO: Added delay primitive from "UA@.kme_tb.kme_dut.kme_ib_tdata[5]" to "QT_smNet441UA@.kme_tb.kme_dut.kme_ib_tdata[5]".
INFO: Added UCDB "input (delay)" logic to "kme_tb.kme_dut.kme_ib_tdata[5]".
INFO: Added delay primitive from "UA@.kme_tb.kme_dut.kme_ib_tdata[60]" to "QT_smNet444UA@.kme_tb.kme_dut.kme_ib_tdata[60]".
INFO: Added UCDB "input (delay)" logic to "kme_tb.kme_dut.kme_ib_tdata[60]".
INFO: Added delay primitive from "UA@.kme_tb.kme_dut.kme_ib_tdata[61]" to "QT_smNet447UA@.kme_tb.kme_dut.kme_ib_tdata[61]".
INFO: Added UCDB "input (delay)" logic to "kme_tb.kme_dut.kme_ib_tdata[61]".
INFO: Added delay primitive from "UA@.kme_tb.kme_dut.kme_ib_tdata[62]" to "QT_smNet450UA@.kme_tb.kme_dut.kme_ib_tdata[62]".
INFO: Added UCDB "input (delay)" logic to "kme_tb.kme_dut.kme_ib_tdata[62]".
INFO: Added delay primitive from "UA@.kme_tb.kme_dut.kme_ib_tdata[63]" to "QT_smNet453UA@.kme_tb.kme_dut.kme_ib_tdata[63]".
INFO: Added UCDB "input (delay)" logic to "kme_tb.kme_dut.kme_ib_tdata[63]".
INFO: Added delay primitive from "UA@.kme_tb.kme_dut.kme_ib_tdata[6]" to "QT_smNet456UA@.kme_tb.kme_dut.kme_ib_tdata[6]".
INFO: Added UCDB "input (delay)" logic to "kme_tb.kme_dut.kme_ib_tdata[6]".
INFO: Added delay primitive from "UA@.kme_tb.kme_dut.kme_ib_tdata[7]" to "QT_smNet459UA@.kme_tb.kme_dut.kme_ib_tdata[7]".
INFO: Added UCDB "input (delay)" logic to "kme_tb.kme_dut.kme_ib_tdata[7]".
INFO: Added delay primitive from "UA@.kme_tb.kme_dut.kme_ib_tdata[8]" to "QT_smNet462UA@.kme_tb.kme_dut.kme_ib_tdata[8]".
INFO: Added UCDB "input (delay)" logic to "kme_tb.kme_dut.kme_ib_tdata[8]".
INFO: Added delay primitive from "UA@.kme_tb.kme_dut.kme_ib_tdata[9]" to "QT_smNet465UA@.kme_tb.kme_dut.kme_ib_tdata[9]".
INFO: Added UCDB "input (delay)" logic to "kme_tb.kme_dut.kme_ib_tdata[9]".
INFO: Added delay primitive from "UA@.kme_tb.kme_dut.kme_ib_tid[0]" to "QT_smNet468UA@.kme_tb.kme_dut.kme_ib_tid[0]".
INFO: Added UCDB "input (delay)" logic to "kme_tb.kme_dut.kme_ib_tid[0]".
INFO: Added delay primitive from "UA@.kme_tb.kme_dut.kme_ib_tlast" to "QT_smNet471UA@.kme_tb.kme_dut.kme_ib_tlast".
INFO: Added UCDB "input (delay)" logic to "kme_tb.kme_dut.kme_ib_tlast".
INFO: Added delay primitive from "UA@.kme_tb.kme_dut.kme_ib_tstrb[0]" to "QT_smNet474UA@.kme_tb.kme_dut.kme_ib_tstrb[0]".
INFO: Added UCDB "input (delay)" logic to "kme_tb.kme_dut.kme_ib_tstrb[0]".
INFO: Added delay primitive from "UA@.kme_tb.kme_dut.kme_ib_tstrb[1]" to "QT_smNet477UA@.kme_tb.kme_dut.kme_ib_tstrb[1]".
INFO: Added UCDB "input (delay)" logic to "kme_tb.kme_dut.kme_ib_tstrb[1]".
INFO: Added delay primitive from "UA@.kme_tb.kme_dut.kme_ib_tstrb[2]" to "QT_smNet480UA@.kme_tb.kme_dut.kme_ib_tstrb[2]".
INFO: Added UCDB "input (delay)" logic to "kme_tb.kme_dut.kme_ib_tstrb[2]".
INFO: Added delay primitive from "UA@.kme_tb.kme_dut.kme_ib_tstrb[3]" to "QT_smNet483UA@.kme_tb.kme_dut.kme_ib_tstrb[3]".
INFO: Added UCDB "input (delay)" logic to "kme_tb.kme_dut.kme_ib_tstrb[3]".
INFO: Added delay primitive from "UA@.kme_tb.kme_dut.kme_ib_tstrb[4]" to "QT_smNet486UA@.kme_tb.kme_dut.kme_ib_tstrb[4]".
INFO: Added UCDB "input (delay)" logic to "kme_tb.kme_dut.kme_ib_tstrb[4]".
INFO: Added delay primitive from "UA@.kme_tb.kme_dut.kme_ib_tstrb[5]" to "QT_smNet489UA@.kme_tb.kme_dut.kme_ib_tstrb[5]".
INFO: Added UCDB "input (delay)" logic to "kme_tb.kme_dut.kme_ib_tstrb[5]".
INFO: Added delay primitive from "UA@.kme_tb.kme_dut.kme_ib_tstrb[6]" to "QT_smNet492UA@.kme_tb.kme_dut.kme_ib_tstrb[6]".
INFO: Added UCDB "input (delay)" logic to "kme_tb.kme_dut.kme_ib_tstrb[6]".
INFO: Added delay primitive from "UA@.kme_tb.kme_dut.kme_ib_tstrb[7]" to "QT_smNet495UA@.kme_tb.kme_dut.kme_ib_tstrb[7]".
INFO: Added UCDB "input (delay)" logic to "kme_tb.kme_dut.kme_ib_tstrb[7]".
INFO: Added delay primitive from "UA@.kme_tb.kme_dut.kme_ib_tuser[0]" to "QT_smNet498UA@.kme_tb.kme_dut.kme_ib_tuser[0]".
INFO: Added UCDB "input (delay)" logic to "kme_tb.kme_dut.kme_ib_tuser[0]".
INFO: Added delay primitive from "UA@.kme_tb.kme_dut.kme_ib_tuser[1]" to "QT_smNet501UA@.kme_tb.kme_dut.kme_ib_tuser[1]".
INFO: Added UCDB "input (delay)" logic to "kme_tb.kme_dut.kme_ib_tuser[1]".
INFO: Added delay primitive from "UA@.kme_tb.kme_dut.kme_ib_tuser[2]" to "QT_smNet504UA@.kme_tb.kme_dut.kme_ib_tuser[2]".
INFO: Added UCDB "input (delay)" logic to "kme_tb.kme_dut.kme_ib_tuser[2]".
INFO: Added delay primitive from "UA@.kme_tb.kme_dut.kme_ib_tuser[3]" to "QT_smNet507UA@.kme_tb.kme_dut.kme_ib_tuser[3]".
INFO: Added UCDB "input (delay)" logic to "kme_tb.kme_dut.kme_ib_tuser[3]".
INFO: Added delay primitive from "UA@.kme_tb.kme_dut.kme_ib_tuser[4]" to "QT_smNet510UA@.kme_tb.kme_dut.kme_ib_tuser[4]".
INFO: Added UCDB "input (delay)" logic to "kme_tb.kme_dut.kme_ib_tuser[4]".
INFO: Added delay primitive from "UA@.kme_tb.kme_dut.kme_ib_tuser[5]" to "QT_smNet513UA@.kme_tb.kme_dut.kme_ib_tuser[5]".
INFO: Added UCDB "input (delay)" logic to "kme_tb.kme_dut.kme_ib_tuser[5]".
INFO: Added delay primitive from "UA@.kme_tb.kme_dut.kme_ib_tuser[6]" to "QT_smNet516UA@.kme_tb.kme_dut.kme_ib_tuser[6]".
INFO: Added UCDB "input (delay)" logic to "kme_tb.kme_dut.kme_ib_tuser[6]".
INFO: Added delay primitive from "UA@.kme_tb.kme_dut.kme_ib_tuser[7]" to "QT_smNet519UA@.kme_tb.kme_dut.kme_ib_tuser[7]".
INFO: Added UCDB "input (delay)" logic to "kme_tb.kme_dut.kme_ib_tuser[7]".
INFO: Added delay primitive from "UA@.kme_tb.kme_dut.kme_ib_tvalid" to "QT_smNet522UA@.kme_tb.kme_dut.kme_ib_tvalid".
INFO: Added UCDB "input (delay)" logic to "kme_tb.kme_dut.kme_ib_tvalid".
INFO: Added delay primitive from "UA@.kme_tb.kme_dut.rst_n" to "QT_smNet525UA@.kme_tb.kme_dut.rst_n".
INFO: Added UCDB "input (delay)" logic to "kme_tb.kme_dut.rst_n".
INFO: Added delay primitive from "UA@.kme_tb.kme_dut.scan_mode" to "QT_smNet528UA@.kme_tb.kme_dut.scan_mode".
INFO: Added UCDB "input (delay)" logic to "kme_tb.kme_dut.scan_mode".
INFO: Added delay primitive from "UA@.kme_tb.kme_dut.scan_rst_n" to "QT_smNet531UA@.kme_tb.kme_dut.scan_rst_n".
INFO: Added UCDB "input (delay)" logic to "kme_tb.kme_dut.scan_rst_n".
INFO: Added UCDB "input (no delay)" logic to "xc_top.callEmuPI".
INFO: Added UCDB "input (no delay)" logic to "xc_top.ckgHoldPI".
INFO: Added UCDB "input (no delay)" logic to "xc_top.evalStepPI[0]".
INFO: Added UCDB "input (no delay)" logic to "xc_top.evalStepPI[10]".
INFO: Added UCDB "input (no delay)" logic to "xc_top.evalStepPI[11]".
INFO: Added UCDB "input (no delay)" logic to "xc_top.evalStepPI[12]".
INFO: Added UCDB "input (no delay)" logic to "xc_top.evalStepPI[13]".
INFO: Added UCDB "input (no delay)" logic to "xc_top.evalStepPI[14]".
INFO: Added UCDB "input (no delay)" logic to "xc_top.evalStepPI[15]".
INFO: Added UCDB "input (no delay)" logic to "xc_top.evalStepPI[16]".
INFO: Added UCDB "input (no delay)" logic to "xc_top.evalStepPI[17]".
INFO: Added UCDB "input (no delay)" logic to "xc_top.evalStepPI[18]".
INFO: Added UCDB "input (no delay)" logic to "xc_top.evalStepPI[19]".
INFO: Added UCDB "input (no delay)" logic to "xc_top.evalStepPI[1]".
INFO: Added UCDB "input (no delay)" logic to "xc_top.evalStepPI[20]".
INFO: Added UCDB "input (no delay)" logic to "xc_top.evalStepPI[21]".
INFO: Added UCDB "input (no delay)" logic to "xc_top.evalStepPI[22]".
INFO: Added UCDB "input (no delay)" logic to "xc_top.evalStepPI[23]".
INFO: Added UCDB "input (no delay)" logic to "xc_top.evalStepPI[24]".
INFO: Added UCDB "input (no delay)" logic to "xc_top.evalStepPI[25]".
INFO: Added UCDB "input (no delay)" logic to "xc_top.evalStepPI[26]".
INFO: Added UCDB "input (no delay)" logic to "xc_top.evalStepPI[27]".
INFO: Added UCDB "input (no delay)" logic to "xc_top.evalStepPI[28]".
INFO: Added UCDB "input (no delay)" logic to "xc_top.evalStepPI[29]".
INFO: Added UCDB "input (no delay)" logic to "xc_top.evalStepPI[2]".
INFO: Added UCDB "input (no delay)" logic to "xc_top.evalStepPI[30]".
INFO: Added UCDB "input (no delay)" logic to "xc_top.evalStepPI[31]".
INFO: Added UCDB "input (no delay)" logic to "xc_top.evalStepPI[32]".
INFO: Added UCDB "input (no delay)" logic to "xc_top.evalStepPI[33]".
INFO: Added UCDB "input (no delay)" logic to "xc_top.evalStepPI[34]".
INFO: Added UCDB "input (no delay)" logic to "xc_top.evalStepPI[35]".
INFO: Added UCDB "input (no delay)" logic to "xc_top.evalStepPI[36]".
INFO: Added UCDB "input (no delay)" logic to "xc_top.evalStepPI[37]".
INFO: Added UCDB "input (no delay)" logic to "xc_top.evalStepPI[38]".
INFO: Added UCDB "input (no delay)" logic to "xc_top.evalStepPI[39]".
INFO: Added UCDB "input (no delay)" logic to "xc_top.evalStepPI[3]".
INFO: Added UCDB "input (no delay)" logic to "xc_top.evalStepPI[40]".
INFO: Added UCDB "input (no delay)" logic to "xc_top.evalStepPI[41]".
INFO: Added UCDB "input (no delay)" logic to "xc_top.evalStepPI[42]".
INFO: Added UCDB "input (no delay)" logic to "xc_top.evalStepPI[43]".
INFO: Added UCDB "input (no delay)" logic to "xc_top.evalStepPI[44]".
INFO: Added UCDB "input (no delay)" logic to "xc_top.evalStepPI[45]".
INFO: Added UCDB "input (no delay)" logic to "xc_top.evalStepPI[46]".
INFO: Added UCDB "input (no delay)" logic to "xc_top.evalStepPI[47]".
INFO: Added UCDB "input (no delay)" logic to "xc_top.evalStepPI[48]".
INFO: Added UCDB "input (no delay)" logic to "xc_top.evalStepPI[49]".
INFO: Added UCDB "input (no delay)" logic to "xc_top.evalStepPI[4]".
INFO: Added UCDB "input (no delay)" logic to "xc_top.evalStepPI[50]".
INFO: Added UCDB "input (no delay)" logic to "xc_top.evalStepPI[51]".
INFO: Added UCDB "input (no delay)" logic to "xc_top.evalStepPI[52]".
INFO: Added UCDB "input (no delay)" logic to "xc_top.evalStepPI[53]".
INFO: Added UCDB "input (no delay)" logic to "xc_top.evalStepPI[54]".
INFO: Added UCDB "input (no delay)" logic to "xc_top.evalStepPI[55]".
INFO: Added UCDB "input (no delay)" logic to "xc_top.evalStepPI[56]".
INFO: Added UCDB "input (no delay)" logic to "xc_top.evalStepPI[57]".
INFO: Added UCDB "input (no delay)" logic to "xc_top.evalStepPI[58]".
INFO: Added UCDB "input (no delay)" logic to "xc_top.evalStepPI[59]".
INFO: Added UCDB "input (no delay)" logic to "xc_top.evalStepPI[5]".
INFO: Added UCDB "input (no delay)" logic to "xc_top.evalStepPI[60]".
INFO: Added UCDB "input (no delay)" logic to "xc_top.evalStepPI[61]".
INFO: Added UCDB "input (no delay)" logic to "xc_top.evalStepPI[62]".
INFO: Added UCDB "input (no delay)" logic to "xc_top.evalStepPI[63]".
INFO: Added UCDB "input (no delay)" logic to "xc_top.evalStepPI[6]".
INFO: Added UCDB "input (no delay)" logic to "xc_top.evalStepPI[7]".
INFO: Added UCDB "input (no delay)" logic to "xc_top.evalStepPI[8]".
INFO: Added UCDB "input (no delay)" logic to "xc_top.evalStepPI[9]".
INFO: Added UCDB "input (no delay)" logic to "xc_top.noOutputPI".
INFO: Added UCDB "input (no delay)" logic to "xc_top.oneStepPI".
INFO: Added UCDB "input (no delay)" logic to "xc_top.stopEmuPI".
INFO: Added UCDB "input (no delay)" logic to "xc_top.tbcHoldPI".
Warning #100003: Net kme_tb.kme_dut.u_cr_kme_regfile.blkid_revid_config[0] has no source.
Warning #100003: Net kme_tb.kme_dut.u_cr_kme_regfile.blkid_revid_config[1] has no source.
Warning #100003: Net kme_tb.kme_dut.u_cr_kme_regfile.blkid_revid_config[2] has no source.
Warning #100003: Net kme_tb.kme_dut.u_cr_kme_regfile.blkid_revid_config[3] has no source.
Warning #100003: Net kme_tb.kme_dut.u_cr_kme_regfile.blkid_revid_config[4] has no source.
Warning #100003: Net kme_tb.kme_dut.u_cr_kme_regfile.blkid_revid_config[5] has no source.
Warning #100003: Net kme_tb.kme_dut.u_cr_kme_regfile.blkid_revid_config[6] has no source.
Warning #100003: Net kme_tb.kme_dut.u_cr_kme_regfile.blkid_revid_config[7] has no source.
Warning #100003: Net kme_tb.kme_dut.u_cr_kme_regfile.revid_wire[0] has no source.
Warning #100003: Net kme_tb.kme_dut.u_cr_kme_regfile.revid_wire[1] has no source.
Warning #100003: Net kme_tb.kme_dut.u_cr_kme_regfile.revid_wire[2] has no source.
Warning #100003: Net kme_tb.kme_dut.u_cr_kme_regfile.revid_wire[3] has no source.
Warning #100003: Net kme_tb.kme_dut.u_cr_kme_regfile.revid_wire[4] has no source.
Warning #100003: Net kme_tb.kme_dut.u_cr_kme_regfile.revid_wire[5] has no source.
Warning #100003: Net kme_tb.kme_dut.u_cr_kme_regfile.revid_wire[6] has no source.
Warning #100003: Net kme_tb.kme_dut.u_cr_kme_regfile.revid_wire[7] has no source.
Warning #100003: Net kme_tb.kme_dut.kme_cceip1_ob_in[0] has no source.
Warning #100003: Net kme_tb.kme_dut.kme_cceip2_ob_in[0] has no source.
Warning #100003: Net kme_tb.kme_dut.kme_cceip3_ob_in[0] has no source.
Warning #100003: Net kme_tb.kme_dut.kme_cddip0_ob_in[0] has no source.
Warning #100003: Net kme_tb.kme_dut.kme_cddip1_ob_in[0] has no source.
Warning #100003: Net kme_tb.kme_dut.kme_cddip2_ob_in[0] has no source.
Warning #100003: Net kme_tb.kme_dut.kme_cddip3_ob_in[0] has no source.
Warning #100003: Net kme_tb.kme_dut.set_rsm_is_backpressuring[1] has no source.
Warning #100003: Net kme_tb.kme_dut.set_rsm_is_backpressuring[2] has no source.
Warning #100003: Net kme_tb.kme_dut.set_rsm_is_backpressuring[3] has no source.
Warning #100003: Net kme_tb.kme_dut.u_cr_kme_core.\kme_is_core.cceip_ob_full [1] has no source.
Warning #100003: Net kme_tb.kme_dut.u_cr_kme_core.\kme_is_core.cceip_ob_full [2] has no source.
Warning #100003: Net kme_tb.kme_dut.u_cr_kme_core.\kme_is_core.cceip_ob_full [3] has no source.
Warning #100003: Net IXC_GFIFO.DUMMY.cRet[16] has no source.
Warning #100003: Net IXC_GFIFO.DUMMY.cRet[17] has no source.
Warning #100003: Net IXC_GFIFO.DUMMY.cRet[18] has no source.
Warning #100003: Net IXC_GFIFO.DUMMY.cRet[19] has no source.
Warning #100003: Net IXC_GFIFO.DUMMY.cRet[20] has no source.
Warning #100003: Net IXC_GFIFO.DUMMY.cRet[21] has no source.
Warning #100003: Net IXC_GFIFO.DUMMY.cRet[22] has no source.
Warning #100003: Net IXC_GFIFO.DUMMY.cRet[23] has no source.
Warning #100003: Net IXC_GFIFO.DUMMY.cRet[24] has no source.
Warning #100003: Net IXC_GFIFO.DUMMY.cRet[25] has no source.
Warning #100003: Net IXC_GFIFO.DUMMY.cRet[26] has no source.
Warning #100003: Net IXC_GFIFO.DUMMY.cRet[27] has no source.
Warning #100003: Net IXC_GFIFO.DUMMY.cRet[28] has no source.
Warning #100003: Net IXC_GFIFO.DUMMY.cRet[29] has no source.
Warning #100003: Net IXC_GFIFO.DUMMY.cRet[30] has no source.
Warning #100003: Net IXC_GFIFO.DUMMY.cRet[31] has no source.
Warning #100003: Net IXC_GFIFO.DUMMY.cRet[32] has no source.
Warning #100003: Net IXC_GFIFO.DUMMY.cRet[33] has no source.
Warning #100003: Net IXC_GFIFO.DUMMY.cRet[34] has no source.
Warning #100003: Net IXC_GFIFO.DUMMY.cRet[35] has no source.
Warning #100003: Net IXC_GFIFO.DUMMY.cRet[36] has no source.
Warning #100003: Net IXC_GFIFO.DUMMY.cRet[37] has no source.
Warning #100003: Net IXC_GFIFO.DUMMY.cRet[38] has no source.
Warning #100003: Net IXC_GFIFO.DUMMY.cRet[39] has no source.
Warning #100003: Net IXC_GFIFO.DUMMY.cRet[3] has no source.
Warning #100003: Net IXC_GFIFO.DUMMY.cRet[40] has no source.
Warning #100003: Net IXC_GFIFO.DUMMY.cRet[41] has no source.
Warning #100003: Net IXC_GFIFO.DUMMY.cRet[42] has no source.
Warning #100003: Net IXC_GFIFO.DUMMY.cRet[43] has no source.
Warning #100003: Net IXC_GFIFO.DUMMY.cRet[44] has no source.
Warning #100003: Net IXC_GFIFO.DUMMY.cRet[45] has no source.
Warning #100003: Net IXC_GFIFO.DUMMY.cRet[46] has no source.
Warning #100003: Net IXC_GFIFO.DUMMY.cRet[47] has no source.
Warning #100003: Net IXC_GFIFO.DUMMY.cRet[48] has no source.
Warning #100003: Net IXC_GFIFO.DUMMY.cRet[49] has no source.
Warning #100003: Net IXC_GFIFO.DUMMY.cRet[4] has no source.
Warning #100003: Net IXC_GFIFO.DUMMY.cRet[50] has no source.
Warning #100003: Net IXC_GFIFO.DUMMY.cRet[51] has no source.
Warning #100003: Net IXC_GFIFO.DUMMY.cRet[52] has no source.
Warning #100003: Net IXC_GFIFO.DUMMY.cRet[53] has no source.
Warning #100003: Net IXC_GFIFO.DUMMY.cRet[54] has no source.
Warning #100003: Net IXC_GFIFO.DUMMY.cRet[55] has no source.
Warning #100003: Net IXC_GFIFO.DUMMY.cRet[56] has no source.
Warning #100003: Net IXC_GFIFO.DUMMY.cRet[57] has no source.
Warning #100003: Net IXC_GFIFO.DUMMY.cRet[58] has no source.
Warning #100003: Net IXC_GFIFO.DUMMY.cRet[59] has no source.
Warning #100003: Net IXC_GFIFO.DUMMY.cRet[5] has no source.
Warning #100003: Net IXC_GFIFO.DUMMY.cRet[60] has no source.
Warning #100003: Net IXC_GFIFO.DUMMY.cRet[61] has no source.
Warning #100003: Net IXC_GFIFO.DUMMY.cRet[62] has no source.
Warning #100003: Net IXC_GFIFO.DUMMY.cRet[63] has no source.
Warning #100003: Net IXC_GFIFO.DUMMY.cRet[6] has no source.
Warning #100003: Net IXC_GFIFO.DUMMY.cRet[7] has no source.
Warning #100003: Net IXC_GFIFO.DUMMY.ctrlW[16] has no source.
Warning #100003: Net IXC_GFIFO.DUMMY.ctrlW[17] has no source.
Warning #100003: Net IXC_GFIFO.DUMMY.ctrlW[18] has no source.
Warning #100003: Net IXC_GFIFO.DUMMY.ctrlW[192] has no source.
Warning #100003: Net IXC_GFIFO.DUMMY.ctrlW[193] has no source.
Warning #100003: Net IXC_GFIFO.DUMMY.ctrlW[194] has no source.
Warning #100003: Net IXC_GFIFO.DUMMY.ctrlW[195] has no source.
Warning #100003: Net IXC_GFIFO.DUMMY.ctrlW[196] has no source.
Warning #100003: Net IXC_GFIFO.DUMMY.ctrlW[197] has no source.
Warning #100003: Net IXC_GFIFO.DUMMY.ctrlW[198] has no source.
Warning #100003: Net IXC_GFIFO.DUMMY.ctrlW[199] has no source.
Warning #100003: Net IXC_GFIFO.DUMMY.ctrlW[19] has no source.
Warning #100003: Net IXC_GFIFO.DUMMY.ctrlW[200] has no source.
Warning #100003: Net IXC_GFIFO.DUMMY.ctrlW[201] has no source.
Warning #100003: Net IXC_GFIFO.DUMMY.ctrlW[202] has no source.
Warning #100003: Net IXC_GFIFO.DUMMY.ctrlW[203] has no source.
Warning #100003: Net IXC_GFIFO.DUMMY.ctrlW[204] has no source.
Warning #100003: Net IXC_GFIFO.DUMMY.ctrlW[205] has no source.
Warning #100003: Net IXC_GFIFO.DUMMY.ctrlW[206] has no source.
Warning #100003: Net IXC_GFIFO.DUMMY.ctrlW[207] has no source.
Warning #100003: Net IXC_GFIFO.DUMMY.ctrlW[208] has no source.
Warning #100003: Net IXC_GFIFO.DUMMY.ctrlW[209] has no source.
Warning #100003: Net IXC_GFIFO.DUMMY.ctrlW[20] has no source.
Warning #100003: Net IXC_GFIFO.DUMMY.ctrlW[210] has no source.
Warning #100003: Net IXC_GFIFO.DUMMY.ctrlW[211] has no source.
Warning #100003: Net IXC_GFIFO.DUMMY.ctrlW[212] has no source.
Warning #100003: Net IXC_GFIFO.DUMMY.ctrlW[213] has no source.
Warning #100003: Net IXC_GFIFO.DUMMY.ctrlW[214] has no source.
Warning #100003: Net IXC_GFIFO.DUMMY.ctrlW[215] has no source.
Warning #100003: Net IXC_GFIFO.DUMMY.ctrlW[216] has no source.
Warning #100003: Net IXC_GFIFO.DUMMY.ctrlW[217] has no source.
Warning #100003: Net IXC_GFIFO.DUMMY.ctrlW[218] has no source.
Warning #100003: Net IXC_GFIFO.DUMMY.ctrlW[219] has no source.
Warning #100003: Net IXC_GFIFO.DUMMY.ctrlW[21] has no source.
Warning #100003: Net IXC_GFIFO.DUMMY.ctrlW[220] has no source.
Warning #100003: Net IXC_GFIFO.DUMMY.ctrlW[221] has no source.
Warning #100003: Net IXC_GFIFO.DUMMY.ctrlW[222] has no source.
Warning #100003: Net IXC_GFIFO.DUMMY.ctrlW[223] has no source.
Warning #100003: Net IXC_GFIFO.DUMMY.ctrlW[224] has no source.
Warning #100003: Net IXC_GFIFO.DUMMY.ctrlW[225] has no source.
Warning #100003: Net IXC_GFIFO.DUMMY.ctrlW[226] has no source.
Warning #100003: Net IXC_GFIFO.DUMMY.ctrlW[227] has no source.
Warning #100003: Net IXC_GFIFO.DUMMY.ctrlW[228] has no source.
Warning #100003: Net IXC_GFIFO.DUMMY.ctrlW[229] has no source.
Warning #100003: Net IXC_GFIFO.DUMMY.ctrlW[22] has no source.
Warning #100003: Net IXC_GFIFO.DUMMY.ctrlW[230] has no source.
Warning #100003: Net IXC_GFIFO.DUMMY.ctrlW[231] has no source.
Warning #100003: Net IXC_GFIFO.DUMMY.ctrlW[232] has no source.
Warning #100003: Net IXC_GFIFO.DUMMY.ctrlW[233] has no source.
Warning #100003: Net IXC_GFIFO.DUMMY.ctrlW[234] has no source.
Warning #100003: Net IXC_GFIFO.DUMMY.ctrlW[235] has no source.
Warning #100003: Net IXC_GFIFO.DUMMY.ctrlW[236] has no source.
Warning #100003: Net IXC_GFIFO.DUMMY.ctrlW[237] has no source.
Warning #100003: Net IXC_GFIFO.DUMMY.ctrlW[238] has no source.
Warning #100003: Net IXC_GFIFO.DUMMY.ctrlW[239] has no source.
Warning #100003: Net IXC_GFIFO.DUMMY.ctrlW[23] has no source.
Warning #100003: Net IXC_GFIFO.DUMMY.ctrlW[240] has no source.
Warning #100003: Net IXC_GFIFO.DUMMY.ctrlW[241] has no source.
Warning #100003: Net IXC_GFIFO.DUMMY.ctrlW[242] has no source.
Warning #100003: Net IXC_GFIFO.DUMMY.ctrlW[243] has no source.
Warning #100003: Net IXC_GFIFO.DUMMY.ctrlW[244] has no source.
Warning #100003: Net IXC_GFIFO.DUMMY.ctrlW[245] has no source.
Warning #100003: Net IXC_GFIFO.DUMMY.ctrlW[246] has no source.
Warning #100003: Net IXC_GFIFO.DUMMY.ctrlW[247] has no source.
Warning #100003: Net IXC_GFIFO.DUMMY.ctrlW[248] has no source.
Warning #100003: Net IXC_GFIFO.DUMMY.ctrlW[249] has no source.
Warning #100003: Net IXC_GFIFO.DUMMY.ctrlW[24] has no source.
Warning #100003: Net IXC_GFIFO.DUMMY.ctrlW[250] has no source.
Warning #100003: Net IXC_GFIFO.DUMMY.ctrlW[251] has no source.
Warning #100003: Net IXC_GFIFO.DUMMY.ctrlW[252] has no source.
Warning #100003: Net IXC_GFIFO.DUMMY.ctrlW[253] has no source.
Warning #100003: Net IXC_GFIFO.DUMMY.ctrlW[254] has no source.
Warning #100003: Net IXC_GFIFO.DUMMY.ctrlW[255] has no source.
Warning #100003: Net IXC_GFIFO.DUMMY.ctrlW[25] has no source.
Warning #100003: Net IXC_GFIFO.DUMMY.ctrlW[26] has no source.
Warning #100003: Net IXC_GFIFO.DUMMY.ctrlW[27] has no source.
Warning #100003: Net IXC_GFIFO.DUMMY.ctrlW[28] has no source.
Warning #100003: Net IXC_GFIFO.DUMMY.ctrlW[29] has no source.
Warning #100003: Net IXC_GFIFO.DUMMY.ctrlW[30] has no source.
Warning #100003: Net IXC_GFIFO.DUMMY.ctrlW[31] has no source.
Warning #100003: Net IXC_GFIFO.DUMMY.ctrlW[32] has no source.
Warning #100003: Net IXC_GFIFO.DUMMY.ctrlW[33] has no source.
Warning #100003: Net IXC_GFIFO.DUMMY.ctrlW[34] has no source.
Warning #100003: Net IXC_GFIFO.DUMMY.ctrlW[35] has no source.
Warning #100003: Net IXC_GFIFO.DUMMY.ctrlW[36] has no source.
Warning #100003: Net IXC_GFIFO.DUMMY.ctrlW[37] has no source.
Warning #100003: Net IXC_GFIFO.DUMMY.ctrlW[38] has no source.
Warning #100003: Net IXC_GFIFO.DUMMY.ctrlW[39] has no source.
Warning #100003: Net IXC_GFIFO.DUMMY.ctrlW[3] has no source.
Warning #100003: Net IXC_GFIFO.DUMMY.ctrlW[40] has no source.
Warning #100003: Net IXC_GFIFO.DUMMY.ctrlW[41] has no source.
Warning #100003: Net IXC_GFIFO.DUMMY.ctrlW[42] has no source.
Warning #100003: Net IXC_GFIFO.DUMMY.ctrlW[43] has no source.
Warning #100003: Net IXC_GFIFO.DUMMY.ctrlW[44] has no source.
Warning #100003: Net IXC_GFIFO.DUMMY.ctrlW[45] has no source.
Warning #100003: Net IXC_GFIFO.DUMMY.ctrlW[46] has no source.
Warning #100003: Net IXC_GFIFO.DUMMY.ctrlW[47] has no source.
Warning #100003: Net IXC_GFIFO.DUMMY.ctrlW[48] has no source.
Warning #100003: Net IXC_GFIFO.DUMMY.ctrlW[49] has no source.
Warning #100003: Net IXC_GFIFO.DUMMY.ctrlW[4] has no source.
Warning #100003: Net IXC_GFIFO.DUMMY.ctrlW[50] has no source.
Warning #100003: Net IXC_GFIFO.DUMMY.ctrlW[51] has no source.
Warning #100003: Net IXC_GFIFO.DUMMY.ctrlW[52] has no source.
Warning #100003: Net IXC_GFIFO.DUMMY.ctrlW[53] has no source.
Warning #100003: Net IXC_GFIFO.DUMMY.ctrlW[54] has no source.
Warning #100003: Net IXC_GFIFO.DUMMY.ctrlW[55] has no source.
Warning #100003: Net IXC_GFIFO.DUMMY.ctrlW[56] has no source.
Warning #100003: Net IXC_GFIFO.DUMMY.ctrlW[57] has no source.
Warning #100003: Net IXC_GFIFO.DUMMY.ctrlW[58] has no source.
Warning #100003: Net IXC_GFIFO.DUMMY.ctrlW[59] has no source.
Warning #100003: Net IXC_GFIFO.DUMMY.ctrlW[5] has no source.
Warning #100003: Net IXC_GFIFO.DUMMY.ctrlW[60] has no source.
Warning #100003: Net IXC_GFIFO.DUMMY.ctrlW[61] has no source.
Warning #100003: Net IXC_GFIFO.DUMMY.ctrlW[62] has no source.
Warning #100003: Net IXC_GFIFO.DUMMY.ctrlW[63] has no source.
Warning #100003: Net IXC_GFIFO.DUMMY.ctrlW[6] has no source.
Warning #100003: Net IXC_GFIFO.DUMMY.ctrlW[7] has no source.
Warning #100003: Net IXC_GFIFO.HOLDTOP.cRet[16] has no source.
Warning #100003: Net IXC_GFIFO.HOLDTOP.cRet[17] has no source.
Warning #100003: Net IXC_GFIFO.HOLDTOP.cRet[18] has no source.
Warning #100003: Net IXC_GFIFO.HOLDTOP.cRet[19] has no source.
Warning #100003: Net IXC_GFIFO.HOLDTOP.cRet[20] has no source.
Warning #100003: Net IXC_GFIFO.HOLDTOP.cRet[21] has no source.
Warning #100003: Net IXC_GFIFO.HOLDTOP.cRet[22] has no source.
Warning #100003: Net IXC_GFIFO.HOLDTOP.cRet[23] has no source.
Warning #100003: Net IXC_GFIFO.HOLDTOP.cRet[24] has no source.
Warning #100003: Net IXC_GFIFO.HOLDTOP.cRet[25] has no source.
Warning #100003: Net IXC_GFIFO.HOLDTOP.cRet[26] has no source.
Warning #100003: Net IXC_GFIFO.HOLDTOP.cRet[27] has no source.
Warning #100003: Net IXC_GFIFO.HOLDTOP.cRet[28] has no source.
Warning #100003: Net IXC_GFIFO.HOLDTOP.cRet[29] has no source.
Warning #100003: Net IXC_GFIFO.HOLDTOP.cRet[30] has no source.
Warning #100003: Net IXC_GFIFO.HOLDTOP.cRet[31] has no source.
Warning #100003: Net IXC_GFIFO.HOLDTOP.cRet[32] has no source.
Warning #100003: Net IXC_GFIFO.HOLDTOP.cRet[33] has no source.
Warning #100003: Net IXC_GFIFO.HOLDTOP.cRet[34] has no source.
Warning #100003: Net IXC_GFIFO.HOLDTOP.cRet[35] has no source.
Warning #100003: Net IXC_GFIFO.HOLDTOP.cRet[36] has no source.
Warning #100003: Net IXC_GFIFO.HOLDTOP.cRet[37] has no source.
Warning #100003: Net IXC_GFIFO.HOLDTOP.cRet[38] has no source.
Warning #100003: Net IXC_GFIFO.HOLDTOP.cRet[39] has no source.
Warning #100003: Net IXC_GFIFO.HOLDTOP.cRet[40] has no source.
Warning #100003: Net IXC_GFIFO.HOLDTOP.cRet[41] has no source.
Warning #100003: Net IXC_GFIFO.HOLDTOP.cRet[42] has no source.
Warning #100003: Net IXC_GFIFO.HOLDTOP.cRet[43] has no source.
Warning #100003: Net IXC_GFIFO.HOLDTOP.cRet[44] has no source.
Warning #100003: Net IXC_GFIFO.HOLDTOP.cRet[45] has no source.
Warning #100003: Net IXC_GFIFO.HOLDTOP.cRet[46] has no source.
Warning #100003: Net IXC_GFIFO.HOLDTOP.cRet[47] has no source.
Warning #100003: Net IXC_GFIFO.HOLDTOP.cRet[48] has no source.
Warning #100003: Net IXC_GFIFO.HOLDTOP.cRet[49] has no source.
Warning #100003: Net IXC_GFIFO.HOLDTOP.cRet[4] has no source.
Warning #100003: Net IXC_GFIFO.HOLDTOP.cRet[50] has no source.
Warning #100003: Net IXC_GFIFO.HOLDTOP.cRet[51] has no source.
Warning #100003: Net IXC_GFIFO.HOLDTOP.cRet[52] has no source.
Warning #100003: Net IXC_GFIFO.HOLDTOP.cRet[53] has no source.
Warning #100003: Net IXC_GFIFO.HOLDTOP.cRet[54] has no source.
Warning #100003: Net IXC_GFIFO.HOLDTOP.cRet[55] has no source.
Warning #100003: Net IXC_GFIFO.HOLDTOP.cRet[56] has no source.
Warning #100003: Net IXC_GFIFO.HOLDTOP.cRet[57] has no source.
Warning #100003: Net IXC_GFIFO.HOLDTOP.cRet[58] has no source.
Warning #100003: Net IXC_GFIFO.HOLDTOP.cRet[59] has no source.
Warning #100003: Net IXC_GFIFO.HOLDTOP.cRet[5] has no source.
Warning #100003: Net IXC_GFIFO.HOLDTOP.cRet[60] has no source.
Warning #100003: Net IXC_GFIFO.HOLDTOP.cRet[61] has no source.
Warning #100003: Net IXC_GFIFO.HOLDTOP.cRet[62] has no source.
Warning #100003: Net IXC_GFIFO.HOLDTOP.cRet[63] has no source.
Warning #100003: Net IXC_GFIFO.HOLDTOP.cRet[6] has no source.
Warning #100003: Net IXC_GFIFO.HOLDTOP.cRet[7] has no source.
Warning #100003: Net IXC_GFIFO.HOLDTOP.ctrlW[16] has no source.
Warning #100003: Net IXC_GFIFO.HOLDTOP.ctrlW[17] has no source.
Warning #100003: Net IXC_GFIFO.HOLDTOP.ctrlW[18] has no source.
Warning #100003: Net IXC_GFIFO.HOLDTOP.ctrlW[19] has no source.
Warning #100003: Net IXC_GFIFO.HOLDTOP.ctrlW[20] has no source.
Warning #100003: Net IXC_GFIFO.HOLDTOP.ctrlW[21] has no source.
Warning #100003: Net IXC_GFIFO.HOLDTOP.ctrlW[22] has no source.
Warning #100003: Net IXC_GFIFO.HOLDTOP.ctrlW[23] has no source.
Warning #100003: Net IXC_GFIFO.HOLDTOP.ctrlW[24] has no source.
Warning #100003: Net IXC_GFIFO.HOLDTOP.ctrlW[25] has no source.
Warning #100003: Net IXC_GFIFO.HOLDTOP.ctrlW[26] has no source.
Warning #100003: Net IXC_GFIFO.HOLDTOP.ctrlW[27] has no source.
Warning #100003: Net IXC_GFIFO.HOLDTOP.ctrlW[28] has no source.
Warning #100003: Net IXC_GFIFO.HOLDTOP.ctrlW[29] has no source.
Warning #100003: Net IXC_GFIFO.HOLDTOP.ctrlW[30] has no source.
Warning #100003: Net IXC_GFIFO.HOLDTOP.ctrlW[31] has no source.
Warning #100003: Net IXC_GFIFO.HOLDTOP.ctrlW[32] has no source.
Warning #100003: Net IXC_GFIFO.HOLDTOP.ctrlW[33] has no source.
Warning #100003: Net IXC_GFIFO.HOLDTOP.ctrlW[34] has no source.
Warning #100003: Net IXC_GFIFO.HOLDTOP.ctrlW[35] has no source.
Warning #100003: Net IXC_GFIFO.HOLDTOP.ctrlW[36] has no source.
Warning #100003: Net IXC_GFIFO.HOLDTOP.ctrlW[37] has no source.
Warning #100003: Net IXC_GFIFO.HOLDTOP.ctrlW[38] has no source.
Warning #100003: Net IXC_GFIFO.HOLDTOP.ctrlW[39] has no source.
Warning #100003: Net IXC_GFIFO.HOLDTOP.ctrlW[40] has no source.
Warning #100003: Net IXC_GFIFO.HOLDTOP.ctrlW[41] has no source.
Warning #100003: Net IXC_GFIFO.HOLDTOP.ctrlW[42] has no source.
Warning #100003: Net IXC_GFIFO.HOLDTOP.ctrlW[43] has no source.
Warning #100003: Net IXC_GFIFO.HOLDTOP.ctrlW[44] has no source.
Warning #100003: Net IXC_GFIFO.HOLDTOP.ctrlW[45] has no source.
Warning #100003: Net IXC_GFIFO.HOLDTOP.ctrlW[46] has no source.
Warning #100003: Net IXC_GFIFO.HOLDTOP.ctrlW[47] has no source.
Warning #100003: Net IXC_GFIFO.HOLDTOP.ctrlW[48] has no source.
Warning #100003: Net IXC_GFIFO.HOLDTOP.ctrlW[49] has no source.
Warning #100003: Net IXC_GFIFO.HOLDTOP.ctrlW[4] has no source.
Warning #100003: Net IXC_GFIFO.HOLDTOP.ctrlW[50] has no source.
Warning #100003: Net IXC_GFIFO.HOLDTOP.ctrlW[51] has no source.
Warning #100003: Net IXC_GFIFO.HOLDTOP.ctrlW[52] has no source.
Warning #100003: Net IXC_GFIFO.HOLDTOP.ctrlW[53] has no source.
Warning #100003: Net IXC_GFIFO.HOLDTOP.ctrlW[54] has no source.
Warning #100003: Net IXC_GFIFO.HOLDTOP.ctrlW[55] has no source.
Warning #100003: Net IXC_GFIFO.HOLDTOP.ctrlW[56] has no source.
Warning #100003: Net IXC_GFIFO.HOLDTOP.ctrlW[57] has no source.
Warning #100003: Net IXC_GFIFO.HOLDTOP.ctrlW[58] has no source.
Warning #100003: Net IXC_GFIFO.HOLDTOP.ctrlW[59] has no source.
Warning #100003: Net IXC_GFIFO.HOLDTOP.ctrlW[5] has no source.
Warning #100003: Net IXC_GFIFO.HOLDTOP.ctrlW[60] has no source.
Warning #100003: Net IXC_GFIFO.HOLDTOP.ctrlW[61] has no source.
Warning #100003: Net IXC_GFIFO.HOLDTOP.ctrlW[62] has no source.
Warning #100003: Net IXC_GFIFO.HOLDTOP.ctrlW[63] has no source.
Warning #100003: Net IXC_GFIFO.HOLDTOP.ctrlW[6] has no source.
Warning #100003: Net IXC_GFIFO.HOLDTOP.ctrlW[7] has no source.
Info #100051: Inserted recirculating FF for sourceless keepnet IXC_GFIFO.I.I.numRsts[0]
Info #100051: Inserted recirculating FF for sourceless keepnet IXC_GFIFO.I.I.numRsts[10]
Info #100051: Inserted recirculating FF for sourceless keepnet IXC_GFIFO.I.I.numRsts[11]
Info #100051: Inserted recirculating FF for sourceless keepnet IXC_GFIFO.I.I.numRsts[12]
Info #100051: Inserted recirculating FF for sourceless keepnet IXC_GFIFO.I.I.numRsts[13]
Info #100051: Inserted recirculating FF for sourceless keepnet IXC_GFIFO.I.I.numRsts[14]
Info #100051: Inserted recirculating FF for sourceless keepnet IXC_GFIFO.I.I.numRsts[15]
Info #100051: Inserted recirculating FF for sourceless keepnet IXC_GFIFO.I.I.numRsts[16]
Info #100051: Inserted recirculating FF for sourceless keepnet IXC_GFIFO.I.I.numRsts[17]
Info #100051: Inserted recirculating FF for sourceless keepnet IXC_GFIFO.I.I.numRsts[18]
Info #100051: Inserted recirculating FF for sourceless keepnet IXC_GFIFO.I.I.numRsts[19]
Info #100051: Inserted recirculating FF for sourceless keepnet IXC_GFIFO.I.I.numRsts[1]
Info #100051: Inserted recirculating FF for sourceless keepnet IXC_GFIFO.I.I.numRsts[20]
Info #100051: Inserted recirculating FF for sourceless keepnet IXC_GFIFO.I.I.numRsts[21]
Info #100051: Inserted recirculating FF for sourceless keepnet IXC_GFIFO.I.I.numRsts[22]
Info #100051: Inserted recirculating FF for sourceless keepnet IXC_GFIFO.I.I.numRsts[23]
Info #100051: Inserted recirculating FF for sourceless keepnet IXC_GFIFO.I.I.numRsts[24]
Info #100051: Inserted recirculating FF for sourceless keepnet IXC_GFIFO.I.I.numRsts[25]
Info #100051: Inserted recirculating FF for sourceless keepnet IXC_GFIFO.I.I.numRsts[26]
Info #100051: Inserted recirculating FF for sourceless keepnet IXC_GFIFO.I.I.numRsts[27]
Info #100051: Inserted recirculating FF for sourceless keepnet IXC_GFIFO.I.I.numRsts[28]
Info #100051: Inserted recirculating FF for sourceless keepnet IXC_GFIFO.I.I.numRsts[29]
Info #100051: Inserted recirculating FF for sourceless keepnet IXC_GFIFO.I.I.numRsts[2]
Info #100051: Inserted recirculating FF for sourceless keepnet IXC_GFIFO.I.I.numRsts[30]
Info #100051: Inserted recirculating FF for sourceless keepnet IXC_GFIFO.I.I.numRsts[31]
Info #100051: Inserted recirculating FF for sourceless keepnet IXC_GFIFO.I.I.numRsts[3]
Info #100051: Inserted recirculating FF for sourceless keepnet IXC_GFIFO.I.I.numRsts[4]
Info #100051: Inserted recirculating FF for sourceless keepnet IXC_GFIFO.I.I.numRsts[5]
Info #100051: Inserted recirculating FF for sourceless keepnet IXC_GFIFO.I.I.numRsts[6]
Info #100051: Inserted recirculating FF for sourceless keepnet IXC_GFIFO.I.I.numRsts[7]
Info #100051: Inserted recirculating FF for sourceless keepnet IXC_GFIFO.I.I.numRsts[8]
Info #100051: Inserted recirculating FF for sourceless keepnet IXC_GFIFO.I.I.numRsts[9]
Warning #100003: Net IXC_GFIFO.ISF.markN has no source.
Warning #100003: Net IXC_GFIFO.ISF.nd has no source.
Warning #100003: Net IXC_GFIFO.ISF.pvecEv[0] has no source.
Warning #100003: Net IXC_GFIFO.ISF.pvecEv[1] has no source.
Warning #100003: Net _ixc_isc.assertUCF has no source.
Warning #100003: Net _ixc_isc.assertion_global_off_s has no source.
Info #100051: Inserted recirculating FF for sourceless keepnet _ixc_isc.assertion_global_off_s
Warning #100003: Net _ixc_isc.assertion_global_on_s has no source.
Info #100051: Inserted recirculating FF for sourceless keepnet _ixc_isc.assertion_global_on_s
Info #100051: tri-state net with 21 drivers: xc_top.stop2
Info #100051: tri-state net with 20 drivers: IXC_GFIFO.OSF1.osfTbc

DRC finished at Tue Mar 19 15:22:45 2024
